{
  message: '💻 Database connected successfully 💻',
  level: 'info',
  timestamp: '2025-08-08T17:49:00.817Z'
}
{
  message: '💻 Database connected successfully 💻',
  level: 'info',
  timestamp: '2025-08-08T17:49:10.695Z'
}
{
  message: '💻 Database connected successfully 💻',
  level: 'info',
  timestamp: '2025-08-08T17:49:53.302Z'
}
{
  message: '💻 Database connected successfully 💻',
  level: 'info',
  timestamp: '2025-08-08T17:51:41.141Z'
}
{
  message: '💻 Database connected successfully 💻',
  level: 'info',
  timestamp: '2025-08-08T17:53:22.787Z'
}
{
  message: '💻 Database connected successfully 💻',
  level: 'info',
  timestamp: '2025-08-08T17:57:51.515Z'
}
