{
  message: '💻 Database connected successfully 💻',
  level: 'info',
  timestamp: '2025-09-08T05:54:15.985Z'
}
{
  message: '💻 Database connected successfully 💻',
  level: 'info',
  timestamp: '2025-09-08T05:56:44.099Z'
}
{
  message: '💻 Database connected successfully 💻',
  level: 'info',
  timestamp: '2025-09-08T05:57:05.892Z'
}
{
  message: '💻 Database connected successfully 💻',
  level: 'info',
  timestamp: '2025-09-08T05:57:58.380Z'
}
{
  message: '💻 Database connected successfully 💻',
  level: 'info',
  timestamp: '2025-09-08T05:59:43.160Z'
}
