{
  message: '💻 Database connected successfully 💻',
  level: 'info',
  timestamp: '2025-01-28T21:51:19.395Z'
}
{
  message: '💻 Database connected successfully 💻',
  level: 'info',
  timestamp: '2025-01-28T21:53:09.459Z'
}
{
  message: '💻 Database connected successfully 💻',
  level: 'info',
  timestamp: '2025-01-28T21:53:28.504Z'
}
{
  message: '💻 Database connected successfully 💻',
  level: 'info',
  timestamp: '2025-01-28T21:53:38.809Z'
}
{
  message: '💻 Database connected successfully 💻',
  level: 'info',
  timestamp: '2025-01-28T21:53:56.305Z'
}
{
  message: '💻 Database connected successfully 💻',
  level: 'info',
  timestamp: '2025-01-28T21:59:02.285Z'
}
