{
  message: '💻 Database connected successfully 💻',
  level: 'info',
  timestamp: '2025-08-11T19:15:27.172Z'
}
{
  message: '💻 Database connected successfully 💻',
  level: 'info',
  timestamp: '2025-08-11T19:24:04.448Z'
}
{
  message: '💻 Database connected successfully 💻',
  level: 'info',
  timestamp: '2025-08-11T19:35:26.749Z'
}
{
  message: '💻 Database connected successfully 💻',
  level: 'info',
  timestamp: '2025-08-11T19:44:23.640Z'
}
{
  message: '💻 Database connected successfully 💻',
  level: 'info',
  timestamp: '2025-08-11T19:44:37.442Z'
}
