{
  message: '💻 Database connected successfully 💻',
  level: 'info',
  timestamp: '2025-09-08T22:00:25.080Z'
}
{
  message: '💻 Database connected successfully 💻',
  level: 'info',
  timestamp: '2025-09-08T22:01:41.247Z'
}
{
  message: '💻 Database connected successfully 💻',
  level: 'info',
  timestamp: '2025-09-08T22:02:31.902Z'
}
{
  message: '💻 Database connected successfully 💻',
  level: 'info',
  timestamp: '2025-09-08T22:02:39.570Z'
}
{
  message: '💻 Database connected successfully 💻',
  level: 'info',
  timestamp: '2025-09-08T22:06:57.666Z'
}
{
  message: '💻 Database connected successfully 💻',
  level: 'info',
  timestamp: '2025-09-08T22:09:18.332Z'
}
{
  message: '💻 Database connected successfully 💻',
  level: 'info',
  timestamp: '2025-09-08T22:15:17.355Z'
}
{
  message: '💻 Database connected successfully 💻',
  level: 'info',
  timestamp: '2025-09-08T22:16:14.538Z'
}
{
  message: '💻 Database connected successfully 💻',
  level: 'info',
  timestamp: '2025-09-08T22:16:31.113Z'
}
{
  message: '💻 Database connected successfully 💻',
  level: 'info',
  timestamp: '2025-09-08T22:16:35.102Z'
}
{
  message: '💻 Database connected successfully 💻',
  level: 'info',
  timestamp: '2025-09-08T22:17:08.838Z'
}
{
  message: '💻 Database connected successfully 💻',
  level: 'info',
  timestamp: '2025-09-08T22:17:15.985Z'
}
{
  message: '💻 Database connected successfully 💻',
  level: 'info',
  timestamp: '2025-09-08T22:17:55.359Z'
}
{
  message: '💻 Database connected successfully 💻',
  level: 'info',
  timestamp: '2025-09-08T22:18:18.002Z'
}
{
  message: '💻 Database connected successfully 💻',
  level: 'info',
  timestamp: '2025-09-08T22:18:38.499Z'
}
{
  message: '💻 Database connected successfully 💻',
  level: 'info',
  timestamp: '2025-09-08T22:18:48.010Z'
}
{
  message: '💻 Database connected successfully 💻',
  level: 'info',
  timestamp: '2025-09-08T22:18:54.661Z'
}
{
  message: '💻 Database connected successfully 💻',
  level: 'info',
  timestamp: '2025-09-08T22:19:25.865Z'
}
{
  message: '💻 Database connected successfully 💻',
  level: 'info',
  timestamp: '2025-09-08T22:19:32.586Z'
}
{
  message: '💻 Database connected successfully 💻',
  level: 'info',
  timestamp: '2025-09-08T22:19:46.468Z'
}
{
  message: '💻 Database connected successfully 💻',
  level: 'info',
  timestamp: '2025-09-08T22:21:24.265Z'
}
{
  message: '💻 Database connected successfully 💻',
  level: 'info',
  timestamp: '2025-09-08T22:55:10.693Z'
}
{
  message: '💻 Database connected successfully 💻',
  level: 'info',
  timestamp: '2025-09-08T22:55:34.673Z'
}
{
  message: '💻 Database connected successfully 💻',
  level: 'info',
  timestamp: '2025-09-08T22:56:28.368Z'
}
