{
  message: '💻 Database connected successfully 💻',
  level: 'info',
  timestamp: '2025-09-07T06:12:32.344Z'
}
{
  message: '💻 Database connected successfully 💻',
  level: 'info',
  timestamp: '2025-09-07T06:17:04.482Z'
}
{
  message: '💻 Database connected successfully 💻',
  level: 'info',
  timestamp: '2025-09-07T06:17:40.505Z'
}
{
  message: 'Retry attempt 1 started for operation ',
  level: 'info',
  timestamp: '2025-09-07T06:17:48.480Z'
}
{
  message: 'Retry attempt 1 started for operation ',
  level: 'info',
  timestamp: '2025-09-07T06:17:49.132Z'
}
{
  message: 'Retry attempt 1 started for operation ',
  level: 'info',
  timestamp: '2025-09-07T06:17:49.863Z'
}
{
  message: 'Retry attempt 1 started for operation ',
  level: 'info',
  timestamp: '2025-09-07T06:17:50.700Z'
}
{
  message: 'Retry attempt 1 started for operation ',
  level: 'info',
  timestamp: '2025-09-07T06:17:51.132Z'
}
{
  message: 'Retry attempt 1 started for operation ',
  level: 'info',
  timestamp: '2025-09-07T06:17:52.106Z'
}
{
  message: 'Retry attempt 1 started for operation ',
  level: 'info',
  timestamp: '2025-09-07T06:22:01.354Z'
}
{
  message: 'Retry attempt 1 started for operation ',
  level: 'info',
  timestamp: '2025-09-07T06:22:01.982Z'
}
{
  message: 'Retry attempt 1 started for operation ',
  level: 'info',
  timestamp: '2025-09-07T06:22:02.862Z'
}
{
  message: 'Retry attempt 1 started for operation ',
  level: 'info',
  timestamp: '2025-09-07T06:22:03.295Z'
}
{
  message: 'Retry attempt 1 started for operation ',
  level: 'info',
  timestamp: '2025-09-07T06:22:03.720Z'
}
{
  message: 'Retry attempt 1 started for operation ',
  level: 'info',
  timestamp: '2025-09-07T06:22:04.741Z'
}
{
  message: 'Retry attempt 1 started for operation ',
  level: 'info',
  timestamp: '2025-09-07T06:26:14.019Z'
}
{
  message: 'Retry attempt 1 started for operation ',
  level: 'info',
  timestamp: '2025-09-07T06:26:14.688Z'
}
{
  message: 'Retry attempt 1 started for operation ',
  level: 'info',
  timestamp: '2025-09-07T06:26:15.382Z'
}
{
  message: 'Retry attempt 1 started for operation ',
  level: 'info',
  timestamp: '2025-09-07T06:26:15.916Z'
}
{
  message: 'Retry attempt 1 started for operation ',
  level: 'info',
  timestamp: '2025-09-07T06:26:16.325Z'
}
{
  message: 'Retry attempt 1 started for operation ',
  level: 'info',
  timestamp: '2025-09-07T06:26:17.355Z'
}
{
  message: '💻 Database connected successfully 💻',
  level: 'info',
  timestamp: '2025-09-07T06:27:57.326Z'
}
{
  message: 'Retry attempt 1 started for operation ',
  level: 'info',
  timestamp: '2025-09-07T06:28:42.581Z'
}
{
  message: 'Retry attempt 1 started for operation ',
  level: 'info',
  timestamp: '2025-09-07T06:28:43.275Z'
}
{
  message: 'Retry attempt 1 started for operation ',
  level: 'info',
  timestamp: '2025-09-07T06:28:43.996Z'
}
{
  message: 'Retry attempt 1 started for operation ',
  level: 'info',
  timestamp: '2025-09-07T06:28:44.494Z'
}
{
  message: 'Retry attempt 1 started for operation ',
  level: 'info',
  timestamp: '2025-09-07T06:28:44.912Z'
}
{
  message: 'Retry attempt 1 started for operation ',
  level: 'info',
  timestamp: '2025-09-07T06:28:45.930Z'
}
{
  message: '💻 Database connected successfully 💻',
  level: 'info',
  timestamp: '2025-09-07T06:44:20.465Z'
}
{
  message: '💻 Database connected successfully 💻',
  level: 'info',
  timestamp: '2025-09-07T06:46:07.832Z'
}
{
  message: '💻 Database connected successfully 💻',
  level: 'info',
  timestamp: '2025-09-07T06:46:47.169Z'
}
{
  message: '💻 Database connected successfully 💻',
  level: 'info',
  timestamp: '2025-09-07T06:47:37.898Z'
}
{
  message: '💻 Database connected successfully 💻',
  level: 'info',
  timestamp: '2025-09-07T06:50:23.010Z'
}
{
  message: '💻 Database connected successfully 💻',
  level: 'info',
  timestamp: '2025-09-07T06:51:07.785Z'
}
{
  message: '💻 Database connected successfully 💻',
  level: 'info',
  timestamp: '2025-09-07T06:53:57.971Z'
}
{
  message: '💻 Database connected successfully 💻',
  level: 'info',
  timestamp: '2025-09-07T06:56:48.116Z'
}
{
  message: '💻 Database connected successfully 💻',
  level: 'info',
  timestamp: '2025-09-07T06:58:05.269Z'
}
