{
  message: '💻 Database connected successfully 💻',
  level: 'info',
  timestamp: '2025-08-13T05:00:49.385Z'
}
{
  message: '💻 Database connected successfully 💻',
  level: 'info',
  timestamp: '2025-08-13T05:09:07.196Z'
}
{
  message: '💻 Database connected successfully 💻',
  level: 'info',
  timestamp: '2025-08-13T05:11:48.577Z'
}
{
  message: '💻 Database connected successfully 💻',
  level: 'info',
  timestamp: '2025-08-13T05:12:55.241Z'
}
{
  message: '💻 Database connected successfully 💻',
  level: 'info',
  timestamp: '2025-08-13T05:13:50.203Z'
}
{
  message: '💻 Database connected successfully 💻',
  level: 'info',
  timestamp: '2025-08-13T05:13:57.437Z'
}
{
  message: '💻 Database connected successfully 💻',
  level: 'info',
  timestamp: '2025-08-13T05:14:41.926Z'
}
{
  message: '💻 Database connected successfully 💻',
  level: 'info',
  timestamp: '2025-08-13T05:16:00.834Z'
}
{
  message: '💻 Database connected successfully 💻',
  level: 'info',
  timestamp: '2025-08-13T05:16:46.774Z'
}
{
  message: '💻 Database connected successfully 💻',
  level: 'info',
  timestamp: '2025-08-13T05:16:54.570Z'
}
{
  message: '💻 Database connected successfully 💻',
  level: 'info',
  timestamp: '2025-08-13T05:17:24.914Z'
}
{
  message: '💻 Database connected successfully 💻',
  level: 'info',
  timestamp: '2025-08-13T05:17:55.200Z'
}
{
  message: 'Retry attempt 1 started',
  level: 'info',
  timestamp: '2025-08-13T05:20:25.377Z'
}
{
  message: 'Canceled subscription sub_1RvX6o2NDTqGR9XI2H3pZCWT',
  level: 'info',
  timestamp: '2025-08-13T05:20:26.083Z'
}
{
  message: 'Retry attempt 1 started',
  level: 'info',
  timestamp: '2025-08-13T05:20:26.090Z'
}
{
  message: 'Deleted customer cus_SrFbwMaye6rSRQ',
  level: 'info',
  timestamp: '2025-08-13T05:20:26.697Z'
}
{
  message: 'Retry attempt 1 started',
  level: 'info',
  timestamp: '2025-08-13T05:49:43.515Z'
}
{
  message: 'Canceled subscription sub_1RvXZA2NDTqGR9XIbRyjYtIg',
  level: 'info',
  timestamp: '2025-08-13T05:49:44.299Z'
}
{
  message: 'Retry attempt 1 started',
  level: 'info',
  timestamp: '2025-08-13T05:49:44.299Z'
}
{
  message: 'Deleted customer cus_SrG5HaylI33bGI',
  level: 'info',
  timestamp: '2025-08-13T05:49:44.811Z'
}
