{
  message: 'Retry attempt 1 started',
  level: 'info',
  timestamp: '2025-08-12T09:54:00.347Z'
}
{
  type: 'StripeInvalidRequestError',
  raw: {
    message: 'The payment method you provided is not attached to a customer so detachment is impossible.',
    request_log_url: 'https://dashboard.stripe.com/test/logs/req_dM4NXfJMnnQuBL?t=1754992440',
    type: 'invalid_request_error',
    headers: {
      server: 'nginx',
      date: 'Tue, 12 Aug 2025 09:54:01 GMT',
      'content-type': 'application/json',
      'content-length': '263',
      connection: 'keep-alive',
      'access-control-allow-credentials': 'true',
      'access-control-allow-methods': 'GET, HEAD, PUT, PATCH, POST, DELETE',
      'access-control-allow-origin': '*',
      'access-control-expose-headers': 'Request-Id, Stripe-Manage-Version, Stripe-Should-Retry, X-Stripe-External-Auth-Required, X-Stripe-Privileged-Session-Required',
      'access-control-max-age': '300',
      'cache-control': 'no-cache, no-store',
      'content-security-policy': "base-uri 'none'; default-src 'none'; form-action 'none'; frame-ancestors 'none'; img-src 'self'; script-src 'self' 'report-sample'; style-src 'self'; worker-src 'none'; upgrade-insecure-requests; report-uri https://q.stripe.com/csp-violation?q=cRdjJnc-0FFTDF6t1A4Kc1dYWUJKHHy7RMzlrJ10FeyjMmurkKrY8tTXHBQbQIvD5PrYgDwjg6BlTV7l",
      'idempotency-key': 'stripe-node-retry-f7bfc988-8f8b-4298-98cb-8f858e40a355',
      'original-request': 'req_dM4NXfJMnnQuBL',
      'request-id': 'req_dM4NXfJMnnQuBL',
      'stripe-version': '2025-06-30.basil',
      vary: 'Origin',
      'x-stripe-priority-routing-enabled': 'true',
      'x-stripe-routing-context-priority-tier': 'api-testmode',
      'x-wc': 'ABGHIJ',
      'strict-transport-security': 'max-age=63072000; includeSubDomains; preload'
    },
    statusCode: 400,
    requestId: 'req_dM4NXfJMnnQuBL'
  },
  rawType: 'invalid_request_error',
  code: undefined,
  doc_url: undefined,
  param: undefined,
  detail: undefined,
  headers: {
    server: 'nginx',
    date: 'Tue, 12 Aug 2025 09:54:01 GMT',
    'content-type': 'application/json',
    'content-length': '263',
    connection: 'keep-alive',
    'access-control-allow-credentials': 'true',
    'access-control-allow-methods': 'GET, HEAD, PUT, PATCH, POST, DELETE',
    'access-control-allow-origin': '*',
    'access-control-expose-headers': 'Request-Id, Stripe-Manage-Version, Stripe-Should-Retry, X-Stripe-External-Auth-Required, X-Stripe-Privileged-Session-Required',
    'access-control-max-age': '300',
    'cache-control': 'no-cache, no-store',
    'content-security-policy': "base-uri 'none'; default-src 'none'; form-action 'none'; frame-ancestors 'none'; img-src 'self'; script-src 'self' 'report-sample'; style-src 'self'; worker-src 'none'; upgrade-insecure-requests; report-uri https://q.stripe.com/csp-violation?q=cRdjJnc-0FFTDF6t1A4Kc1dYWUJKHHy7RMzlrJ10FeyjMmurkKrY8tTXHBQbQIvD5PrYgDwjg6BlTV7l",
    'idempotency-key': 'stripe-node-retry-f7bfc988-8f8b-4298-98cb-8f858e40a355',
    'original-request': 'req_dM4NXfJMnnQuBL',
    'request-id': 'req_dM4NXfJMnnQuBL',
    'stripe-version': '2025-06-30.basil',
    vary: 'Origin',
    'x-stripe-priority-routing-enabled': 'true',
    'x-stripe-routing-context-priority-tier': 'api-testmode',
    'x-wc': 'ABGHIJ',
    'strict-transport-security': 'max-age=63072000; includeSubDomains; preload'
  },
  requestId: 'req_dM4NXfJMnnQuBL',
  statusCode: 400,
  userMessage: undefined,
  charge: undefined,
  decline_code: undefined,
  payment_intent: undefined,
  payment_method: undefined,
  payment_method_type: undefined,
  setup_intent: undefined,
  source: undefined,
  level: 'error',
  message: 'Non-retryable error on attempt 1 The payment method you provided is not attached to a customer so detachment is impossible.',
  stack: 'Error: The payment method you provided is not attached to a customer so detachment is impossible.\n' +
    '    at generateV1Error (/home/imran/choiceidentity/choiceidentity-backend/node_modules/.pnpm/stripe@18.3.0_@types+node@24.1.0/node_modules/stripe/cjs/Error.js:11:20)\n' +
    '    at res.toJSON.then.Error_js_1.StripeAPIError.message (/home/imran/choiceidentity/choiceidentity-backend/node_modules/.pnpm/stripe@18.3.0_@types+node@24.1.0/node_modules/stripe/cjs/RequestSender.js:108:62)\n' +
    '    at processTicksAndRejections (node:internal/process/task_queues:105:5)',
  timestamp: '2025-08-12T09:54:00.976Z'
}
{
  type: 'StripeInvalidRequestError',
  raw: {
    message: 'The payment method you provided is not attached to a customer so detachment is impossible.',
    request_log_url: 'https://dashboard.stripe.com/test/logs/req_dM4NXfJMnnQuBL?t=1754992440',
    type: 'invalid_request_error',
    headers: {
      server: 'nginx',
      date: 'Tue, 12 Aug 2025 09:54:01 GMT',
      'content-type': 'application/json',
      'content-length': '263',
      connection: 'keep-alive',
      'access-control-allow-credentials': 'true',
      'access-control-allow-methods': 'GET, HEAD, PUT, PATCH, POST, DELETE',
      'access-control-allow-origin': '*',
      'access-control-expose-headers': 'Request-Id, Stripe-Manage-Version, Stripe-Should-Retry, X-Stripe-External-Auth-Required, X-Stripe-Privileged-Session-Required',
      'access-control-max-age': '300',
      'cache-control': 'no-cache, no-store',
      'content-security-policy': "base-uri 'none'; default-src 'none'; form-action 'none'; frame-ancestors 'none'; img-src 'self'; script-src 'self' 'report-sample'; style-src 'self'; worker-src 'none'; upgrade-insecure-requests; report-uri https://q.stripe.com/csp-violation?q=cRdjJnc-0FFTDF6t1A4Kc1dYWUJKHHy7RMzlrJ10FeyjMmurkKrY8tTXHBQbQIvD5PrYgDwjg6BlTV7l",
      'idempotency-key': 'stripe-node-retry-f7bfc988-8f8b-4298-98cb-8f858e40a355',
      'original-request': 'req_dM4NXfJMnnQuBL',
      'request-id': 'req_dM4NXfJMnnQuBL',
      'stripe-version': '2025-06-30.basil',
      vary: 'Origin',
      'x-stripe-priority-routing-enabled': 'true',
      'x-stripe-routing-context-priority-tier': 'api-testmode',
      'x-wc': 'ABGHIJ',
      'strict-transport-security': 'max-age=63072000; includeSubDomains; preload'
    },
    statusCode: 400,
    requestId: 'req_dM4NXfJMnnQuBL'
  },
  rawType: 'invalid_request_error',
  code: undefined,
  doc_url: undefined,
  param: undefined,
  detail: undefined,
  headers: {
    server: 'nginx',
    date: 'Tue, 12 Aug 2025 09:54:01 GMT',
    'content-type': 'application/json',
    'content-length': '263',
    connection: 'keep-alive',
    'access-control-allow-credentials': 'true',
    'access-control-allow-methods': 'GET, HEAD, PUT, PATCH, POST, DELETE',
    'access-control-allow-origin': '*',
    'access-control-expose-headers': 'Request-Id, Stripe-Manage-Version, Stripe-Should-Retry, X-Stripe-External-Auth-Required, X-Stripe-Privileged-Session-Required',
    'access-control-max-age': '300',
    'cache-control': 'no-cache, no-store',
    'content-security-policy': "base-uri 'none'; default-src 'none'; form-action 'none'; frame-ancestors 'none'; img-src 'self'; script-src 'self' 'report-sample'; style-src 'self'; worker-src 'none'; upgrade-insecure-requests; report-uri https://q.stripe.com/csp-violation?q=cRdjJnc-0FFTDF6t1A4Kc1dYWUJKHHy7RMzlrJ10FeyjMmurkKrY8tTXHBQbQIvD5PrYgDwjg6BlTV7l",
    'idempotency-key': 'stripe-node-retry-f7bfc988-8f8b-4298-98cb-8f858e40a355',
    'original-request': 'req_dM4NXfJMnnQuBL',
    'request-id': 'req_dM4NXfJMnnQuBL',
    'stripe-version': '2025-06-30.basil',
    vary: 'Origin',
    'x-stripe-priority-routing-enabled': 'true',
    'x-stripe-routing-context-priority-tier': 'api-testmode',
    'x-wc': 'ABGHIJ',
    'strict-transport-security': 'max-age=63072000; includeSubDomains; preload'
  },
  requestId: 'req_dM4NXfJMnnQuBL',
  statusCode: 400,
  userMessage: undefined,
  charge: undefined,
  decline_code: undefined,
  payment_intent: undefined,
  payment_method: undefined,
  payment_method_type: undefined,
  setup_intent: undefined,
  source: undefined,
  level: 'error',
  message: 'Cleanup failed after retries The payment method you provided is not attached to a customer so detachment is impossible.',
  stack: 'Error: The payment method you provided is not attached to a customer so detachment is impossible.\n' +
    '    at generateV1Error (/home/imran/choiceidentity/choiceidentity-backend/node_modules/.pnpm/stripe@18.3.0_@types+node@24.1.0/node_modules/stripe/cjs/Error.js:11:20)\n' +
    '    at res.toJSON.then.Error_js_1.StripeAPIError.message (/home/imran/choiceidentity/choiceidentity-backend/node_modules/.pnpm/stripe@18.3.0_@types+node@24.1.0/node_modules/stripe/cjs/RequestSender.js:108:62)\n' +
    '    at processTicksAndRejections (node:internal/process/task_queues:105:5)',
  timestamp: '2025-08-12T09:54:00.986Z'
}
{
  message: '💻 Database connected successfully 💻',
  level: 'info',
  timestamp: '2025-08-12T09:54:37.072Z'
}
{
  message: 'Retry attempt 1 started',
  level: 'info',
  timestamp: '2025-08-12T09:54:40.329Z'
}
{
  type: 'StripeInvalidRequestError',
  raw: {
    message: 'The payment method you provided is not attached to a customer so detachment is impossible.',
    request_log_url: 'https://dashboard.stripe.com/test/logs/req_E7yplljxckpqOI?t=1754992480',
    type: 'invalid_request_error',
    headers: {
      server: 'nginx',
      date: 'Tue, 12 Aug 2025 09:54:41 GMT',
      'content-type': 'application/json',
      'content-length': '263',
      connection: 'keep-alive',
      'access-control-allow-credentials': 'true',
      'access-control-allow-methods': 'GET, HEAD, PUT, PATCH, POST, DELETE',
      'access-control-allow-origin': '*',
      'access-control-expose-headers': 'Request-Id, Stripe-Manage-Version, Stripe-Should-Retry, X-Stripe-External-Auth-Required, X-Stripe-Privileged-Session-Required',
      'access-control-max-age': '300',
      'cache-control': 'no-cache, no-store',
      'content-security-policy': "base-uri 'none'; default-src 'none'; form-action 'none'; frame-ancestors 'none'; img-src 'self'; script-src 'self' 'report-sample'; style-src 'self'; worker-src 'none'; upgrade-insecure-requests; report-uri https://q.stripe.com/csp-violation?q=X9uu5qHVohx0SMM7KSLQjsMa_ILOxunxl27rZLQuPCzRkK6BEjnahuptjvqgZ3bgCh7gnXRK6KZPlHco",
      'idempotency-key': 'stripe-node-retry-a666a517-ad2f-4c0c-9194-f472931d2ad3',
      'original-request': 'req_E7yplljxckpqOI',
      'request-id': 'req_E7yplljxckpqOI',
      'stripe-version': '2025-06-30.basil',
      vary: 'Origin',
      'x-stripe-priority-routing-enabled': 'true',
      'x-stripe-routing-context-priority-tier': 'api-testmode',
      'x-wc': 'ABGHIJ',
      'strict-transport-security': 'max-age=63072000; includeSubDomains; preload'
    },
    statusCode: 400,
    requestId: 'req_E7yplljxckpqOI'
  },
  rawType: 'invalid_request_error',
  code: undefined,
  doc_url: undefined,
  param: undefined,
  detail: undefined,
  headers: {
    server: 'nginx',
    date: 'Tue, 12 Aug 2025 09:54:41 GMT',
    'content-type': 'application/json',
    'content-length': '263',
    connection: 'keep-alive',
    'access-control-allow-credentials': 'true',
    'access-control-allow-methods': 'GET, HEAD, PUT, PATCH, POST, DELETE',
    'access-control-allow-origin': '*',
    'access-control-expose-headers': 'Request-Id, Stripe-Manage-Version, Stripe-Should-Retry, X-Stripe-External-Auth-Required, X-Stripe-Privileged-Session-Required',
    'access-control-max-age': '300',
    'cache-control': 'no-cache, no-store',
    'content-security-policy': "base-uri 'none'; default-src 'none'; form-action 'none'; frame-ancestors 'none'; img-src 'self'; script-src 'self' 'report-sample'; style-src 'self'; worker-src 'none'; upgrade-insecure-requests; report-uri https://q.stripe.com/csp-violation?q=X9uu5qHVohx0SMM7KSLQjsMa_ILOxunxl27rZLQuPCzRkK6BEjnahuptjvqgZ3bgCh7gnXRK6KZPlHco",
    'idempotency-key': 'stripe-node-retry-a666a517-ad2f-4c0c-9194-f472931d2ad3',
    'original-request': 'req_E7yplljxckpqOI',
    'request-id': 'req_E7yplljxckpqOI',
    'stripe-version': '2025-06-30.basil',
    vary: 'Origin',
    'x-stripe-priority-routing-enabled': 'true',
    'x-stripe-routing-context-priority-tier': 'api-testmode',
    'x-wc': 'ABGHIJ',
    'strict-transport-security': 'max-age=63072000; includeSubDomains; preload'
  },
  requestId: 'req_E7yplljxckpqOI',
  statusCode: 400,
  userMessage: undefined,
  charge: undefined,
  decline_code: undefined,
  payment_intent: undefined,
  payment_method: undefined,
  payment_method_type: undefined,
  setup_intent: undefined,
  source: undefined,
  level: 'error',
  message: 'Non-retryable error on attempt 1 The payment method you provided is not attached to a customer so detachment is impossible.',
  stack: 'Error: The payment method you provided is not attached to a customer so detachment is impossible.\n' +
    '    at generateV1Error (/home/imran/choiceidentity/choiceidentity-backend/node_modules/.pnpm/stripe@18.3.0_@types+node@24.1.0/node_modules/stripe/cjs/Error.js:11:20)\n' +
    '    at res.toJSON.then.Error_js_1.StripeAPIError.message (/home/imran/choiceidentity/choiceidentity-backend/node_modules/.pnpm/stripe@18.3.0_@types+node@24.1.0/node_modules/stripe/cjs/RequestSender.js:108:62)\n' +
    '    at processTicksAndRejections (node:internal/process/task_queues:105:5)',
  timestamp: '2025-08-12T09:54:41.009Z'
}
{
  type: 'StripeInvalidRequestError',
  raw: {
    message: 'The payment method you provided is not attached to a customer so detachment is impossible.',
    request_log_url: 'https://dashboard.stripe.com/test/logs/req_E7yplljxckpqOI?t=1754992480',
    type: 'invalid_request_error',
    headers: {
      server: 'nginx',
      date: 'Tue, 12 Aug 2025 09:54:41 GMT',
      'content-type': 'application/json',
      'content-length': '263',
      connection: 'keep-alive',
      'access-control-allow-credentials': 'true',
      'access-control-allow-methods': 'GET, HEAD, PUT, PATCH, POST, DELETE',
      'access-control-allow-origin': '*',
      'access-control-expose-headers': 'Request-Id, Stripe-Manage-Version, Stripe-Should-Retry, X-Stripe-External-Auth-Required, X-Stripe-Privileged-Session-Required',
      'access-control-max-age': '300',
      'cache-control': 'no-cache, no-store',
      'content-security-policy': "base-uri 'none'; default-src 'none'; form-action 'none'; frame-ancestors 'none'; img-src 'self'; script-src 'self' 'report-sample'; style-src 'self'; worker-src 'none'; upgrade-insecure-requests; report-uri https://q.stripe.com/csp-violation?q=X9uu5qHVohx0SMM7KSLQjsMa_ILOxunxl27rZLQuPCzRkK6BEjnahuptjvqgZ3bgCh7gnXRK6KZPlHco",
      'idempotency-key': 'stripe-node-retry-a666a517-ad2f-4c0c-9194-f472931d2ad3',
      'original-request': 'req_E7yplljxckpqOI',
      'request-id': 'req_E7yplljxckpqOI',
      'stripe-version': '2025-06-30.basil',
      vary: 'Origin',
      'x-stripe-priority-routing-enabled': 'true',
      'x-stripe-routing-context-priority-tier': 'api-testmode',
      'x-wc': 'ABGHIJ',
      'strict-transport-security': 'max-age=63072000; includeSubDomains; preload'
    },
    statusCode: 400,
    requestId: 'req_E7yplljxckpqOI'
  },
  rawType: 'invalid_request_error',
  code: undefined,
  doc_url: undefined,
  param: undefined,
  detail: undefined,
  headers: {
    server: 'nginx',
    date: 'Tue, 12 Aug 2025 09:54:41 GMT',
    'content-type': 'application/json',
    'content-length': '263',
    connection: 'keep-alive',
    'access-control-allow-credentials': 'true',
    'access-control-allow-methods': 'GET, HEAD, PUT, PATCH, POST, DELETE',
    'access-control-allow-origin': '*',
    'access-control-expose-headers': 'Request-Id, Stripe-Manage-Version, Stripe-Should-Retry, X-Stripe-External-Auth-Required, X-Stripe-Privileged-Session-Required',
    'access-control-max-age': '300',
    'cache-control': 'no-cache, no-store',
    'content-security-policy': "base-uri 'none'; default-src 'none'; form-action 'none'; frame-ancestors 'none'; img-src 'self'; script-src 'self' 'report-sample'; style-src 'self'; worker-src 'none'; upgrade-insecure-requests; report-uri https://q.stripe.com/csp-violation?q=X9uu5qHVohx0SMM7KSLQjsMa_ILOxunxl27rZLQuPCzRkK6BEjnahuptjvqgZ3bgCh7gnXRK6KZPlHco",
    'idempotency-key': 'stripe-node-retry-a666a517-ad2f-4c0c-9194-f472931d2ad3',
    'original-request': 'req_E7yplljxckpqOI',
    'request-id': 'req_E7yplljxckpqOI',
    'stripe-version': '2025-06-30.basil',
    vary: 'Origin',
    'x-stripe-priority-routing-enabled': 'true',
    'x-stripe-routing-context-priority-tier': 'api-testmode',
    'x-wc': 'ABGHIJ',
    'strict-transport-security': 'max-age=63072000; includeSubDomains; preload'
  },
  requestId: 'req_E7yplljxckpqOI',
  statusCode: 400,
  userMessage: undefined,
  charge: undefined,
  decline_code: undefined,
  payment_intent: undefined,
  payment_method: undefined,
  payment_method_type: undefined,
  setup_intent: undefined,
  source: undefined,
  level: 'error',
  message: 'Cleanup failed after retries The payment method you provided is not attached to a customer so detachment is impossible.',
  stack: 'Error: The payment method you provided is not attached to a customer so detachment is impossible.\n' +
    '    at generateV1Error (/home/imran/choiceidentity/choiceidentity-backend/node_modules/.pnpm/stripe@18.3.0_@types+node@24.1.0/node_modules/stripe/cjs/Error.js:11:20)\n' +
    '    at res.toJSON.then.Error_js_1.StripeAPIError.message (/home/imran/choiceidentity/choiceidentity-backend/node_modules/.pnpm/stripe@18.3.0_@types+node@24.1.0/node_modules/stripe/cjs/RequestSender.js:108:62)\n' +
    '    at processTicksAndRejections (node:internal/process/task_queues:105:5)',
  timestamp: '2025-08-12T09:54:41.012Z'
}
