{
  message: '💻 Database connected successfully 💻',
  level: 'info',
  timestamp: '2025-01-28T07:19:53.464Z'
}
{
  message: '💻 Database connected successfully 💻',
  level: 'info',
  timestamp: '2025-01-28T07:19:58.757Z'
}
{
  message: '💻 Database connected successfully 💻',
  level: 'info',
  timestamp: '2025-01-28T07:20:04.266Z'
}
{
  message: '💻 Database connected successfully 💻',
  level: 'info',
  timestamp: '2025-01-28T07:20:36.370Z'
}
{
  message: '💻 Database connected successfully 💻',
  level: 'info',
  timestamp: '2025-01-28T07:20:54.353Z'
}
{
  message: '💻 Database connected successfully 💻',
  level: 'info',
  timestamp: '2025-01-28T07:21:14.371Z'
}
{
  message: '💻 Database connected successfully 💻',
  level: 'info',
  timestamp: '2025-01-28T07:21:28.073Z'
}
{
  message: '💻 Database connected successfully 💻',
  level: 'info',
  timestamp: '2025-01-28T07:35:56.923Z'
}
{
  message: '💻 Database connected successfully 💻',
  level: 'info',
  timestamp: '2025-01-28T07:36:07.690Z'
}
{
  message: '💻 Database connected successfully 💻',
  level: 'info',
  timestamp: '2025-01-28T07:39:09.584Z'
}
{
  message: '💻 Database connected successfully 💻',
  level: 'info',
  timestamp: '2025-01-28T07:41:14.444Z'
}
{
  message: '💻 Database connected successfully 💻',
  level: 'info',
  timestamp: '2025-01-28T07:42:30.240Z'
}
{
  message: '💻 Database connected successfully 💻',
  level: 'info',
  timestamp: '2025-01-28T07:42:36.795Z'
}
{
  message: '💻 Database connected successfully 💻',
  level: 'info',
  timestamp: '2025-01-28T07:42:49.540Z'
}
{
  message: '💻 Database connected successfully 💻',
  level: 'info',
  timestamp: '2025-01-28T07:45:27.512Z'
}
{
  message: '💻 Database connected successfully 💻',
  level: 'info',
  timestamp: '2025-01-28T07:45:58.490Z'
}
{
  message: '💻 Database connected successfully 💻',
  level: 'info',
  timestamp: '2025-01-28T07:47:21.325Z'
}
{
  message: '💻 Database connected successfully 💻',
  level: 'info',
  timestamp: '2025-01-28T07:53:04.190Z'
}
{
  message: '💻 Database connected successfully 💻',
  level: 'info',
  timestamp: '2025-01-28T07:53:13.760Z'
}
{
  message: '💻 Database connected successfully 💻',
  level: 'info',
  timestamp: '2025-01-28T07:53:33.140Z'
}
{
  message: '💻 Database connected successfully 💻',
  level: 'info',
  timestamp: '2025-01-28T07:54:50.621Z'
}
