{
  message: '💻 Database connected successfully 💻',
  level: 'info',
  timestamp: '2025-08-12T15:19:16.521Z'
}
{
  message: 'Retry attempt 1 started',
  level: 'info',
  timestamp: '2025-08-12T15:19:24.395Z'
}
{
  type: 'StripeInvalidRequestError',
  raw: {
    message: 'The payment method you provided is not attached to a customer so detachment is impossible.',
    request_log_url: 'https://dashboard.stripe.com/test/logs/req_c6OimjYmjtqGTv?t=1755011964',
    type: 'invalid_request_error',
    headers: {
      server: 'nginx',
      date: 'Tue, 12 Aug 2025 15:19:25 GMT',
      'content-type': 'application/json',
      'content-length': '263',
      connection: 'keep-alive',
      'access-control-allow-credentials': 'true',
      'access-control-allow-methods': 'GET, HEAD, PUT, PATCH, POST, DELETE',
      'access-control-allow-origin': '*',
      'access-control-expose-headers': 'Request-Id, Stripe-Manage-Version, Stripe-Should-Retry, X-Stripe-External-Auth-Required, X-Stripe-Privileged-Session-Required',
      'access-control-max-age': '300',
      'cache-control': 'no-cache, no-store',
      'content-security-policy': "base-uri 'none'; default-src 'none'; form-action 'none'; frame-ancestors 'none'; img-src 'self'; script-src 'self' 'report-sample'; style-src 'self'; worker-src 'none'; upgrade-insecure-requests; report-uri https://q.stripe.com/csp-violation?q=eSFgDMwr5JFb8u75Did9i2qV8JVvUUc-f1CuTuwi92u_2VnsFhiqYiMRE9yVyH6_hSjRkfAgchwD4j20",
      'idempotency-key': 'stripe-node-retry-df5b7efa-c19b-4ae1-abee-4105e9e00fcc',
      'original-request': 'req_c6OimjYmjtqGTv',
      'request-id': 'req_c6OimjYmjtqGTv',
      'stripe-version': '2025-06-30.basil',
      vary: 'Origin',
      'x-stripe-priority-routing-enabled': 'true',
      'x-stripe-routing-context-priority-tier': 'api-testmode',
      'x-wc': 'ABGHIJ',
      'strict-transport-security': 'max-age=63072000; includeSubDomains; preload'
    },
    statusCode: 400,
    requestId: 'req_c6OimjYmjtqGTv'
  },
  rawType: 'invalid_request_error',
  code: undefined,
  doc_url: undefined,
  param: undefined,
  detail: undefined,
  headers: {
    server: 'nginx',
    date: 'Tue, 12 Aug 2025 15:19:25 GMT',
    'content-type': 'application/json',
    'content-length': '263',
    connection: 'keep-alive',
    'access-control-allow-credentials': 'true',
    'access-control-allow-methods': 'GET, HEAD, PUT, PATCH, POST, DELETE',
    'access-control-allow-origin': '*',
    'access-control-expose-headers': 'Request-Id, Stripe-Manage-Version, Stripe-Should-Retry, X-Stripe-External-Auth-Required, X-Stripe-Privileged-Session-Required',
    'access-control-max-age': '300',
    'cache-control': 'no-cache, no-store',
    'content-security-policy': "base-uri 'none'; default-src 'none'; form-action 'none'; frame-ancestors 'none'; img-src 'self'; script-src 'self' 'report-sample'; style-src 'self'; worker-src 'none'; upgrade-insecure-requests; report-uri https://q.stripe.com/csp-violation?q=eSFgDMwr5JFb8u75Did9i2qV8JVvUUc-f1CuTuwi92u_2VnsFhiqYiMRE9yVyH6_hSjRkfAgchwD4j20",
    'idempotency-key': 'stripe-node-retry-df5b7efa-c19b-4ae1-abee-4105e9e00fcc',
    'original-request': 'req_c6OimjYmjtqGTv',
    'request-id': 'req_c6OimjYmjtqGTv',
    'stripe-version': '2025-06-30.basil',
    vary: 'Origin',
    'x-stripe-priority-routing-enabled': 'true',
    'x-stripe-routing-context-priority-tier': 'api-testmode',
    'x-wc': 'ABGHIJ',
    'strict-transport-security': 'max-age=63072000; includeSubDomains; preload'
  },
  requestId: 'req_c6OimjYmjtqGTv',
  statusCode: 400,
  userMessage: undefined,
  charge: undefined,
  decline_code: undefined,
  payment_intent: undefined,
  payment_method: undefined,
  payment_method_type: undefined,
  setup_intent: undefined,
  source: undefined,
  level: 'error',
  message: 'Non-retryable error on attempt 1 The payment method you provided is not attached to a customer so detachment is impossible.',
  stack: 'Error: The payment method you provided is not attached to a customer so detachment is impossible.\n' +
    '    at generateV1Error (/home/imran/choiceidentity/choiceidentity-backend/node_modules/.pnpm/stripe@18.3.0_@types+node@24.1.0/node_modules/stripe/cjs/Error.js:11:20)\n' +
    '    at res.toJSON.then.Error_js_1.StripeAPIError.message (/home/imran/choiceidentity/choiceidentity-backend/node_modules/.pnpm/stripe@18.3.0_@types+node@24.1.0/node_modules/stripe/cjs/RequestSender.js:108:62)\n' +
    '    at processTicksAndRejections (node:internal/process/task_queues:105:5)',
  timestamp: '2025-08-12T15:19:25.201Z'
}
{
  type: 'StripeInvalidRequestError',
  raw: {
    message: 'The payment method you provided is not attached to a customer so detachment is impossible.',
    request_log_url: 'https://dashboard.stripe.com/test/logs/req_c6OimjYmjtqGTv?t=1755011964',
    type: 'invalid_request_error',
    headers: {
      server: 'nginx',
      date: 'Tue, 12 Aug 2025 15:19:25 GMT',
      'content-type': 'application/json',
      'content-length': '263',
      connection: 'keep-alive',
      'access-control-allow-credentials': 'true',
      'access-control-allow-methods': 'GET, HEAD, PUT, PATCH, POST, DELETE',
      'access-control-allow-origin': '*',
      'access-control-expose-headers': 'Request-Id, Stripe-Manage-Version, Stripe-Should-Retry, X-Stripe-External-Auth-Required, X-Stripe-Privileged-Session-Required',
      'access-control-max-age': '300',
      'cache-control': 'no-cache, no-store',
      'content-security-policy': "base-uri 'none'; default-src 'none'; form-action 'none'; frame-ancestors 'none'; img-src 'self'; script-src 'self' 'report-sample'; style-src 'self'; worker-src 'none'; upgrade-insecure-requests; report-uri https://q.stripe.com/csp-violation?q=eSFgDMwr5JFb8u75Did9i2qV8JVvUUc-f1CuTuwi92u_2VnsFhiqYiMRE9yVyH6_hSjRkfAgchwD4j20",
      'idempotency-key': 'stripe-node-retry-df5b7efa-c19b-4ae1-abee-4105e9e00fcc',
      'original-request': 'req_c6OimjYmjtqGTv',
      'request-id': 'req_c6OimjYmjtqGTv',
      'stripe-version': '2025-06-30.basil',
      vary: 'Origin',
      'x-stripe-priority-routing-enabled': 'true',
      'x-stripe-routing-context-priority-tier': 'api-testmode',
      'x-wc': 'ABGHIJ',
      'strict-transport-security': 'max-age=63072000; includeSubDomains; preload'
    },
    statusCode: 400,
    requestId: 'req_c6OimjYmjtqGTv'
  },
  rawType: 'invalid_request_error',
  code: undefined,
  doc_url: undefined,
  param: undefined,
  detail: undefined,
  headers: {
    server: 'nginx',
    date: 'Tue, 12 Aug 2025 15:19:25 GMT',
    'content-type': 'application/json',
    'content-length': '263',
    connection: 'keep-alive',
    'access-control-allow-credentials': 'true',
    'access-control-allow-methods': 'GET, HEAD, PUT, PATCH, POST, DELETE',
    'access-control-allow-origin': '*',
    'access-control-expose-headers': 'Request-Id, Stripe-Manage-Version, Stripe-Should-Retry, X-Stripe-External-Auth-Required, X-Stripe-Privileged-Session-Required',
    'access-control-max-age': '300',
    'cache-control': 'no-cache, no-store',
    'content-security-policy': "base-uri 'none'; default-src 'none'; form-action 'none'; frame-ancestors 'none'; img-src 'self'; script-src 'self' 'report-sample'; style-src 'self'; worker-src 'none'; upgrade-insecure-requests; report-uri https://q.stripe.com/csp-violation?q=eSFgDMwr5JFb8u75Did9i2qV8JVvUUc-f1CuTuwi92u_2VnsFhiqYiMRE9yVyH6_hSjRkfAgchwD4j20",
    'idempotency-key': 'stripe-node-retry-df5b7efa-c19b-4ae1-abee-4105e9e00fcc',
    'original-request': 'req_c6OimjYmjtqGTv',
    'request-id': 'req_c6OimjYmjtqGTv',
    'stripe-version': '2025-06-30.basil',
    vary: 'Origin',
    'x-stripe-priority-routing-enabled': 'true',
    'x-stripe-routing-context-priority-tier': 'api-testmode',
    'x-wc': 'ABGHIJ',
    'strict-transport-security': 'max-age=63072000; includeSubDomains; preload'
  },
  requestId: 'req_c6OimjYmjtqGTv',
  statusCode: 400,
  userMessage: undefined,
  charge: undefined,
  decline_code: undefined,
  payment_intent: undefined,
  payment_method: undefined,
  payment_method_type: undefined,
  setup_intent: undefined,
  source: undefined,
  level: 'error',
  message: 'Cleanup failed after retries The payment method you provided is not attached to a customer so detachment is impossible.',
  stack: 'Error: The payment method you provided is not attached to a customer so detachment is impossible.\n' +
    '    at generateV1Error (/home/imran/choiceidentity/choiceidentity-backend/node_modules/.pnpm/stripe@18.3.0_@types+node@24.1.0/node_modules/stripe/cjs/Error.js:11:20)\n' +
    '    at res.toJSON.then.Error_js_1.StripeAPIError.message (/home/imran/choiceidentity/choiceidentity-backend/node_modules/.pnpm/stripe@18.3.0_@types+node@24.1.0/node_modules/stripe/cjs/RequestSender.js:108:62)\n' +
    '    at processTicksAndRejections (node:internal/process/task_queues:105:5)',
  timestamp: '2025-08-12T15:19:25.204Z'
}
{
  index: 0,
  code: 11000,
  keyPattern: { key: 1 },
  keyValue: { key: 'fa02bdba-599b-46b2-9594-6ed2f75c66f2' },
  level: 'error',
  message: 'Failed to store idempotency key: E11000 duplicate key error collection: choice-identity.idempotencykeys index: key_1 dup key: { key: "fa02bdba-599b-46b2-9594-6ed2f75c66f2" }',
  stack: 'MongoServerError: E11000 duplicate key error collection: choice-identity.idempotencykeys index: key_1 dup key: { key: "fa02bdba-599b-46b2-9594-6ed2f75c66f2" }\n' +
    '    at /home/imran/choiceidentity/choiceidentity-backend/node_modules/.pnpm/mongodb@5.9.2/node_modules/mongodb/src/operations/insert.ts:85:25\n' +
    '    at /home/imran/choiceidentity/choiceidentity-backend/node_modules/.pnpm/mongodb@5.9.2/node_modules/mongodb/src/operations/command.ts:173:14\n' +
    '    at processTicksAndRejections (node:internal/process/task_queues:105:5)',
  timestamp: '2025-08-12T15:19:25.340Z',
  [Symbol(errorLabels)]: Set(0) {}
}
{
  message: '💻 Database connected successfully 💻',
  level: 'info',
  timestamp: '2025-08-12T15:20:02.890Z'
}
{
  message: 'Retry attempt 1 started',
  level: 'info',
  timestamp: '2025-08-12T15:20:07.491Z'
}
{
  type: 'StripeInvalidRequestError',
  raw: {
    message: 'The payment method you provided is not attached to a customer so detachment is impossible.',
    request_log_url: 'https://dashboard.stripe.com/test/logs/req_gh4Fq06gtpTPbM?t=1755012007',
    type: 'invalid_request_error',
    headers: {
      server: 'nginx',
      date: 'Tue, 12 Aug 2025 15:20:08 GMT',
      'content-type': 'application/json',
      'content-length': '263',
      connection: 'keep-alive',
      'access-control-allow-credentials': 'true',
      'access-control-allow-methods': 'GET, HEAD, PUT, PATCH, POST, DELETE',
      'access-control-allow-origin': '*',
      'access-control-expose-headers': 'Request-Id, Stripe-Manage-Version, Stripe-Should-Retry, X-Stripe-External-Auth-Required, X-Stripe-Privileged-Session-Required',
      'access-control-max-age': '300',
      'cache-control': 'no-cache, no-store',
      'content-security-policy': "base-uri 'none'; default-src 'none'; form-action 'none'; frame-ancestors 'none'; img-src 'self'; script-src 'self' 'report-sample'; style-src 'self'; worker-src 'none'; upgrade-insecure-requests; report-uri https://q.stripe.com/csp-violation?q=0ss-FwQ6QiJuEBh5eJ8mCMH7GXiXF_nmtwrOArOkWYNdllGuLWc5t2a4zeHBvXj4LHFJoLVjCn8lW9Ng",
      'idempotency-key': 'stripe-node-retry-6402493a-3ab6-4909-b524-a71185af21c6',
      'original-request': 'req_gh4Fq06gtpTPbM',
      'request-id': 'req_gh4Fq06gtpTPbM',
      'stripe-version': '2025-06-30.basil',
      vary: 'Origin',
      'x-stripe-priority-routing-enabled': 'true',
      'x-stripe-routing-context-priority-tier': 'api-testmode',
      'x-wc': 'ABGHIJ',
      'strict-transport-security': 'max-age=63072000; includeSubDomains; preload'
    },
    statusCode: 400,
    requestId: 'req_gh4Fq06gtpTPbM'
  },
  rawType: 'invalid_request_error',
  code: undefined,
  doc_url: undefined,
  param: undefined,
  detail: undefined,
  headers: {
    server: 'nginx',
    date: 'Tue, 12 Aug 2025 15:20:08 GMT',
    'content-type': 'application/json',
    'content-length': '263',
    connection: 'keep-alive',
    'access-control-allow-credentials': 'true',
    'access-control-allow-methods': 'GET, HEAD, PUT, PATCH, POST, DELETE',
    'access-control-allow-origin': '*',
    'access-control-expose-headers': 'Request-Id, Stripe-Manage-Version, Stripe-Should-Retry, X-Stripe-External-Auth-Required, X-Stripe-Privileged-Session-Required',
    'access-control-max-age': '300',
    'cache-control': 'no-cache, no-store',
    'content-security-policy': "base-uri 'none'; default-src 'none'; form-action 'none'; frame-ancestors 'none'; img-src 'self'; script-src 'self' 'report-sample'; style-src 'self'; worker-src 'none'; upgrade-insecure-requests; report-uri https://q.stripe.com/csp-violation?q=0ss-FwQ6QiJuEBh5eJ8mCMH7GXiXF_nmtwrOArOkWYNdllGuLWc5t2a4zeHBvXj4LHFJoLVjCn8lW9Ng",
    'idempotency-key': 'stripe-node-retry-6402493a-3ab6-4909-b524-a71185af21c6',
    'original-request': 'req_gh4Fq06gtpTPbM',
    'request-id': 'req_gh4Fq06gtpTPbM',
    'stripe-version': '2025-06-30.basil',
    vary: 'Origin',
    'x-stripe-priority-routing-enabled': 'true',
    'x-stripe-routing-context-priority-tier': 'api-testmode',
    'x-wc': 'ABGHIJ',
    'strict-transport-security': 'max-age=63072000; includeSubDomains; preload'
  },
  requestId: 'req_gh4Fq06gtpTPbM',
  statusCode: 400,
  userMessage: undefined,
  charge: undefined,
  decline_code: undefined,
  payment_intent: undefined,
  payment_method: undefined,
  payment_method_type: undefined,
  setup_intent: undefined,
  source: undefined,
  level: 'error',
  message: 'Non-retryable error on attempt 1 The payment method you provided is not attached to a customer so detachment is impossible.',
  stack: 'Error: The payment method you provided is not attached to a customer so detachment is impossible.\n' +
    '    at generateV1Error (/home/imran/choiceidentity/choiceidentity-backend/node_modules/.pnpm/stripe@18.3.0_@types+node@24.1.0/node_modules/stripe/cjs/Error.js:11:20)\n' +
    '    at res.toJSON.then.Error_js_1.StripeAPIError.message (/home/imran/choiceidentity/choiceidentity-backend/node_modules/.pnpm/stripe@18.3.0_@types+node@24.1.0/node_modules/stripe/cjs/RequestSender.js:108:62)\n' +
    '    at processTicksAndRejections (node:internal/process/task_queues:105:5)',
  timestamp: '2025-08-12T15:20:08.170Z'
}
{
  type: 'StripeInvalidRequestError',
  raw: {
    message: 'The payment method you provided is not attached to a customer so detachment is impossible.',
    request_log_url: 'https://dashboard.stripe.com/test/logs/req_gh4Fq06gtpTPbM?t=1755012007',
    type: 'invalid_request_error',
    headers: {
      server: 'nginx',
      date: 'Tue, 12 Aug 2025 15:20:08 GMT',
      'content-type': 'application/json',
      'content-length': '263',
      connection: 'keep-alive',
      'access-control-allow-credentials': 'true',
      'access-control-allow-methods': 'GET, HEAD, PUT, PATCH, POST, DELETE',
      'access-control-allow-origin': '*',
      'access-control-expose-headers': 'Request-Id, Stripe-Manage-Version, Stripe-Should-Retry, X-Stripe-External-Auth-Required, X-Stripe-Privileged-Session-Required',
      'access-control-max-age': '300',
      'cache-control': 'no-cache, no-store',
      'content-security-policy': "base-uri 'none'; default-src 'none'; form-action 'none'; frame-ancestors 'none'; img-src 'self'; script-src 'self' 'report-sample'; style-src 'self'; worker-src 'none'; upgrade-insecure-requests; report-uri https://q.stripe.com/csp-violation?q=0ss-FwQ6QiJuEBh5eJ8mCMH7GXiXF_nmtwrOArOkWYNdllGuLWc5t2a4zeHBvXj4LHFJoLVjCn8lW9Ng",
      'idempotency-key': 'stripe-node-retry-6402493a-3ab6-4909-b524-a71185af21c6',
      'original-request': 'req_gh4Fq06gtpTPbM',
      'request-id': 'req_gh4Fq06gtpTPbM',
      'stripe-version': '2025-06-30.basil',
      vary: 'Origin',
      'x-stripe-priority-routing-enabled': 'true',
      'x-stripe-routing-context-priority-tier': 'api-testmode',
      'x-wc': 'ABGHIJ',
      'strict-transport-security': 'max-age=63072000; includeSubDomains; preload'
    },
    statusCode: 400,
    requestId: 'req_gh4Fq06gtpTPbM'
  },
  rawType: 'invalid_request_error',
  code: undefined,
  doc_url: undefined,
  param: undefined,
  detail: undefined,
  headers: {
    server: 'nginx',
    date: 'Tue, 12 Aug 2025 15:20:08 GMT',
    'content-type': 'application/json',
    'content-length': '263',
    connection: 'keep-alive',
    'access-control-allow-credentials': 'true',
    'access-control-allow-methods': 'GET, HEAD, PUT, PATCH, POST, DELETE',
    'access-control-allow-origin': '*',
    'access-control-expose-headers': 'Request-Id, Stripe-Manage-Version, Stripe-Should-Retry, X-Stripe-External-Auth-Required, X-Stripe-Privileged-Session-Required',
    'access-control-max-age': '300',
    'cache-control': 'no-cache, no-store',
    'content-security-policy': "base-uri 'none'; default-src 'none'; form-action 'none'; frame-ancestors 'none'; img-src 'self'; script-src 'self' 'report-sample'; style-src 'self'; worker-src 'none'; upgrade-insecure-requests; report-uri https://q.stripe.com/csp-violation?q=0ss-FwQ6QiJuEBh5eJ8mCMH7GXiXF_nmtwrOArOkWYNdllGuLWc5t2a4zeHBvXj4LHFJoLVjCn8lW9Ng",
    'idempotency-key': 'stripe-node-retry-6402493a-3ab6-4909-b524-a71185af21c6',
    'original-request': 'req_gh4Fq06gtpTPbM',
    'request-id': 'req_gh4Fq06gtpTPbM',
    'stripe-version': '2025-06-30.basil',
    vary: 'Origin',
    'x-stripe-priority-routing-enabled': 'true',
    'x-stripe-routing-context-priority-tier': 'api-testmode',
    'x-wc': 'ABGHIJ',
    'strict-transport-security': 'max-age=63072000; includeSubDomains; preload'
  },
  requestId: 'req_gh4Fq06gtpTPbM',
  statusCode: 400,
  userMessage: undefined,
  charge: undefined,
  decline_code: undefined,
  payment_intent: undefined,
  payment_method: undefined,
  payment_method_type: undefined,
  setup_intent: undefined,
  source: undefined,
  level: 'error',
  message: 'Cleanup failed after retries The payment method you provided is not attached to a customer so detachment is impossible.',
  stack: 'Error: The payment method you provided is not attached to a customer so detachment is impossible.\n' +
    '    at generateV1Error (/home/imran/choiceidentity/choiceidentity-backend/node_modules/.pnpm/stripe@18.3.0_@types+node@24.1.0/node_modules/stripe/cjs/Error.js:11:20)\n' +
    '    at res.toJSON.then.Error_js_1.StripeAPIError.message (/home/imran/choiceidentity/choiceidentity-backend/node_modules/.pnpm/stripe@18.3.0_@types+node@24.1.0/node_modules/stripe/cjs/RequestSender.js:108:62)\n' +
    '    at processTicksAndRejections (node:internal/process/task_queues:105:5)',
  timestamp: '2025-08-12T15:20:08.174Z'
}
{
  message: '💻 Database connected successfully 💻',
  level: 'info',
  timestamp: '2025-08-12T15:21:01.262Z'
}
{
  message: 'Retry attempt 1 started',
  level: 'info',
  timestamp: '2025-08-12T15:21:11.771Z'
}
{
  level: 'error',
  message: 'Non-retryable error on attempt 1 Operation timed out after 5000 ms',
  stack: 'Error: Operation timed out after 5000 ms\n' +
    '    at Timeout._onTimeout (/home/imran/choiceidentity/choiceidentity-backend/src/app/modules/stripe/stripe.utils.ts:218:45)\n' +
    '    at listOnTimeout (node:internal/timers:594:17)\n' +
    '    at processTimers (node:internal/timers:529:7)',
  timestamp: '2025-08-12T15:21:16.858Z'
}
{
  level: 'error',
  message: 'Cleanup failed after retries Operation timed out after 5000 ms',
  stack: 'Error: Operation timed out after 5000 ms\n' +
    '    at Timeout._onTimeout (/home/imran/choiceidentity/choiceidentity-backend/src/app/modules/stripe/stripe.utils.ts:218:45)\n' +
    '    at listOnTimeout (node:internal/timers:594:17)\n' +
    '    at processTimers (node:internal/timers:529:7)',
  timestamp: '2025-08-12T15:21:16.862Z'
}
{
  message: '💻 Database connected successfully 💻',
  level: 'info',
  timestamp: '2025-08-12T15:21:29.877Z'
}
{
  message: '💻 Database connected successfully 💻',
  level: 'info',
  timestamp: '2025-08-12T15:21:35.972Z'
}
{
  message: '💻 Database connected successfully 💻',
  level: 'info',
  timestamp: '2025-08-12T15:21:38.940Z'
}
{
  message: '💻 Database connected successfully 💻',
  level: 'info',
  timestamp: '2025-08-12T15:21:57.060Z'
}
{
  message: 'Retry attempt 1 started',
  level: 'info',
  timestamp: '2025-08-12T15:22:03.988Z'
}
{
  level: 'error',
  message: 'Non-retryable error on attempt 1 Operation timed out after 5000 ms',
  stack: 'Error: Operation timed out after 5000 ms\n' +
    '    at Timeout._onTimeout (/home/imran/choiceidentity/choiceidentity-backend/src/app/modules/stripe/stripe.utils.ts:218:45)\n' +
    '    at listOnTimeout (node:internal/timers:594:17)\n' +
    '    at processTimers (node:internal/timers:529:7)',
  timestamp: '2025-08-12T15:22:09.077Z'
}
{
  level: 'error',
  message: 'Cleanup failed after retries Operation timed out after 5000 ms',
  stack: 'Error: Operation timed out after 5000 ms\n' +
    '    at Timeout._onTimeout (/home/imran/choiceidentity/choiceidentity-backend/src/app/modules/stripe/stripe.utils.ts:218:45)\n' +
    '    at listOnTimeout (node:internal/timers:594:17)\n' +
    '    at processTimers (node:internal/timers:529:7)',
  timestamp: '2025-08-12T15:22:09.083Z'
}
{
  message: '💻 Database connected successfully 💻',
  level: 'info',
  timestamp: '2025-08-12T15:22:34.355Z'
}
{
  message: '💻 Database connected successfully 💻',
  level: 'info',
  timestamp: '2025-08-12T15:22:39.983Z'
}
{
  message: 'Retry attempt 1 started',
  level: 'info',
  timestamp: '2025-08-12T15:22:57.213Z'
}
{
  type: 'StripeInvalidRequestError',
  raw: {
    message: 'The payment method you provided is not attached to a customer so detachment is impossible.',
    request_log_url: 'https://dashboard.stripe.com/test/logs/req_0wiFNfdVXFTchV?t=1755012177',
    type: 'invalid_request_error',
    headers: {
      server: 'nginx',
      date: 'Tue, 12 Aug 2025 15:22:57 GMT',
      'content-type': 'application/json',
      'content-length': '263',
      connection: 'keep-alive',
      'access-control-allow-credentials': 'true',
      'access-control-allow-methods': 'GET, HEAD, PUT, PATCH, POST, DELETE',
      'access-control-allow-origin': '*',
      'access-control-expose-headers': 'Request-Id, Stripe-Manage-Version, Stripe-Should-Retry, X-Stripe-External-Auth-Required, X-Stripe-Privileged-Session-Required',
      'access-control-max-age': '300',
      'cache-control': 'no-cache, no-store',
      'content-security-policy': "base-uri 'none'; default-src 'none'; form-action 'none'; frame-ancestors 'none'; img-src 'self'; script-src 'self' 'report-sample'; style-src 'self'; worker-src 'none'; upgrade-insecure-requests; report-uri https://q.stripe.com/csp-violation?q=NsuQoy9WjQmbq1BX6rzkyafNKlNOWqqMm8SVCOg79LC4ppZSeyokPO76Xw0RczGfUH6D-E-U0eczm_sk",
      'idempotency-key': 'stripe-node-retry-f0720704-3404-45d1-8b0e-ef33288964cc',
      'original-request': 'req_0wiFNfdVXFTchV',
      'request-id': 'req_0wiFNfdVXFTchV',
      'stripe-version': '2025-06-30.basil',
      vary: 'Origin',
      'x-stripe-priority-routing-enabled': 'true',
      'x-stripe-routing-context-priority-tier': 'api-testmode',
      'x-wc': 'ABGHIJ',
      'strict-transport-security': 'max-age=63072000; includeSubDomains; preload'
    },
    statusCode: 400,
    requestId: 'req_0wiFNfdVXFTchV'
  },
  rawType: 'invalid_request_error',
  code: undefined,
  doc_url: undefined,
  param: undefined,
  detail: undefined,
  headers: {
    server: 'nginx',
    date: 'Tue, 12 Aug 2025 15:22:57 GMT',
    'content-type': 'application/json',
    'content-length': '263',
    connection: 'keep-alive',
    'access-control-allow-credentials': 'true',
    'access-control-allow-methods': 'GET, HEAD, PUT, PATCH, POST, DELETE',
    'access-control-allow-origin': '*',
    'access-control-expose-headers': 'Request-Id, Stripe-Manage-Version, Stripe-Should-Retry, X-Stripe-External-Auth-Required, X-Stripe-Privileged-Session-Required',
    'access-control-max-age': '300',
    'cache-control': 'no-cache, no-store',
    'content-security-policy': "base-uri 'none'; default-src 'none'; form-action 'none'; frame-ancestors 'none'; img-src 'self'; script-src 'self' 'report-sample'; style-src 'self'; worker-src 'none'; upgrade-insecure-requests; report-uri https://q.stripe.com/csp-violation?q=NsuQoy9WjQmbq1BX6rzkyafNKlNOWqqMm8SVCOg79LC4ppZSeyokPO76Xw0RczGfUH6D-E-U0eczm_sk",
    'idempotency-key': 'stripe-node-retry-f0720704-3404-45d1-8b0e-ef33288964cc',
    'original-request': 'req_0wiFNfdVXFTchV',
    'request-id': 'req_0wiFNfdVXFTchV',
    'stripe-version': '2025-06-30.basil',
    vary: 'Origin',
    'x-stripe-priority-routing-enabled': 'true',
    'x-stripe-routing-context-priority-tier': 'api-testmode',
    'x-wc': 'ABGHIJ',
    'strict-transport-security': 'max-age=63072000; includeSubDomains; preload'
  },
  requestId: 'req_0wiFNfdVXFTchV',
  statusCode: 400,
  userMessage: undefined,
  charge: undefined,
  decline_code: undefined,
  payment_intent: undefined,
  payment_method: undefined,
  payment_method_type: undefined,
  setup_intent: undefined,
  source: undefined,
  level: 'error',
  message: 'Non-retryable error on attempt 1 The payment method you provided is not attached to a customer so detachment is impossible.',
  stack: 'Error: The payment method you provided is not attached to a customer so detachment is impossible.\n' +
    '    at generateV1Error (/home/imran/choiceidentity/choiceidentity-backend/node_modules/.pnpm/stripe@18.3.0_@types+node@24.1.0/node_modules/stripe/cjs/Error.js:11:20)\n' +
    '    at res.toJSON.then.Error_js_1.StripeAPIError.message (/home/imran/choiceidentity/choiceidentity-backend/node_modules/.pnpm/stripe@18.3.0_@types+node@24.1.0/node_modules/stripe/cjs/RequestSender.js:108:62)\n' +
    '    at processTicksAndRejections (node:internal/process/task_queues:105:5)',
  timestamp: '2025-08-12T15:22:57.926Z'
}
{
  type: 'StripeInvalidRequestError',
  raw: {
    message: 'The payment method you provided is not attached to a customer so detachment is impossible.',
    request_log_url: 'https://dashboard.stripe.com/test/logs/req_0wiFNfdVXFTchV?t=1755012177',
    type: 'invalid_request_error',
    headers: {
      server: 'nginx',
      date: 'Tue, 12 Aug 2025 15:22:57 GMT',
      'content-type': 'application/json',
      'content-length': '263',
      connection: 'keep-alive',
      'access-control-allow-credentials': 'true',
      'access-control-allow-methods': 'GET, HEAD, PUT, PATCH, POST, DELETE',
      'access-control-allow-origin': '*',
      'access-control-expose-headers': 'Request-Id, Stripe-Manage-Version, Stripe-Should-Retry, X-Stripe-External-Auth-Required, X-Stripe-Privileged-Session-Required',
      'access-control-max-age': '300',
      'cache-control': 'no-cache, no-store',
      'content-security-policy': "base-uri 'none'; default-src 'none'; form-action 'none'; frame-ancestors 'none'; img-src 'self'; script-src 'self' 'report-sample'; style-src 'self'; worker-src 'none'; upgrade-insecure-requests; report-uri https://q.stripe.com/csp-violation?q=NsuQoy9WjQmbq1BX6rzkyafNKlNOWqqMm8SVCOg79LC4ppZSeyokPO76Xw0RczGfUH6D-E-U0eczm_sk",
      'idempotency-key': 'stripe-node-retry-f0720704-3404-45d1-8b0e-ef33288964cc',
      'original-request': 'req_0wiFNfdVXFTchV',
      'request-id': 'req_0wiFNfdVXFTchV',
      'stripe-version': '2025-06-30.basil',
      vary: 'Origin',
      'x-stripe-priority-routing-enabled': 'true',
      'x-stripe-routing-context-priority-tier': 'api-testmode',
      'x-wc': 'ABGHIJ',
      'strict-transport-security': 'max-age=63072000; includeSubDomains; preload'
    },
    statusCode: 400,
    requestId: 'req_0wiFNfdVXFTchV'
  },
  rawType: 'invalid_request_error',
  code: undefined,
  doc_url: undefined,
  param: undefined,
  detail: undefined,
  headers: {
    server: 'nginx',
    date: 'Tue, 12 Aug 2025 15:22:57 GMT',
    'content-type': 'application/json',
    'content-length': '263',
    connection: 'keep-alive',
    'access-control-allow-credentials': 'true',
    'access-control-allow-methods': 'GET, HEAD, PUT, PATCH, POST, DELETE',
    'access-control-allow-origin': '*',
    'access-control-expose-headers': 'Request-Id, Stripe-Manage-Version, Stripe-Should-Retry, X-Stripe-External-Auth-Required, X-Stripe-Privileged-Session-Required',
    'access-control-max-age': '300',
    'cache-control': 'no-cache, no-store',
    'content-security-policy': "base-uri 'none'; default-src 'none'; form-action 'none'; frame-ancestors 'none'; img-src 'self'; script-src 'self' 'report-sample'; style-src 'self'; worker-src 'none'; upgrade-insecure-requests; report-uri https://q.stripe.com/csp-violation?q=NsuQoy9WjQmbq1BX6rzkyafNKlNOWqqMm8SVCOg79LC4ppZSeyokPO76Xw0RczGfUH6D-E-U0eczm_sk",
    'idempotency-key': 'stripe-node-retry-f0720704-3404-45d1-8b0e-ef33288964cc',
    'original-request': 'req_0wiFNfdVXFTchV',
    'request-id': 'req_0wiFNfdVXFTchV',
    'stripe-version': '2025-06-30.basil',
    vary: 'Origin',
    'x-stripe-priority-routing-enabled': 'true',
    'x-stripe-routing-context-priority-tier': 'api-testmode',
    'x-wc': 'ABGHIJ',
    'strict-transport-security': 'max-age=63072000; includeSubDomains; preload'
  },
  requestId: 'req_0wiFNfdVXFTchV',
  statusCode: 400,
  userMessage: undefined,
  charge: undefined,
  decline_code: undefined,
  payment_intent: undefined,
  payment_method: undefined,
  payment_method_type: undefined,
  setup_intent: undefined,
  source: undefined,
  level: 'error',
  message: 'Cleanup failed after retries The payment method you provided is not attached to a customer so detachment is impossible.',
  stack: 'Error: The payment method you provided is not attached to a customer so detachment is impossible.\n' +
    '    at generateV1Error (/home/imran/choiceidentity/choiceidentity-backend/node_modules/.pnpm/stripe@18.3.0_@types+node@24.1.0/node_modules/stripe/cjs/Error.js:11:20)\n' +
    '    at res.toJSON.then.Error_js_1.StripeAPIError.message (/home/imran/choiceidentity/choiceidentity-backend/node_modules/.pnpm/stripe@18.3.0_@types+node@24.1.0/node_modules/stripe/cjs/RequestSender.js:108:62)\n' +
    '    at processTicksAndRejections (node:internal/process/task_queues:105:5)',
  timestamp: '2025-08-12T15:22:57.930Z'
}
{
  message: '💻 Database connected successfully 💻',
  level: 'info',
  timestamp: '2025-08-12T15:23:29.001Z'
}
{
  message: '💻 Database connected successfully 💻',
  level: 'info',
  timestamp: '2025-08-12T15:23:46.803Z'
}
{
  message: 'Retry attempt 1 started',
  level: 'info',
  timestamp: '2025-08-12T15:23:49.499Z'
}
{
  type: 'StripeInvalidRequestError',
  raw: {
    message: 'The payment method you provided is not attached to a customer so detachment is impossible.',
    request_log_url: 'https://dashboard.stripe.com/test/logs/req_VmBC6B88zMxbMa?t=1755012234',
    type: 'invalid_request_error',
    headers: {
      server: 'nginx',
      date: 'Tue, 12 Aug 2025 15:23:54 GMT',
      'content-type': 'application/json',
      'content-length': '263',
      connection: 'keep-alive',
      'access-control-allow-credentials': 'true',
      'access-control-allow-methods': 'GET, HEAD, PUT, PATCH, POST, DELETE',
      'access-control-allow-origin': '*',
      'access-control-expose-headers': 'Request-Id, Stripe-Manage-Version, Stripe-Should-Retry, X-Stripe-External-Auth-Required, X-Stripe-Privileged-Session-Required',
      'access-control-max-age': '300',
      'cache-control': 'no-cache, no-store',
      'content-security-policy': "base-uri 'none'; default-src 'none'; form-action 'none'; frame-ancestors 'none'; img-src 'self'; script-src 'self' 'report-sample'; style-src 'self'; worker-src 'none'; upgrade-insecure-requests; report-uri https://q.stripe.com/csp-violation?q=d0-l1bfB-yQY_ua-byTaXX3gLjJ8mmwQMT37j1hBi5LRWWqNTJI9rrxcvdKVlntqrboaZewjZs6Qm8rc",
      'idempotency-key': 'stripe-node-retry-1d0ec742-d1b5-46c4-9fbb-db1be05a8c99',
      'original-request': 'req_VmBC6B88zMxbMa',
      'request-id': 'req_VmBC6B88zMxbMa',
      'stripe-version': '2025-06-30.basil',
      vary: 'Origin',
      'x-stripe-priority-routing-enabled': 'true',
      'x-stripe-routing-context-priority-tier': 'api-testmode',
      'x-wc': 'ABGHIJ',
      'strict-transport-security': 'max-age=63072000; includeSubDomains; preload'
    },
    statusCode: 400,
    requestId: 'req_VmBC6B88zMxbMa'
  },
  rawType: 'invalid_request_error',
  code: undefined,
  doc_url: undefined,
  param: undefined,
  detail: undefined,
  headers: {
    server: 'nginx',
    date: 'Tue, 12 Aug 2025 15:23:54 GMT',
    'content-type': 'application/json',
    'content-length': '263',
    connection: 'keep-alive',
    'access-control-allow-credentials': 'true',
    'access-control-allow-methods': 'GET, HEAD, PUT, PATCH, POST, DELETE',
    'access-control-allow-origin': '*',
    'access-control-expose-headers': 'Request-Id, Stripe-Manage-Version, Stripe-Should-Retry, X-Stripe-External-Auth-Required, X-Stripe-Privileged-Session-Required',
    'access-control-max-age': '300',
    'cache-control': 'no-cache, no-store',
    'content-security-policy': "base-uri 'none'; default-src 'none'; form-action 'none'; frame-ancestors 'none'; img-src 'self'; script-src 'self' 'report-sample'; style-src 'self'; worker-src 'none'; upgrade-insecure-requests; report-uri https://q.stripe.com/csp-violation?q=d0-l1bfB-yQY_ua-byTaXX3gLjJ8mmwQMT37j1hBi5LRWWqNTJI9rrxcvdKVlntqrboaZewjZs6Qm8rc",
    'idempotency-key': 'stripe-node-retry-1d0ec742-d1b5-46c4-9fbb-db1be05a8c99',
    'original-request': 'req_VmBC6B88zMxbMa',
    'request-id': 'req_VmBC6B88zMxbMa',
    'stripe-version': '2025-06-30.basil',
    vary: 'Origin',
    'x-stripe-priority-routing-enabled': 'true',
    'x-stripe-routing-context-priority-tier': 'api-testmode',
    'x-wc': 'ABGHIJ',
    'strict-transport-security': 'max-age=63072000; includeSubDomains; preload'
  },
  requestId: 'req_VmBC6B88zMxbMa',
  statusCode: 400,
  userMessage: undefined,
  charge: undefined,
  decline_code: undefined,
  payment_intent: undefined,
  payment_method: undefined,
  payment_method_type: undefined,
  setup_intent: undefined,
  source: undefined,
  level: 'error',
  message: 'Non-retryable error on attempt 1 The payment method you provided is not attached to a customer so detachment is impossible.',
  stack: 'Error: The payment method you provided is not attached to a customer so detachment is impossible.\n' +
    '    at generateV1Error (/home/imran/choiceidentity/choiceidentity-backend/node_modules/.pnpm/stripe@18.3.0_@types+node@24.1.0/node_modules/stripe/cjs/Error.js:11:20)\n' +
    '    at res.toJSON.then.Error_js_1.StripeAPIError.message (/home/imran/choiceidentity/choiceidentity-backend/node_modules/.pnpm/stripe@18.3.0_@types+node@24.1.0/node_modules/stripe/cjs/RequestSender.js:108:62)\n' +
    '    at processTicksAndRejections (node:internal/process/task_queues:105:5)',
  timestamp: '2025-08-12T15:23:54.255Z'
}
{
  type: 'StripeInvalidRequestError',
  raw: {
    message: 'The payment method you provided is not attached to a customer so detachment is impossible.',
    request_log_url: 'https://dashboard.stripe.com/test/logs/req_VmBC6B88zMxbMa?t=1755012234',
    type: 'invalid_request_error',
    headers: {
      server: 'nginx',
      date: 'Tue, 12 Aug 2025 15:23:54 GMT',
      'content-type': 'application/json',
      'content-length': '263',
      connection: 'keep-alive',
      'access-control-allow-credentials': 'true',
      'access-control-allow-methods': 'GET, HEAD, PUT, PATCH, POST, DELETE',
      'access-control-allow-origin': '*',
      'access-control-expose-headers': 'Request-Id, Stripe-Manage-Version, Stripe-Should-Retry, X-Stripe-External-Auth-Required, X-Stripe-Privileged-Session-Required',
      'access-control-max-age': '300',
      'cache-control': 'no-cache, no-store',
      'content-security-policy': "base-uri 'none'; default-src 'none'; form-action 'none'; frame-ancestors 'none'; img-src 'self'; script-src 'self' 'report-sample'; style-src 'self'; worker-src 'none'; upgrade-insecure-requests; report-uri https://q.stripe.com/csp-violation?q=d0-l1bfB-yQY_ua-byTaXX3gLjJ8mmwQMT37j1hBi5LRWWqNTJI9rrxcvdKVlntqrboaZewjZs6Qm8rc",
      'idempotency-key': 'stripe-node-retry-1d0ec742-d1b5-46c4-9fbb-db1be05a8c99',
      'original-request': 'req_VmBC6B88zMxbMa',
      'request-id': 'req_VmBC6B88zMxbMa',
      'stripe-version': '2025-06-30.basil',
      vary: 'Origin',
      'x-stripe-priority-routing-enabled': 'true',
      'x-stripe-routing-context-priority-tier': 'api-testmode',
      'x-wc': 'ABGHIJ',
      'strict-transport-security': 'max-age=63072000; includeSubDomains; preload'
    },
    statusCode: 400,
    requestId: 'req_VmBC6B88zMxbMa'
  },
  rawType: 'invalid_request_error',
  code: undefined,
  doc_url: undefined,
  param: undefined,
  detail: undefined,
  headers: {
    server: 'nginx',
    date: 'Tue, 12 Aug 2025 15:23:54 GMT',
    'content-type': 'application/json',
    'content-length': '263',
    connection: 'keep-alive',
    'access-control-allow-credentials': 'true',
    'access-control-allow-methods': 'GET, HEAD, PUT, PATCH, POST, DELETE',
    'access-control-allow-origin': '*',
    'access-control-expose-headers': 'Request-Id, Stripe-Manage-Version, Stripe-Should-Retry, X-Stripe-External-Auth-Required, X-Stripe-Privileged-Session-Required',
    'access-control-max-age': '300',
    'cache-control': 'no-cache, no-store',
    'content-security-policy': "base-uri 'none'; default-src 'none'; form-action 'none'; frame-ancestors 'none'; img-src 'self'; script-src 'self' 'report-sample'; style-src 'self'; worker-src 'none'; upgrade-insecure-requests; report-uri https://q.stripe.com/csp-violation?q=d0-l1bfB-yQY_ua-byTaXX3gLjJ8mmwQMT37j1hBi5LRWWqNTJI9rrxcvdKVlntqrboaZewjZs6Qm8rc",
    'idempotency-key': 'stripe-node-retry-1d0ec742-d1b5-46c4-9fbb-db1be05a8c99',
    'original-request': 'req_VmBC6B88zMxbMa',
    'request-id': 'req_VmBC6B88zMxbMa',
    'stripe-version': '2025-06-30.basil',
    vary: 'Origin',
    'x-stripe-priority-routing-enabled': 'true',
    'x-stripe-routing-context-priority-tier': 'api-testmode',
    'x-wc': 'ABGHIJ',
    'strict-transport-security': 'max-age=63072000; includeSubDomains; preload'
  },
  requestId: 'req_VmBC6B88zMxbMa',
  statusCode: 400,
  userMessage: undefined,
  charge: undefined,
  decline_code: undefined,
  payment_intent: undefined,
  payment_method: undefined,
  payment_method_type: undefined,
  setup_intent: undefined,
  source: undefined,
  level: 'error',
  message: 'Cleanup failed after retries The payment method you provided is not attached to a customer so detachment is impossible.',
  stack: 'Error: The payment method you provided is not attached to a customer so detachment is impossible.\n' +
    '    at generateV1Error (/home/imran/choiceidentity/choiceidentity-backend/node_modules/.pnpm/stripe@18.3.0_@types+node@24.1.0/node_modules/stripe/cjs/Error.js:11:20)\n' +
    '    at res.toJSON.then.Error_js_1.StripeAPIError.message (/home/imran/choiceidentity/choiceidentity-backend/node_modules/.pnpm/stripe@18.3.0_@types+node@24.1.0/node_modules/stripe/cjs/RequestSender.js:108:62)\n' +
    '    at processTicksAndRejections (node:internal/process/task_queues:105:5)',
  timestamp: '2025-08-12T15:23:54.260Z'
}
{
  message: '💻 Database connected successfully 💻',
  level: 'info',
  timestamp: '2025-08-12T15:24:41.107Z'
}
{
  message: '💻 Database connected successfully 💻',
  level: 'info',
  timestamp: '2025-08-12T15:25:05.629Z'
}
{
  message: '💻 Database connected successfully 💻',
  level: 'info',
  timestamp: '2025-08-12T15:25:49.447Z'
}
{
  message: '💻 Database connected successfully 💻',
  level: 'info',
  timestamp: '2025-08-12T15:31:50.696Z'
}
{
  message: '💻 Database connected successfully 💻',
  level: 'info',
  timestamp: '2025-08-12T15:32:18.918Z'
}
{
  message: '💻 Database connected successfully 💻',
  level: 'info',
  timestamp: '2025-08-12T15:34:07.319Z'
}
{
  message: '💻 Database connected successfully 💻',
  level: 'info',
  timestamp: '2025-08-12T15:35:31.925Z'
}
{
  message: '💻 Database connected successfully 💻',
  level: 'info',
  timestamp: '2025-08-12T15:35:57.228Z'
}
{
  message: '💻 Database connected successfully 💻',
  level: 'info',
  timestamp: '2025-08-12T15:36:21.874Z'
}
{
  message: '💻 Database connected successfully 💻',
  level: 'info',
  timestamp: '2025-08-12T15:36:53.965Z'
}
{
  message: '💻 Database connected successfully 💻',
  level: 'info',
  timestamp: '2025-08-12T15:37:27.673Z'
}
{
  message: '💻 Database connected successfully 💻',
  level: 'info',
  timestamp: '2025-08-12T15:37:59.737Z'
}
