{
  message: '💻 Database connected successfully 💻',
  level: 'info',
  timestamp: '2024-02-06T19:03:01.056Z'
}
{
  message: '💻 Database connected successfully 💻',
  level: 'info',
  timestamp: '2024-02-06T19:04:31.226Z'
}
{
  message: '💻 Database connected successfully 💻',
  level: 'info',
  timestamp: '2024-02-06T19:04:35.517Z'
}
{
  message: '💻 Database connected successfully 💻',
  level: 'info',
  timestamp: '2024-02-06T19:04:50.779Z'
}
{
  message: '💻 Database connected successfully 💻',
  level: 'info',
  timestamp: '2024-02-06T19:05:35.123Z'
}
{
  message: '💻 Database connected successfully 💻',
  level: 'info',
  timestamp: '2024-02-06T19:05:38.671Z'
}
{
  message: '💻 Database connected successfully 💻',
  level: 'info',
  timestamp: '2024-02-06T19:05:51.113Z'
}
{
  message: '💻 Database connected successfully 💻',
  level: 'info',
  timestamp: '2024-02-06T19:06:31.745Z'
}
{
  message: '💻 Database connected successfully 💻',
  level: 'info',
  timestamp: '2024-02-06T19:15:44.114Z'
}
{
  message: '💻 Database connected successfully 💻',
  level: 'info',
  timestamp: '2024-02-06T19:16:07.722Z'
}
{
  message: '💻 Database connected successfully 💻',
  level: 'info',
  timestamp: '2024-02-06T19:17:16.371Z'
}
{
  message: '💻 Database connected successfully 💻',
  level: 'info',
  timestamp: '2024-02-06T19:17:20.550Z'
}
{
  message: '💻 Database connected successfully 💻',
  level: 'info',
  timestamp: '2024-02-06T19:21:32.385Z'
}
{
  message: '💻 Database connected successfully 💻',
  level: 'info',
  timestamp: '2024-02-06T19:32:31.124Z'
}
{
  message: '💻 Database connected successfully 💻',
  level: 'info',
  timestamp: '2024-02-06T19:40:29.990Z'
}
{
  message: '💻 Database connected successfully 💻',
  level: 'info',
  timestamp: '2024-02-06T19:43:07.575Z'
}
{
  message: '💻 Database connected successfully 💻',
  level: 'info',
  timestamp: '2024-02-06T19:43:41.969Z'
}
{
  message: '💻 Database connected successfully 💻',
  level: 'info',
  timestamp: '2024-02-06T19:45:42.328Z'
}
{
  message: '💻 Database connected successfully 💻',
  level: 'info',
  timestamp: '2024-02-06T19:54:23.148Z'
}
{
  message: '💻 Database connected successfully 💻',
  level: 'info',
  timestamp: '2024-02-06T19:55:07.489Z'
}
{
  message: '💻 Database connected successfully 💻',
  level: 'info',
  timestamp: '2024-02-06T19:56:28.699Z'
}
{
  message: '💻 Database connected successfully 💻',
  level: 'info',
  timestamp: '2024-02-06T19:58:59.322Z'
}
{
  message: '💻 Database connected successfully 💻',
  level: 'info',
  timestamp: '2024-02-06T19:59:02.337Z'
}
{
  message: '💻 Database connected successfully 💻',
  level: 'info',
  timestamp: '2024-02-06T19:59:28.299Z'
}
