{
  message: '💻 Database connected successfully 💻',
  level: 'info',
  timestamp: '2025-09-06T16:52:12.601Z'
}
{
  message: '💻 Database connected successfully 💻',
  level: 'info',
  timestamp: '2025-09-06T16:52:24.504Z'
}
{
  message: '💻 Database connected successfully 💻',
  level: 'info',
  timestamp: '2025-09-06T16:52:33.358Z'
}
{
  message: 'Retry attempt 1 started for operation ',
  level: 'info',
  timestamp: '2025-09-06T16:52:55.749Z'
}
{
  message: 'Retry attempt 1 started for operation ',
  level: 'info',
  timestamp: '2025-09-06T16:52:56.840Z'
}
{
  message: 'Retry attempt 1 started for operation ',
  level: 'info',
  timestamp: '2025-09-06T16:52:57.555Z'
}
{
  message: 'Retry attempt 1 started for operation ',
  level: 'info',
  timestamp: '2025-09-06T16:52:57.983Z'
}
{
  message: 'Retry attempt 1 started for operation ',
  level: 'info',
  timestamp: '2025-09-06T16:52:58.786Z'
}
{
  message: 'Retry attempt 1 started for operation ',
  level: 'info',
  timestamp: '2025-09-06T16:52:59.912Z'
}
{
  type: 'StripeInvalidRequestError',
  raw: {
    code: 'resource_missing',
    doc_url: 'https://stripe.com/docs/error-codes/resource-missing',
    message: "No such price: 'price_1S41xWA1bvHesp63eR7Lf6Oj'",
    param: 'items[0][price]',
    request_log_url: 'https://dashboard.stripe.com/test/logs/req_WerZJG8F2o70LO?t=1757177580',
    type: 'invalid_request_error',
    headers: {
      server: 'nginx',
      date: 'Sat, 06 Sep 2025 16:53:00 GMT',
      'content-type': 'application/json',
      'content-length': '355',
      connection: 'keep-alive',
      'access-control-allow-credentials': 'true',
      'access-control-allow-methods': 'GET, HEAD, PUT, PATCH, POST, DELETE',
      'access-control-allow-origin': '*',
      'access-control-expose-headers': 'Request-Id, Stripe-Manage-Version, Stripe-Should-Retry, X-Stripe-External-Auth-Required, X-Stripe-Privileged-Session-Required',
      'access-control-max-age': '300',
      'cache-control': 'no-cache, no-store',
      'content-security-policy': "base-uri 'none'; default-src 'none'; form-action 'none'; frame-ancestors 'none'; img-src 'self'; script-src 'self' 'report-sample'; style-src 'self'; worker-src 'none'; upgrade-insecure-requests; report-uri https://q.stripe.com/csp-violation?q=pM8KhbZDOqeSmDZchruvNJN7ecM6X89p75HpVj8T4nEwkMev2XHtK7S73PwjGsb3xL4r4YdaWPrD2Owx",
      'idempotency-key': 'subscription_8202a0b7-441d-45ef-981e-9ee39233d2ee',
      'original-request': 'req_WerZJG8F2o70LO',
      'request-id': 'req_WerZJG8F2o70LO',
      'stripe-version': '2025-06-30.basil',
      vary: 'Origin',
      'x-stripe-priority-routing-enabled': 'true',
      'x-stripe-routing-context-priority-tier': 'api-testmode',
      'x-wc': 'ABGHIJ',
      'strict-transport-security': 'max-age=63072000; includeSubDomains; preload'
    },
    statusCode: 400,
    requestId: 'req_WerZJG8F2o70LO'
  },
  rawType: 'invalid_request_error',
  code: 'resource_missing',
  doc_url: 'https://stripe.com/docs/error-codes/resource-missing',
  param: 'items[0][price]',
  detail: undefined,
  headers: {
    server: 'nginx',
    date: 'Sat, 06 Sep 2025 16:53:00 GMT',
    'content-type': 'application/json',
    'content-length': '355',
    connection: 'keep-alive',
    'access-control-allow-credentials': 'true',
    'access-control-allow-methods': 'GET, HEAD, PUT, PATCH, POST, DELETE',
    'access-control-allow-origin': '*',
    'access-control-expose-headers': 'Request-Id, Stripe-Manage-Version, Stripe-Should-Retry, X-Stripe-External-Auth-Required, X-Stripe-Privileged-Session-Required',
    'access-control-max-age': '300',
    'cache-control': 'no-cache, no-store',
    'content-security-policy': "base-uri 'none'; default-src 'none'; form-action 'none'; frame-ancestors 'none'; img-src 'self'; script-src 'self' 'report-sample'; style-src 'self'; worker-src 'none'; upgrade-insecure-requests; report-uri https://q.stripe.com/csp-violation?q=pM8KhbZDOqeSmDZchruvNJN7ecM6X89p75HpVj8T4nEwkMev2XHtK7S73PwjGsb3xL4r4YdaWPrD2Owx",
    'idempotency-key': 'subscription_8202a0b7-441d-45ef-981e-9ee39233d2ee',
    'original-request': 'req_WerZJG8F2o70LO',
    'request-id': 'req_WerZJG8F2o70LO',
    'stripe-version': '2025-06-30.basil',
    vary: 'Origin',
    'x-stripe-priority-routing-enabled': 'true',
    'x-stripe-routing-context-priority-tier': 'api-testmode',
    'x-wc': 'ABGHIJ',
    'strict-transport-security': 'max-age=63072000; includeSubDomains; preload'
  },
  requestId: 'req_WerZJG8F2o70LO',
  statusCode: 400,
  userMessage: undefined,
  charge: undefined,
  decline_code: undefined,
  payment_intent: undefined,
  payment_method: undefined,
  payment_method_type: undefined,
  setup_intent: undefined,
  source: undefined,
  level: 'warn',
  message: "Retryable error on attempt 1, retrying after 1000ms No such price: 'price_1S41xWA1bvHesp63eR7Lf6Oj'",
  stack: "Error: No such price: 'price_1S41xWA1bvHesp63eR7Lf6Oj'\n" +
    '    at generateV1Error (/home/imran/choiceidentity/choiceidentity-backend/node_modules/.pnpm/stripe@18.3.0_@types+node@24.1.0/node_modules/stripe/cjs/Error.js:11:20)\n' +
    '    at res.toJSON.then.Error_js_1.StripeAPIError.message (/home/imran/choiceidentity/choiceidentity-backend/node_modules/.pnpm/stripe@18.3.0_@types+node@24.1.0/node_modules/stripe/cjs/RequestSender.js:108:62)\n' +
    '    at processTicksAndRejections (node:internal/process/task_queues:105:5)',
  timestamp: '2025-09-06T16:53:00.322Z'
}
{
  message: 'Retry attempt 2 started for operation ',
  level: 'info',
  timestamp: '2025-09-06T16:53:01.326Z'
}
{
  type: 'StripeInvalidRequestError',
  raw: {
    code: 'resource_missing',
    doc_url: 'https://stripe.com/docs/error-codes/resource-missing',
    message: "No such price: 'price_1S41xWA1bvHesp63eR7Lf6Oj'",
    param: 'items[0][price]',
    request_log_url: 'https://dashboard.stripe.com/test/logs/req_KQy6SrcukO3kZw?t=1757177581',
    type: 'invalid_request_error',
    headers: {
      server: 'nginx',
      date: 'Sat, 06 Sep 2025 16:53:01 GMT',
      'content-type': 'application/json',
      'content-length': '355',
      connection: 'keep-alive',
      'access-control-allow-credentials': 'true',
      'access-control-allow-methods': 'GET, HEAD, PUT, PATCH, POST, DELETE',
      'access-control-allow-origin': '*',
      'access-control-expose-headers': 'Request-Id, Stripe-Manage-Version, Stripe-Should-Retry, X-Stripe-External-Auth-Required, X-Stripe-Privileged-Session-Required',
      'access-control-max-age': '300',
      'cache-control': 'no-cache, no-store',
      'content-security-policy': "base-uri 'none'; default-src 'none'; form-action 'none'; frame-ancestors 'none'; img-src 'self'; script-src 'self' 'report-sample'; style-src 'self'; worker-src 'none'; upgrade-insecure-requests; report-uri https://q.stripe.com/csp-violation?q=pM8KhbZDOqeSmDZchruvNJN7ecM6X89p75HpVj8T4nEwkMev2XHtK7S73PwjGsb3xL4r4YdaWPrD2Owx",
      'idempotency-key': 'subscription_8202a0b7-441d-45ef-981e-9ee39233d2ee',
      'original-request': 'req_KQy6SrcukO3kZw',
      'request-id': 'req_KQy6SrcukO3kZw',
      'stripe-version': '2025-06-30.basil',
      vary: 'Origin',
      'x-stripe-priority-routing-enabled': 'true',
      'x-stripe-routing-context-priority-tier': 'api-testmode',
      'x-wc': 'ABGHIJ',
      'strict-transport-security': 'max-age=63072000; includeSubDomains; preload'
    },
    statusCode: 400,
    requestId: 'req_KQy6SrcukO3kZw'
  },
  rawType: 'invalid_request_error',
  code: 'resource_missing',
  doc_url: 'https://stripe.com/docs/error-codes/resource-missing',
  param: 'items[0][price]',
  detail: undefined,
  headers: {
    server: 'nginx',
    date: 'Sat, 06 Sep 2025 16:53:01 GMT',
    'content-type': 'application/json',
    'content-length': '355',
    connection: 'keep-alive',
    'access-control-allow-credentials': 'true',
    'access-control-allow-methods': 'GET, HEAD, PUT, PATCH, POST, DELETE',
    'access-control-allow-origin': '*',
    'access-control-expose-headers': 'Request-Id, Stripe-Manage-Version, Stripe-Should-Retry, X-Stripe-External-Auth-Required, X-Stripe-Privileged-Session-Required',
    'access-control-max-age': '300',
    'cache-control': 'no-cache, no-store',
    'content-security-policy': "base-uri 'none'; default-src 'none'; form-action 'none'; frame-ancestors 'none'; img-src 'self'; script-src 'self' 'report-sample'; style-src 'self'; worker-src 'none'; upgrade-insecure-requests; report-uri https://q.stripe.com/csp-violation?q=pM8KhbZDOqeSmDZchruvNJN7ecM6X89p75HpVj8T4nEwkMev2XHtK7S73PwjGsb3xL4r4YdaWPrD2Owx",
    'idempotency-key': 'subscription_8202a0b7-441d-45ef-981e-9ee39233d2ee',
    'original-request': 'req_KQy6SrcukO3kZw',
    'request-id': 'req_KQy6SrcukO3kZw',
    'stripe-version': '2025-06-30.basil',
    vary: 'Origin',
    'x-stripe-priority-routing-enabled': 'true',
    'x-stripe-routing-context-priority-tier': 'api-testmode',
    'x-wc': 'ABGHIJ',
    'strict-transport-security': 'max-age=63072000; includeSubDomains; preload'
  },
  requestId: 'req_KQy6SrcukO3kZw',
  statusCode: 400,
  userMessage: undefined,
  charge: undefined,
  decline_code: undefined,
  payment_intent: undefined,
  payment_method: undefined,
  payment_method_type: undefined,
  setup_intent: undefined,
  source: undefined,
  level: 'warn',
  message: "Retryable error on attempt 2, retrying after 2000ms No such price: 'price_1S41xWA1bvHesp63eR7Lf6Oj'",
  stack: "Error: No such price: 'price_1S41xWA1bvHesp63eR7Lf6Oj'\n" +
    '    at generateV1Error (/home/imran/choiceidentity/choiceidentity-backend/node_modules/.pnpm/stripe@18.3.0_@types+node@24.1.0/node_modules/stripe/cjs/Error.js:11:20)\n' +
    '    at res.toJSON.then.Error_js_1.StripeAPIError.message (/home/imran/choiceidentity/choiceidentity-backend/node_modules/.pnpm/stripe@18.3.0_@types+node@24.1.0/node_modules/stripe/cjs/RequestSender.js:108:62)\n' +
    '    at processTicksAndRejections (node:internal/process/task_queues:105:5)',
  timestamp: '2025-09-06T16:53:01.757Z'
}
{
  message: 'Retry attempt 3 started for operation ',
  level: 'info',
  timestamp: '2025-09-06T16:53:03.759Z'
}
{
  type: 'StripeInvalidRequestError',
  raw: {
    code: 'resource_missing',
    doc_url: 'https://stripe.com/docs/error-codes/resource-missing',
    message: "No such price: 'price_1S41xWA1bvHesp63eR7Lf6Oj'",
    param: 'items[0][price]',
    request_log_url: 'https://dashboard.stripe.com/test/logs/req_4n4faW2W6hmpee?t=1757177584',
    type: 'invalid_request_error',
    headers: {
      server: 'nginx',
      date: 'Sat, 06 Sep 2025 16:53:04 GMT',
      'content-type': 'application/json',
      'content-length': '355',
      connection: 'keep-alive',
      'access-control-allow-credentials': 'true',
      'access-control-allow-methods': 'GET, HEAD, PUT, PATCH, POST, DELETE',
      'access-control-allow-origin': '*',
      'access-control-expose-headers': 'Request-Id, Stripe-Manage-Version, Stripe-Should-Retry, X-Stripe-External-Auth-Required, X-Stripe-Privileged-Session-Required',
      'access-control-max-age': '300',
      'cache-control': 'no-cache, no-store',
      'content-security-policy': "base-uri 'none'; default-src 'none'; form-action 'none'; frame-ancestors 'none'; img-src 'self'; script-src 'self' 'report-sample'; style-src 'self'; worker-src 'none'; upgrade-insecure-requests; report-uri https://q.stripe.com/csp-violation?q=pM8KhbZDOqeSmDZchruvNJN7ecM6X89p75HpVj8T4nEwkMev2XHtK7S73PwjGsb3xL4r4YdaWPrD2Owx",
      'idempotency-key': 'subscription_8202a0b7-441d-45ef-981e-9ee39233d2ee',
      'original-request': 'req_4n4faW2W6hmpee',
      'request-id': 'req_4n4faW2W6hmpee',
      'stripe-version': '2025-06-30.basil',
      vary: 'Origin',
      'x-stripe-priority-routing-enabled': 'true',
      'x-stripe-routing-context-priority-tier': 'api-testmode',
      'x-wc': 'ABGHIJ',
      'strict-transport-security': 'max-age=63072000; includeSubDomains; preload'
    },
    statusCode: 400,
    requestId: 'req_4n4faW2W6hmpee'
  },
  rawType: 'invalid_request_error',
  code: 'resource_missing',
  doc_url: 'https://stripe.com/docs/error-codes/resource-missing',
  param: 'items[0][price]',
  detail: undefined,
  headers: {
    server: 'nginx',
    date: 'Sat, 06 Sep 2025 16:53:04 GMT',
    'content-type': 'application/json',
    'content-length': '355',
    connection: 'keep-alive',
    'access-control-allow-credentials': 'true',
    'access-control-allow-methods': 'GET, HEAD, PUT, PATCH, POST, DELETE',
    'access-control-allow-origin': '*',
    'access-control-expose-headers': 'Request-Id, Stripe-Manage-Version, Stripe-Should-Retry, X-Stripe-External-Auth-Required, X-Stripe-Privileged-Session-Required',
    'access-control-max-age': '300',
    'cache-control': 'no-cache, no-store',
    'content-security-policy': "base-uri 'none'; default-src 'none'; form-action 'none'; frame-ancestors 'none'; img-src 'self'; script-src 'self' 'report-sample'; style-src 'self'; worker-src 'none'; upgrade-insecure-requests; report-uri https://q.stripe.com/csp-violation?q=pM8KhbZDOqeSmDZchruvNJN7ecM6X89p75HpVj8T4nEwkMev2XHtK7S73PwjGsb3xL4r4YdaWPrD2Owx",
    'idempotency-key': 'subscription_8202a0b7-441d-45ef-981e-9ee39233d2ee',
    'original-request': 'req_4n4faW2W6hmpee',
    'request-id': 'req_4n4faW2W6hmpee',
    'stripe-version': '2025-06-30.basil',
    vary: 'Origin',
    'x-stripe-priority-routing-enabled': 'true',
    'x-stripe-routing-context-priority-tier': 'api-testmode',
    'x-wc': 'ABGHIJ',
    'strict-transport-security': 'max-age=63072000; includeSubDomains; preload'
  },
  requestId: 'req_4n4faW2W6hmpee',
  statusCode: 400,
  userMessage: undefined,
  charge: undefined,
  decline_code: undefined,
  payment_intent: undefined,
  payment_method: undefined,
  payment_method_type: undefined,
  setup_intent: undefined,
  source: undefined,
  level: 'warn',
  message: "Retryable error on attempt 3, retrying after 4000ms No such price: 'price_1S41xWA1bvHesp63eR7Lf6Oj'",
  stack: "Error: No such price: 'price_1S41xWA1bvHesp63eR7Lf6Oj'\n" +
    '    at generateV1Error (/home/imran/choiceidentity/choiceidentity-backend/node_modules/.pnpm/stripe@18.3.0_@types+node@24.1.0/node_modules/stripe/cjs/Error.js:11:20)\n' +
    '    at res.toJSON.then.Error_js_1.StripeAPIError.message (/home/imran/choiceidentity/choiceidentity-backend/node_modules/.pnpm/stripe@18.3.0_@types+node@24.1.0/node_modules/stripe/cjs/RequestSender.js:108:62)\n' +
    '    at processTicksAndRejections (node:internal/process/task_queues:105:5)',
  timestamp: '2025-09-06T16:53:04.620Z'
}
{
  type: 'StripeInvalidRequestError',
  raw: {
    code: 'resource_missing',
    doc_url: 'https://stripe.com/docs/error-codes/resource-missing',
    message: "No such price: 'price_1S41xWA1bvHesp63eR7Lf6Oj'",
    param: 'items[0][price]',
    request_log_url: 'https://dashboard.stripe.com/test/logs/req_4n4faW2W6hmpee?t=1757177584',
    type: 'invalid_request_error',
    headers: {
      server: 'nginx',
      date: 'Sat, 06 Sep 2025 16:53:04 GMT',
      'content-type': 'application/json',
      'content-length': '355',
      connection: 'keep-alive',
      'access-control-allow-credentials': 'true',
      'access-control-allow-methods': 'GET, HEAD, PUT, PATCH, POST, DELETE',
      'access-control-allow-origin': '*',
      'access-control-expose-headers': 'Request-Id, Stripe-Manage-Version, Stripe-Should-Retry, X-Stripe-External-Auth-Required, X-Stripe-Privileged-Session-Required',
      'access-control-max-age': '300',
      'cache-control': 'no-cache, no-store',
      'content-security-policy': "base-uri 'none'; default-src 'none'; form-action 'none'; frame-ancestors 'none'; img-src 'self'; script-src 'self' 'report-sample'; style-src 'self'; worker-src 'none'; upgrade-insecure-requests; report-uri https://q.stripe.com/csp-violation?q=pM8KhbZDOqeSmDZchruvNJN7ecM6X89p75HpVj8T4nEwkMev2XHtK7S73PwjGsb3xL4r4YdaWPrD2Owx",
      'idempotency-key': 'subscription_8202a0b7-441d-45ef-981e-9ee39233d2ee',
      'original-request': 'req_4n4faW2W6hmpee',
      'request-id': 'req_4n4faW2W6hmpee',
      'stripe-version': '2025-06-30.basil',
      vary: 'Origin',
      'x-stripe-priority-routing-enabled': 'true',
      'x-stripe-routing-context-priority-tier': 'api-testmode',
      'x-wc': 'ABGHIJ',
      'strict-transport-security': 'max-age=63072000; includeSubDomains; preload'
    },
    statusCode: 400,
    requestId: 'req_4n4faW2W6hmpee'
  },
  rawType: 'invalid_request_error',
  code: 'resource_missing',
  doc_url: 'https://stripe.com/docs/error-codes/resource-missing',
  param: 'items[0][price]',
  detail: undefined,
  headers: {
    server: 'nginx',
    date: 'Sat, 06 Sep 2025 16:53:04 GMT',
    'content-type': 'application/json',
    'content-length': '355',
    connection: 'keep-alive',
    'access-control-allow-credentials': 'true',
    'access-control-allow-methods': 'GET, HEAD, PUT, PATCH, POST, DELETE',
    'access-control-allow-origin': '*',
    'access-control-expose-headers': 'Request-Id, Stripe-Manage-Version, Stripe-Should-Retry, X-Stripe-External-Auth-Required, X-Stripe-Privileged-Session-Required',
    'access-control-max-age': '300',
    'cache-control': 'no-cache, no-store',
    'content-security-policy': "base-uri 'none'; default-src 'none'; form-action 'none'; frame-ancestors 'none'; img-src 'self'; script-src 'self' 'report-sample'; style-src 'self'; worker-src 'none'; upgrade-insecure-requests; report-uri https://q.stripe.com/csp-violation?q=pM8KhbZDOqeSmDZchruvNJN7ecM6X89p75HpVj8T4nEwkMev2XHtK7S73PwjGsb3xL4r4YdaWPrD2Owx",
    'idempotency-key': 'subscription_8202a0b7-441d-45ef-981e-9ee39233d2ee',
    'original-request': 'req_4n4faW2W6hmpee',
    'request-id': 'req_4n4faW2W6hmpee',
    'stripe-version': '2025-06-30.basil',
    vary: 'Origin',
    'x-stripe-priority-routing-enabled': 'true',
    'x-stripe-routing-context-priority-tier': 'api-testmode',
    'x-wc': 'ABGHIJ',
    'strict-transport-security': 'max-age=63072000; includeSubDomains; preload'
  },
  requestId: 'req_4n4faW2W6hmpee',
  statusCode: 400,
  userMessage: undefined,
  charge: undefined,
  decline_code: undefined,
  payment_intent: undefined,
  payment_method: undefined,
  payment_method_type: undefined,
  setup_intent: undefined,
  source: undefined,
  level: 'error',
  message: "All retry attempts failed No such price: 'price_1S41xWA1bvHesp63eR7Lf6Oj'",
  stack: "Error: No such price: 'price_1S41xWA1bvHesp63eR7Lf6Oj'\n" +
    '    at generateV1Error (/home/imran/choiceidentity/choiceidentity-backend/node_modules/.pnpm/stripe@18.3.0_@types+node@24.1.0/node_modules/stripe/cjs/Error.js:11:20)\n' +
    '    at res.toJSON.then.Error_js_1.StripeAPIError.message (/home/imran/choiceidentity/choiceidentity-backend/node_modules/.pnpm/stripe@18.3.0_@types+node@24.1.0/node_modules/stripe/cjs/RequestSender.js:108:62)\n' +
    '    at processTicksAndRejections (node:internal/process/task_queues:105:5)',
  timestamp: '2025-09-06T16:53:04.623Z'
}
{
  err: StripeInvalidRequestError: No such price: 'price_1S41xWA1bvHesp63eR7Lf6Oj'
      at generateV1Error (/home/imran/choiceidentity/choiceidentity-backend/node_modules/.pnpm/stripe@18.3.0_@types+node@24.1.0/node_modules/stripe/cjs/Error.js:11:20)
      at res.toJSON.then.Error_js_1.StripeAPIError.message (/home/imran/choiceidentity/choiceidentity-backend/node_modules/.pnpm/stripe@18.3.0_@types+node@24.1.0/node_modules/stripe/cjs/RequestSender.js:108:62)
      at processTicksAndRejections (node:internal/process/task_queues:105:5) {
    type: 'StripeInvalidRequestError',
    raw: {
      code: 'resource_missing',
      doc_url: 'https://stripe.com/docs/error-codes/resource-missing',
      message: "No such price: 'price_1S41xWA1bvHesp63eR7Lf6Oj'",
      param: 'items[0][price]',
      request_log_url: 'https://dashboard.stripe.com/test/logs/req_4n4faW2W6hmpee?t=1757177584',
      type: 'invalid_request_error',
      headers: {
        server: 'nginx',
        date: 'Sat, 06 Sep 2025 16:53:04 GMT',
        'content-type': 'application/json',
        'content-length': '355',
        connection: 'keep-alive',
        'access-control-allow-credentials': 'true',
        'access-control-allow-methods': 'GET, HEAD, PUT, PATCH, POST, DELETE',
        'access-control-allow-origin': '*',
        'access-control-expose-headers': 'Request-Id, Stripe-Manage-Version, Stripe-Should-Retry, X-Stripe-External-Auth-Required, X-Stripe-Privileged-Session-Required',
        'access-control-max-age': '300',
        'cache-control': 'no-cache, no-store',
        'content-security-policy': "base-uri 'none'; default-src 'none'; form-action 'none'; frame-ancestors 'none'; img-src 'self'; script-src 'self' 'report-sample'; style-src 'self'; worker-src 'none'; upgrade-insecure-requests; report-uri https://q.stripe.com/csp-violation?q=pM8KhbZDOqeSmDZchruvNJN7ecM6X89p75HpVj8T4nEwkMev2XHtK7S73PwjGsb3xL4r4YdaWPrD2Owx",
        'idempotency-key': 'subscription_8202a0b7-441d-45ef-981e-9ee39233d2ee',
        'original-request': 'req_4n4faW2W6hmpee',
        'request-id': 'req_4n4faW2W6hmpee',
        'stripe-version': '2025-06-30.basil',
        vary: 'Origin',
        'x-stripe-priority-routing-enabled': 'true',
        'x-stripe-routing-context-priority-tier': 'api-testmode',
        'x-wc': 'ABGHIJ',
        'strict-transport-security': 'max-age=63072000; includeSubDomains; preload'
      },
      statusCode: 400,
      requestId: 'req_4n4faW2W6hmpee'
    },
    rawType: 'invalid_request_error',
    code: 'resource_missing',
    doc_url: 'https://stripe.com/docs/error-codes/resource-missing',
    param: 'items[0][price]',
    detail: undefined,
    headers: {
      server: 'nginx',
      date: 'Sat, 06 Sep 2025 16:53:04 GMT',
      'content-type': 'application/json',
      'content-length': '355',
      connection: 'keep-alive',
      'access-control-allow-credentials': 'true',
      'access-control-allow-methods': 'GET, HEAD, PUT, PATCH, POST, DELETE',
      'access-control-allow-origin': '*',
      'access-control-expose-headers': 'Request-Id, Stripe-Manage-Version, Stripe-Should-Retry, X-Stripe-External-Auth-Required, X-Stripe-Privileged-Session-Required',
      'access-control-max-age': '300',
      'cache-control': 'no-cache, no-store',
      'content-security-policy': "base-uri 'none'; default-src 'none'; form-action 'none'; frame-ancestors 'none'; img-src 'self'; script-src 'self' 'report-sample'; style-src 'self'; worker-src 'none'; upgrade-insecure-requests; report-uri https://q.stripe.com/csp-violation?q=pM8KhbZDOqeSmDZchruvNJN7ecM6X89p75HpVj8T4nEwkMev2XHtK7S73PwjGsb3xL4r4YdaWPrD2Owx",
      'idempotency-key': 'subscription_8202a0b7-441d-45ef-981e-9ee39233d2ee',
      'original-request': 'req_4n4faW2W6hmpee',
      'request-id': 'req_4n4faW2W6hmpee',
      'stripe-version': '2025-06-30.basil',
      vary: 'Origin',
      'x-stripe-priority-routing-enabled': 'true',
      'x-stripe-routing-context-priority-tier': 'api-testmode',
      'x-wc': 'ABGHIJ',
      'strict-transport-security': 'max-age=63072000; includeSubDomains; preload'
    },
    requestId: 'req_4n4faW2W6hmpee',
    statusCode: 400,
    userMessage: undefined,
    charge: undefined,
    decline_code: undefined,
    payment_intent: undefined,
    payment_method: undefined,
    payment_method_type: undefined,
    setup_intent: undefined,
    source: undefined
  },
  customerId: 'cus_T0QC1fUMBOAsek',
  level: 'error',
  message: 'Stripe subscription creation failed',
  timestamp: '2025-09-06T16:53:04.627Z'
}
{
  message: 'Retry attempt 1 started for operation ',
  level: 'info',
  timestamp: '2025-09-06T16:53:04.723Z'
}
{
  message: 'Deleted customer cus_T0QC1fUMBOAsek',
  level: 'info',
  timestamp: '2025-09-06T16:53:05.338Z'
}
{
  message: 'Retry attempt 1 started for operation ',
  level: 'info',
  timestamp: '2025-09-06T16:53:13.814Z'
}
{
  message: 'Retry attempt 1 started for operation ',
  level: 'info',
  timestamp: '2025-09-06T16:53:14.449Z'
}
{
  message: 'Retry attempt 1 started for operation ',
  level: 'info',
  timestamp: '2025-09-06T16:53:15.267Z'
}
{
  message: 'Retry attempt 1 started for operation ',
  level: 'info',
  timestamp: '2025-09-06T16:53:15.782Z'
}
{
  message: 'Retry attempt 1 started for operation ',
  level: 'info',
  timestamp: '2025-09-06T16:53:16.293Z'
}
{
  message: 'Retry attempt 1 started for operation ',
  level: 'info',
  timestamp: '2025-09-06T16:53:17.318Z'
}
{
  message: '💻 Database connected successfully 💻',
  level: 'info',
  timestamp: '2025-09-06T16:58:29.764Z'
}
