{
  message: '💻💻💻💻Database connected successfully | YAY',
  level: 'info',
  timestamp: '2024-02-06T17:12:21.527Z'
}
{
  message: '💻💻💻💻Database connected successfully | YAY',
  level: 'info',
  timestamp: '2024-02-06T17:14:56.544Z'
}
{
  message: '💻💻💻💻Database connected successfully | YAY',
  level: 'info',
  timestamp: '2024-02-06T17:15:56.801Z'
}
{
  message: '💻💻💻💻Database connected successfully | YAY',
  level: 'info',
  timestamp: '2024-02-06T17:20:42.495Z'
}
{
  message: '💻💻💻💻Database connected successfully | YAY',
  level: 'info',
  timestamp: '2024-02-06T17:45:06.091Z'
}
{
  message: '💻💻💻💻Database connected successfully | YAY',
  level: 'info',
  timestamp: '2024-02-06T17:46:06.974Z'
}
{
  message: '💻💻💻💻Database connected successfully | YAY',
  level: 'info',
  timestamp: '2024-02-06T17:48:28.822Z'
}
{
  message: '💻💻💻💻Database connected successfully | YAY',
  level: 'info',
  timestamp: '2024-02-06T17:48:31.899Z'
}
{
  message: '💻💻💻💻Database connected successfully | YAY',
  level: 'info',
  timestamp: '2024-02-06T17:48:49.005Z'
}
{
  message: '💻💻💻💻Database connected successfully | YAY',
  level: 'info',
  timestamp: '2024-02-06T17:49:19.734Z'
}
{
  message: '💻💻💻💻Database connected successfully | YAY',
  level: 'info',
  timestamp: '2024-02-06T17:49:49.065Z'
}
{
  message: '💻💻💻💻Database connected successfully | YAY',
  level: 'info',
  timestamp: '2024-02-06T17:50:18.626Z'
}
{
  message: '💻💻💻💻Database connected successfully | YAY',
  level: 'info',
  timestamp: '2024-02-06T17:54:08.998Z'
}
{
  message: '💻💻💻💻Database connected successfully | YAY',
  level: 'info',
  timestamp: '2024-02-06T17:59:54.703Z'
}
