{
  message: '💻 Database connected successfully 💻',
  level: 'info',
  timestamp: '2025-09-06T19:08:55.482Z'
}
{
  message: '💻 Database connected successfully 💻',
  level: 'info',
  timestamp: '2025-09-06T19:10:01.445Z'
}
{
  message: '💻 Database connected successfully 💻',
  level: 'info',
  timestamp: '2025-09-06T19:10:13.783Z'
}
{
  message: '💻 Database connected successfully 💻',
  level: 'info',
  timestamp: '2025-09-06T19:13:48.416Z'
}
{
  message: '💻 Database connected successfully 💻',
  level: 'info',
  timestamp: '2025-09-06T19:14:21.386Z'
}
{
  message: '💻 Database connected successfully 💻',
  level: 'info',
  timestamp: '2025-09-06T19:14:49.618Z'
}
{
  message: '💻 Database connected successfully 💻',
  level: 'info',
  timestamp: '2025-09-06T19:18:57.713Z'
}
{
  message: 'Retry attempt 1 started for operation ',
  level: 'info',
  timestamp: '2025-09-06T19:21:49.566Z'
}
{
  message: 'Retry attempt 1 started for operation ',
  level: 'info',
  timestamp: '2025-09-06T19:21:50.197Z'
}
{
  message: 'Retry attempt 1 started for operation ',
  level: 'info',
  timestamp: '2025-09-06T19:21:50.963Z'
}
{
  message: 'Retry attempt 1 started for operation ',
  level: 'info',
  timestamp: '2025-09-06T19:21:51.384Z'
}
{
  message: 'Retry attempt 1 started for operation ',
  level: 'info',
  timestamp: '2025-09-06T19:21:51.889Z'
}
{
  message: 'Retry attempt 1 started for operation ',
  level: 'info',
  timestamp: '2025-09-06T19:21:52.844Z'
}
{
  type: 'StripeInvalidRequestError',
  raw: {
    code: 'resource_missing',
    doc_url: 'https://stripe.com/docs/error-codes/resource-missing',
    message: "No such price: 'price_1S41xWA1bvHesp63eR7Lf6Oj'",
    param: 'items[0][price]',
    request_log_url: 'https://dashboard.stripe.com/test/logs/req_csm67YtXTICuXX?t=1757186513',
    type: 'invalid_request_error',
    headers: {
      server: 'nginx',
      date: 'Sat, 06 Sep 2025 19:21:53 GMT',
      'content-type': 'application/json',
      'content-length': '355',
      connection: 'keep-alive',
      'access-control-allow-credentials': 'true',
      'access-control-allow-methods': 'GET, HEAD, PUT, PATCH, POST, DELETE',
      'access-control-allow-origin': '*',
      'access-control-expose-headers': 'Request-Id, Stripe-Manage-Version, Stripe-Should-Retry, X-Stripe-External-Auth-Required, X-Stripe-Privileged-Session-Required',
      'access-control-max-age': '300',
      'cache-control': 'no-cache, no-store',
      'content-security-policy': "base-uri 'none'; default-src 'none'; form-action 'none'; frame-ancestors 'none'; img-src 'self'; script-src 'self' 'report-sample'; style-src 'self'; worker-src 'none'; upgrade-insecure-requests; report-uri https://q.stripe.com/csp-violation?q=pobw7zc7H1DeyfOIsYHwCt7ncXN8R4tOgfMUoUhSI8nIh78umNNxnecer2PpbX8nviECOU95XobHhXNp",
      'idempotency-key': 'subscription_5a0dc5a8-ad62-47e0-a56e-348d63cb8f6a',
      'original-request': 'req_csm67YtXTICuXX',
      'request-id': 'req_csm67YtXTICuXX',
      'stripe-version': '2025-06-30.basil',
      vary: 'Origin',
      'x-stripe-priority-routing-enabled': 'true',
      'x-stripe-routing-context-priority-tier': 'api-testmode',
      'x-wc': 'ABGHIJ',
      'strict-transport-security': 'max-age=63072000; includeSubDomains; preload'
    },
    statusCode: 400,
    requestId: 'req_csm67YtXTICuXX'
  },
  rawType: 'invalid_request_error',
  code: 'resource_missing',
  doc_url: 'https://stripe.com/docs/error-codes/resource-missing',
  param: 'items[0][price]',
  detail: undefined,
  headers: {
    server: 'nginx',
    date: 'Sat, 06 Sep 2025 19:21:53 GMT',
    'content-type': 'application/json',
    'content-length': '355',
    connection: 'keep-alive',
    'access-control-allow-credentials': 'true',
    'access-control-allow-methods': 'GET, HEAD, PUT, PATCH, POST, DELETE',
    'access-control-allow-origin': '*',
    'access-control-expose-headers': 'Request-Id, Stripe-Manage-Version, Stripe-Should-Retry, X-Stripe-External-Auth-Required, X-Stripe-Privileged-Session-Required',
    'access-control-max-age': '300',
    'cache-control': 'no-cache, no-store',
    'content-security-policy': "base-uri 'none'; default-src 'none'; form-action 'none'; frame-ancestors 'none'; img-src 'self'; script-src 'self' 'report-sample'; style-src 'self'; worker-src 'none'; upgrade-insecure-requests; report-uri https://q.stripe.com/csp-violation?q=pobw7zc7H1DeyfOIsYHwCt7ncXN8R4tOgfMUoUhSI8nIh78umNNxnecer2PpbX8nviECOU95XobHhXNp",
    'idempotency-key': 'subscription_5a0dc5a8-ad62-47e0-a56e-348d63cb8f6a',
    'original-request': 'req_csm67YtXTICuXX',
    'request-id': 'req_csm67YtXTICuXX',
    'stripe-version': '2025-06-30.basil',
    vary: 'Origin',
    'x-stripe-priority-routing-enabled': 'true',
    'x-stripe-routing-context-priority-tier': 'api-testmode',
    'x-wc': 'ABGHIJ',
    'strict-transport-security': 'max-age=63072000; includeSubDomains; preload'
  },
  requestId: 'req_csm67YtXTICuXX',
  statusCode: 400,
  userMessage: undefined,
  charge: undefined,
  decline_code: undefined,
  payment_intent: undefined,
  payment_method: undefined,
  payment_method_type: undefined,
  setup_intent: undefined,
  source: undefined,
  level: 'warn',
  message: "Retryable error on attempt 1, retrying after 1000ms No such price: 'price_1S41xWA1bvHesp63eR7Lf6Oj'",
  stack: "Error: No such price: 'price_1S41xWA1bvHesp63eR7Lf6Oj'\n" +
    '    at generateV1Error (/home/imran/choiceidentity/choiceidentity-backend/node_modules/.pnpm/stripe@18.3.0_@types+node@24.1.0/node_modules/stripe/cjs/Error.js:11:20)\n' +
    '    at res.toJSON.then.Error_js_1.StripeAPIError.message (/home/imran/choiceidentity/choiceidentity-backend/node_modules/.pnpm/stripe@18.3.0_@types+node@24.1.0/node_modules/stripe/cjs/RequestSender.js:108:62)\n' +
    '    at processTicksAndRejections (node:internal/process/task_queues:105:5)',
  timestamp: '2025-09-06T19:21:53.476Z'
}
{
  message: 'Retry attempt 2 started for operation ',
  level: 'info',
  timestamp: '2025-09-06T19:21:54.481Z'
}
{
  type: 'StripeInvalidRequestError',
  raw: {
    code: 'resource_missing',
    doc_url: 'https://stripe.com/docs/error-codes/resource-missing',
    message: "No such price: 'price_1S41xWA1bvHesp63eR7Lf6Oj'",
    param: 'items[0][price]',
    request_log_url: 'https://dashboard.stripe.com/test/logs/req_NVQQ2kKFWvm3yO?t=1757186514',
    type: 'invalid_request_error',
    headers: {
      server: 'nginx',
      date: 'Sat, 06 Sep 2025 19:21:54 GMT',
      'content-type': 'application/json',
      'content-length': '355',
      connection: 'keep-alive',
      'access-control-allow-credentials': 'true',
      'access-control-allow-methods': 'GET, HEAD, PUT, PATCH, POST, DELETE',
      'access-control-allow-origin': '*',
      'access-control-expose-headers': 'Request-Id, Stripe-Manage-Version, Stripe-Should-Retry, X-Stripe-External-Auth-Required, X-Stripe-Privileged-Session-Required',
      'access-control-max-age': '300',
      'cache-control': 'no-cache, no-store',
      'content-security-policy': "base-uri 'none'; default-src 'none'; form-action 'none'; frame-ancestors 'none'; img-src 'self'; script-src 'self' 'report-sample'; style-src 'self'; worker-src 'none'; upgrade-insecure-requests; report-uri https://q.stripe.com/csp-violation?q=pobw7zc7H1DeyfOIsYHwCt7ncXN8R4tOgfMUoUhSI8nIh78umNNxnecer2PpbX8nviECOU95XobHhXNp",
      'idempotency-key': 'subscription_5a0dc5a8-ad62-47e0-a56e-348d63cb8f6a',
      'original-request': 'req_NVQQ2kKFWvm3yO',
      'request-id': 'req_NVQQ2kKFWvm3yO',
      'stripe-version': '2025-06-30.basil',
      vary: 'Origin',
      'x-stripe-priority-routing-enabled': 'true',
      'x-stripe-routing-context-priority-tier': 'api-testmode',
      'x-wc': 'ABGHIJ',
      'strict-transport-security': 'max-age=63072000; includeSubDomains; preload'
    },
    statusCode: 400,
    requestId: 'req_NVQQ2kKFWvm3yO'
  },
  rawType: 'invalid_request_error',
  code: 'resource_missing',
  doc_url: 'https://stripe.com/docs/error-codes/resource-missing',
  param: 'items[0][price]',
  detail: undefined,
  headers: {
    server: 'nginx',
    date: 'Sat, 06 Sep 2025 19:21:54 GMT',
    'content-type': 'application/json',
    'content-length': '355',
    connection: 'keep-alive',
    'access-control-allow-credentials': 'true',
    'access-control-allow-methods': 'GET, HEAD, PUT, PATCH, POST, DELETE',
    'access-control-allow-origin': '*',
    'access-control-expose-headers': 'Request-Id, Stripe-Manage-Version, Stripe-Should-Retry, X-Stripe-External-Auth-Required, X-Stripe-Privileged-Session-Required',
    'access-control-max-age': '300',
    'cache-control': 'no-cache, no-store',
    'content-security-policy': "base-uri 'none'; default-src 'none'; form-action 'none'; frame-ancestors 'none'; img-src 'self'; script-src 'self' 'report-sample'; style-src 'self'; worker-src 'none'; upgrade-insecure-requests; report-uri https://q.stripe.com/csp-violation?q=pobw7zc7H1DeyfOIsYHwCt7ncXN8R4tOgfMUoUhSI8nIh78umNNxnecer2PpbX8nviECOU95XobHhXNp",
    'idempotency-key': 'subscription_5a0dc5a8-ad62-47e0-a56e-348d63cb8f6a',
    'original-request': 'req_NVQQ2kKFWvm3yO',
    'request-id': 'req_NVQQ2kKFWvm3yO',
    'stripe-version': '2025-06-30.basil',
    vary: 'Origin',
    'x-stripe-priority-routing-enabled': 'true',
    'x-stripe-routing-context-priority-tier': 'api-testmode',
    'x-wc': 'ABGHIJ',
    'strict-transport-security': 'max-age=63072000; includeSubDomains; preload'
  },
  requestId: 'req_NVQQ2kKFWvm3yO',
  statusCode: 400,
  userMessage: undefined,
  charge: undefined,
  decline_code: undefined,
  payment_intent: undefined,
  payment_method: undefined,
  payment_method_type: undefined,
  setup_intent: undefined,
  source: undefined,
  level: 'warn',
  message: "Retryable error on attempt 2, retrying after 2000ms No such price: 'price_1S41xWA1bvHesp63eR7Lf6Oj'",
  stack: "Error: No such price: 'price_1S41xWA1bvHesp63eR7Lf6Oj'\n" +
    '    at generateV1Error (/home/imran/choiceidentity/choiceidentity-backend/node_modules/.pnpm/stripe@18.3.0_@types+node@24.1.0/node_modules/stripe/cjs/Error.js:11:20)\n' +
    '    at res.toJSON.then.Error_js_1.StripeAPIError.message (/home/imran/choiceidentity/choiceidentity-backend/node_modules/.pnpm/stripe@18.3.0_@types+node@24.1.0/node_modules/stripe/cjs/RequestSender.js:108:62)\n' +
    '    at processTicksAndRejections (node:internal/process/task_queues:105:5)',
  timestamp: '2025-09-06T19:21:54.959Z'
}
{
  message: 'Retry attempt 3 started for operation ',
  level: 'info',
  timestamp: '2025-09-06T19:21:56.965Z'
}
{
  type: 'StripeInvalidRequestError',
  raw: {
    code: 'resource_missing',
    doc_url: 'https://stripe.com/docs/error-codes/resource-missing',
    message: "No such price: 'price_1S41xWA1bvHesp63eR7Lf6Oj'",
    param: 'items[0][price]',
    request_log_url: 'https://dashboard.stripe.com/test/logs/req_ysVfGZvY7UPRHG?t=1757186517',
    type: 'invalid_request_error',
    headers: {
      server: 'nginx',
      date: 'Sat, 06 Sep 2025 19:21:57 GMT',
      'content-type': 'application/json',
      'content-length': '355',
      connection: 'keep-alive',
      'access-control-allow-credentials': 'true',
      'access-control-allow-methods': 'GET, HEAD, PUT, PATCH, POST, DELETE',
      'access-control-allow-origin': '*',
      'access-control-expose-headers': 'Request-Id, Stripe-Manage-Version, Stripe-Should-Retry, X-Stripe-External-Auth-Required, X-Stripe-Privileged-Session-Required',
      'access-control-max-age': '300',
      'cache-control': 'no-cache, no-store',
      'content-security-policy': "base-uri 'none'; default-src 'none'; form-action 'none'; frame-ancestors 'none'; img-src 'self'; script-src 'self' 'report-sample'; style-src 'self'; worker-src 'none'; upgrade-insecure-requests; report-uri https://q.stripe.com/csp-violation?q=pobw7zc7H1DeyfOIsYHwCt7ncXN8R4tOgfMUoUhSI8nIh78umNNxnecer2PpbX8nviECOU95XobHhXNp",
      'idempotency-key': 'subscription_5a0dc5a8-ad62-47e0-a56e-348d63cb8f6a',
      'original-request': 'req_ysVfGZvY7UPRHG',
      'request-id': 'req_ysVfGZvY7UPRHG',
      'stripe-version': '2025-06-30.basil',
      vary: 'Origin',
      'x-stripe-priority-routing-enabled': 'true',
      'x-stripe-routing-context-priority-tier': 'api-testmode',
      'x-wc': 'ABGHIJ',
      'strict-transport-security': 'max-age=63072000; includeSubDomains; preload'
    },
    statusCode: 400,
    requestId: 'req_ysVfGZvY7UPRHG'
  },
  rawType: 'invalid_request_error',
  code: 'resource_missing',
  doc_url: 'https://stripe.com/docs/error-codes/resource-missing',
  param: 'items[0][price]',
  detail: undefined,
  headers: {
    server: 'nginx',
    date: 'Sat, 06 Sep 2025 19:21:57 GMT',
    'content-type': 'application/json',
    'content-length': '355',
    connection: 'keep-alive',
    'access-control-allow-credentials': 'true',
    'access-control-allow-methods': 'GET, HEAD, PUT, PATCH, POST, DELETE',
    'access-control-allow-origin': '*',
    'access-control-expose-headers': 'Request-Id, Stripe-Manage-Version, Stripe-Should-Retry, X-Stripe-External-Auth-Required, X-Stripe-Privileged-Session-Required',
    'access-control-max-age': '300',
    'cache-control': 'no-cache, no-store',
    'content-security-policy': "base-uri 'none'; default-src 'none'; form-action 'none'; frame-ancestors 'none'; img-src 'self'; script-src 'self' 'report-sample'; style-src 'self'; worker-src 'none'; upgrade-insecure-requests; report-uri https://q.stripe.com/csp-violation?q=pobw7zc7H1DeyfOIsYHwCt7ncXN8R4tOgfMUoUhSI8nIh78umNNxnecer2PpbX8nviECOU95XobHhXNp",
    'idempotency-key': 'subscription_5a0dc5a8-ad62-47e0-a56e-348d63cb8f6a',
    'original-request': 'req_ysVfGZvY7UPRHG',
    'request-id': 'req_ysVfGZvY7UPRHG',
    'stripe-version': '2025-06-30.basil',
    vary: 'Origin',
    'x-stripe-priority-routing-enabled': 'true',
    'x-stripe-routing-context-priority-tier': 'api-testmode',
    'x-wc': 'ABGHIJ',
    'strict-transport-security': 'max-age=63072000; includeSubDomains; preload'
  },
  requestId: 'req_ysVfGZvY7UPRHG',
  statusCode: 400,
  userMessage: undefined,
  charge: undefined,
  decline_code: undefined,
  payment_intent: undefined,
  payment_method: undefined,
  payment_method_type: undefined,
  setup_intent: undefined,
  source: undefined,
  level: 'warn',
  message: "Retryable error on attempt 3, retrying after 4000ms No such price: 'price_1S41xWA1bvHesp63eR7Lf6Oj'",
  stack: "Error: No such price: 'price_1S41xWA1bvHesp63eR7Lf6Oj'\n" +
    '    at generateV1Error (/home/imran/choiceidentity/choiceidentity-backend/node_modules/.pnpm/stripe@18.3.0_@types+node@24.1.0/node_modules/stripe/cjs/Error.js:11:20)\n' +
    '    at res.toJSON.then.Error_js_1.StripeAPIError.message (/home/imran/choiceidentity/choiceidentity-backend/node_modules/.pnpm/stripe@18.3.0_@types+node@24.1.0/node_modules/stripe/cjs/RequestSender.js:108:62)\n' +
    '    at processTicksAndRejections (node:internal/process/task_queues:105:5)',
  timestamp: '2025-09-06T19:21:57.517Z'
}
{
  type: 'StripeInvalidRequestError',
  raw: {
    code: 'resource_missing',
    doc_url: 'https://stripe.com/docs/error-codes/resource-missing',
    message: "No such price: 'price_1S41xWA1bvHesp63eR7Lf6Oj'",
    param: 'items[0][price]',
    request_log_url: 'https://dashboard.stripe.com/test/logs/req_ysVfGZvY7UPRHG?t=1757186517',
    type: 'invalid_request_error',
    headers: {
      server: 'nginx',
      date: 'Sat, 06 Sep 2025 19:21:57 GMT',
      'content-type': 'application/json',
      'content-length': '355',
      connection: 'keep-alive',
      'access-control-allow-credentials': 'true',
      'access-control-allow-methods': 'GET, HEAD, PUT, PATCH, POST, DELETE',
      'access-control-allow-origin': '*',
      'access-control-expose-headers': 'Request-Id, Stripe-Manage-Version, Stripe-Should-Retry, X-Stripe-External-Auth-Required, X-Stripe-Privileged-Session-Required',
      'access-control-max-age': '300',
      'cache-control': 'no-cache, no-store',
      'content-security-policy': "base-uri 'none'; default-src 'none'; form-action 'none'; frame-ancestors 'none'; img-src 'self'; script-src 'self' 'report-sample'; style-src 'self'; worker-src 'none'; upgrade-insecure-requests; report-uri https://q.stripe.com/csp-violation?q=pobw7zc7H1DeyfOIsYHwCt7ncXN8R4tOgfMUoUhSI8nIh78umNNxnecer2PpbX8nviECOU95XobHhXNp",
      'idempotency-key': 'subscription_5a0dc5a8-ad62-47e0-a56e-348d63cb8f6a',
      'original-request': 'req_ysVfGZvY7UPRHG',
      'request-id': 'req_ysVfGZvY7UPRHG',
      'stripe-version': '2025-06-30.basil',
      vary: 'Origin',
      'x-stripe-priority-routing-enabled': 'true',
      'x-stripe-routing-context-priority-tier': 'api-testmode',
      'x-wc': 'ABGHIJ',
      'strict-transport-security': 'max-age=63072000; includeSubDomains; preload'
    },
    statusCode: 400,
    requestId: 'req_ysVfGZvY7UPRHG'
  },
  rawType: 'invalid_request_error',
  code: 'resource_missing',
  doc_url: 'https://stripe.com/docs/error-codes/resource-missing',
  param: 'items[0][price]',
  detail: undefined,
  headers: {
    server: 'nginx',
    date: 'Sat, 06 Sep 2025 19:21:57 GMT',
    'content-type': 'application/json',
    'content-length': '355',
    connection: 'keep-alive',
    'access-control-allow-credentials': 'true',
    'access-control-allow-methods': 'GET, HEAD, PUT, PATCH, POST, DELETE',
    'access-control-allow-origin': '*',
    'access-control-expose-headers': 'Request-Id, Stripe-Manage-Version, Stripe-Should-Retry, X-Stripe-External-Auth-Required, X-Stripe-Privileged-Session-Required',
    'access-control-max-age': '300',
    'cache-control': 'no-cache, no-store',
    'content-security-policy': "base-uri 'none'; default-src 'none'; form-action 'none'; frame-ancestors 'none'; img-src 'self'; script-src 'self' 'report-sample'; style-src 'self'; worker-src 'none'; upgrade-insecure-requests; report-uri https://q.stripe.com/csp-violation?q=pobw7zc7H1DeyfOIsYHwCt7ncXN8R4tOgfMUoUhSI8nIh78umNNxnecer2PpbX8nviECOU95XobHhXNp",
    'idempotency-key': 'subscription_5a0dc5a8-ad62-47e0-a56e-348d63cb8f6a',
    'original-request': 'req_ysVfGZvY7UPRHG',
    'request-id': 'req_ysVfGZvY7UPRHG',
    'stripe-version': '2025-06-30.basil',
    vary: 'Origin',
    'x-stripe-priority-routing-enabled': 'true',
    'x-stripe-routing-context-priority-tier': 'api-testmode',
    'x-wc': 'ABGHIJ',
    'strict-transport-security': 'max-age=63072000; includeSubDomains; preload'
  },
  requestId: 'req_ysVfGZvY7UPRHG',
  statusCode: 400,
  userMessage: undefined,
  charge: undefined,
  decline_code: undefined,
  payment_intent: undefined,
  payment_method: undefined,
  payment_method_type: undefined,
  setup_intent: undefined,
  source: undefined,
  level: 'error',
  message: "All retry attempts failed No such price: 'price_1S41xWA1bvHesp63eR7Lf6Oj'",
  stack: "Error: No such price: 'price_1S41xWA1bvHesp63eR7Lf6Oj'\n" +
    '    at generateV1Error (/home/imran/choiceidentity/choiceidentity-backend/node_modules/.pnpm/stripe@18.3.0_@types+node@24.1.0/node_modules/stripe/cjs/Error.js:11:20)\n' +
    '    at res.toJSON.then.Error_js_1.StripeAPIError.message (/home/imran/choiceidentity/choiceidentity-backend/node_modules/.pnpm/stripe@18.3.0_@types+node@24.1.0/node_modules/stripe/cjs/RequestSender.js:108:62)\n' +
    '    at processTicksAndRejections (node:internal/process/task_queues:105:5)',
  timestamp: '2025-09-06T19:21:57.520Z'
}
{
  err: StripeInvalidRequestError: No such price: 'price_1S41xWA1bvHesp63eR7Lf6Oj'
      at generateV1Error (/home/imran/choiceidentity/choiceidentity-backend/node_modules/.pnpm/stripe@18.3.0_@types+node@24.1.0/node_modules/stripe/cjs/Error.js:11:20)
      at res.toJSON.then.Error_js_1.StripeAPIError.message (/home/imran/choiceidentity/choiceidentity-backend/node_modules/.pnpm/stripe@18.3.0_@types+node@24.1.0/node_modules/stripe/cjs/RequestSender.js:108:62)
      at processTicksAndRejections (node:internal/process/task_queues:105:5) {
    type: 'StripeInvalidRequestError',
    raw: {
      code: 'resource_missing',
      doc_url: 'https://stripe.com/docs/error-codes/resource-missing',
      message: "No such price: 'price_1S41xWA1bvHesp63eR7Lf6Oj'",
      param: 'items[0][price]',
      request_log_url: 'https://dashboard.stripe.com/test/logs/req_ysVfGZvY7UPRHG?t=1757186517',
      type: 'invalid_request_error',
      headers: {
        server: 'nginx',
        date: 'Sat, 06 Sep 2025 19:21:57 GMT',
        'content-type': 'application/json',
        'content-length': '355',
        connection: 'keep-alive',
        'access-control-allow-credentials': 'true',
        'access-control-allow-methods': 'GET, HEAD, PUT, PATCH, POST, DELETE',
        'access-control-allow-origin': '*',
        'access-control-expose-headers': 'Request-Id, Stripe-Manage-Version, Stripe-Should-Retry, X-Stripe-External-Auth-Required, X-Stripe-Privileged-Session-Required',
        'access-control-max-age': '300',
        'cache-control': 'no-cache, no-store',
        'content-security-policy': "base-uri 'none'; default-src 'none'; form-action 'none'; frame-ancestors 'none'; img-src 'self'; script-src 'self' 'report-sample'; style-src 'self'; worker-src 'none'; upgrade-insecure-requests; report-uri https://q.stripe.com/csp-violation?q=pobw7zc7H1DeyfOIsYHwCt7ncXN8R4tOgfMUoUhSI8nIh78umNNxnecer2PpbX8nviECOU95XobHhXNp",
        'idempotency-key': 'subscription_5a0dc5a8-ad62-47e0-a56e-348d63cb8f6a',
        'original-request': 'req_ysVfGZvY7UPRHG',
        'request-id': 'req_ysVfGZvY7UPRHG',
        'stripe-version': '2025-06-30.basil',
        vary: 'Origin',
        'x-stripe-priority-routing-enabled': 'true',
        'x-stripe-routing-context-priority-tier': 'api-testmode',
        'x-wc': 'ABGHIJ',
        'strict-transport-security': 'max-age=63072000; includeSubDomains; preload'
      },
      statusCode: 400,
      requestId: 'req_ysVfGZvY7UPRHG'
    },
    rawType: 'invalid_request_error',
    code: 'resource_missing',
    doc_url: 'https://stripe.com/docs/error-codes/resource-missing',
    param: 'items[0][price]',
    detail: undefined,
    headers: {
      server: 'nginx',
      date: 'Sat, 06 Sep 2025 19:21:57 GMT',
      'content-type': 'application/json',
      'content-length': '355',
      connection: 'keep-alive',
      'access-control-allow-credentials': 'true',
      'access-control-allow-methods': 'GET, HEAD, PUT, PATCH, POST, DELETE',
      'access-control-allow-origin': '*',
      'access-control-expose-headers': 'Request-Id, Stripe-Manage-Version, Stripe-Should-Retry, X-Stripe-External-Auth-Required, X-Stripe-Privileged-Session-Required',
      'access-control-max-age': '300',
      'cache-control': 'no-cache, no-store',
      'content-security-policy': "base-uri 'none'; default-src 'none'; form-action 'none'; frame-ancestors 'none'; img-src 'self'; script-src 'self' 'report-sample'; style-src 'self'; worker-src 'none'; upgrade-insecure-requests; report-uri https://q.stripe.com/csp-violation?q=pobw7zc7H1DeyfOIsYHwCt7ncXN8R4tOgfMUoUhSI8nIh78umNNxnecer2PpbX8nviECOU95XobHhXNp",
      'idempotency-key': 'subscription_5a0dc5a8-ad62-47e0-a56e-348d63cb8f6a',
      'original-request': 'req_ysVfGZvY7UPRHG',
      'request-id': 'req_ysVfGZvY7UPRHG',
      'stripe-version': '2025-06-30.basil',
      vary: 'Origin',
      'x-stripe-priority-routing-enabled': 'true',
      'x-stripe-routing-context-priority-tier': 'api-testmode',
      'x-wc': 'ABGHIJ',
      'strict-transport-security': 'max-age=63072000; includeSubDomains; preload'
    },
    requestId: 'req_ysVfGZvY7UPRHG',
    statusCode: 400,
    userMessage: undefined,
    charge: undefined,
    decline_code: undefined,
    payment_intent: undefined,
    payment_method: undefined,
    payment_method_type: undefined,
    setup_intent: undefined,
    source: undefined
  },
  customerId: 'cus_T0SbR1wFooEIB5',
  level: 'error',
  message: 'Stripe subscription creation failed',
  timestamp: '2025-09-06T19:21:57.522Z'
}
{
  message: 'Retry attempt 1 started for operation ',
  level: 'info',
  timestamp: '2025-09-06T19:21:57.611Z'
}
{
  message: 'Deleted customer cus_T0SbR1wFooEIB5',
  level: 'info',
  timestamp: '2025-09-06T19:21:58.542Z'
}
{
  message: '💻 Database connected successfully 💻',
  level: 'info',
  timestamp: '2025-09-06T19:23:43.501Z'
}
{
  message: '💻 Database connected successfully 💻',
  level: 'info',
  timestamp: '2025-09-06T19:23:55.980Z'
}
{
  message: '💻 Database connected successfully 💻',
  level: 'info',
  timestamp: '2025-09-06T19:26:43.309Z'
}
{
  message: '💻 Database connected successfully 💻',
  level: 'info',
  timestamp: '2025-09-06T19:26:51.846Z'
}
{
  message: '💻 Database connected successfully 💻',
  level: 'info',
  timestamp: '2025-09-06T19:27:12.688Z'
}
{
  message: '💻 Database connected successfully 💻',
  level: 'info',
  timestamp: '2025-09-06T19:30:17.560Z'
}
{
  message: '💻 Database connected successfully 💻',
  level: 'info',
  timestamp: '2025-09-06T19:32:12.481Z'
}
{
  message: '💻 Database connected successfully 💻',
  level: 'info',
  timestamp: '2025-09-06T19:49:21.277Z'
}
{
  message: '💻 Database connected successfully 💻',
  level: 'info',
  timestamp: '2025-09-06T19:50:56.261Z'
}
{
  message: '💻 Database connected successfully 💻',
  level: 'info',
  timestamp: '2025-09-06T19:52:09.072Z'
}
{
  message: '💻 Database connected successfully 💻',
  level: 'info',
  timestamp: '2025-09-06T19:53:57.200Z'
}
{
  message: '💻 Database connected successfully 💻',
  level: 'info',
  timestamp: '2025-09-06T19:54:00.494Z'
}
{
  message: '💻 Database connected successfully 💻',
  level: 'info',
  timestamp: '2025-09-06T19:54:58.332Z'
}
