{
  message: '💻 Database connected successfully 💻',
  level: 'info',
  timestamp: '2025-08-13T04:39:43.034Z'
}
{
  message: '💻 Database connected successfully 💻',
  level: 'info',
  timestamp: '2025-08-13T04:53:27.603Z'
}
{
  message: '💻 Database connected successfully 💻',
  level: 'info',
  timestamp: '2025-08-13T04:53:32.424Z'
}
{
  message: '💻 Database connected successfully 💻',
  level: 'info',
  timestamp: '2025-08-13T04:54:06.036Z'
}
{
  message: '💻 Database connected successfully 💻',
  level: 'info',
  timestamp: '2025-08-13T04:54:31.518Z'
}
{
  message: '💻 Database connected successfully 💻',
  level: 'info',
  timestamp: '2025-08-13T04:54:37.942Z'
}
{
  message: 'Retry attempt 1 started',
  level: 'info',
  timestamp: '2025-08-13T04:56:30.638Z'
}
{
  message: 'Canceled subscription sub_1RvWjg2NDTqGR9XI70zN988P',
  level: 'info',
  timestamp: '2025-08-13T04:56:31.724Z'
}
{
  message: 'Retry attempt 1 started',
  level: 'info',
  timestamp: '2025-08-13T04:56:31.725Z'
}
{
  message: 'Deleted customer cus_SrFE6JJl8EjtEA',
  level: 'info',
  timestamp: '2025-08-13T04:56:32.643Z'
}
{
  message: '💻 Database connected successfully 💻',
  level: 'info',
  timestamp: '2025-08-13T04:57:28.853Z'
}
