{
  message: '💻 Database connected successfully 💻',
  level: 'info',
  timestamp: '2024-02-06T20:00:04.614Z'
}
{
  message: '💻 Database connected successfully 💻',
  level: 'info',
  timestamp: '2024-02-06T20:00:42.108Z'
}
{
  message: '💻 Database connected successfully 💻',
  level: 'info',
  timestamp: '2024-02-06T20:00:54.008Z'
}
{
  message: '💻 Database connected successfully 💻',
  level: 'info',
  timestamp: '2024-02-06T20:01:50.470Z'
}
{
  message: '💻 Database connected successfully 💻',
  level: 'info',
  timestamp: '2024-02-06T20:02:31.164Z'
}
{
  message: '💻 Database connected successfully 💻',
  level: 'info',
  timestamp: '2024-02-06T20:05:50.309Z'
}
{
  message: '💻 Database connected successfully 💻',
  level: 'info',
  timestamp: '2024-02-06T20:07:21.433Z'
}
{
  message: '💻 Database connected successfully 💻',
  level: 'info',
  timestamp: '2024-02-06T20:07:49.412Z'
}
{
  message: '💻 Database connected successfully 💻',
  level: 'info',
  timestamp: '2024-02-06T20:10:16.652Z'
}
{
  message: '💻 Database connected successfully 💻',
  level: 'info',
  timestamp: '2024-02-06T20:11:04.323Z'
}
{
  message: '💻 Database connected successfully 💻',
  level: 'info',
  timestamp: '2024-02-06T20:15:57.975Z'
}
{
  message: '💻 Database connected successfully 💻',
  level: 'info',
  timestamp: '2024-02-06T20:18:35.137Z'
}
{
  message: '💻 Database connected successfully 💻',
  level: 'info',
  timestamp: '2024-02-06T20:18:54.262Z'
}
{
  message: '💻 Database connected successfully 💻',
  level: 'info',
  timestamp: '2024-02-06T20:20:09.946Z'
}
{
  message: '💻 Database connected successfully 💻',
  level: 'info',
  timestamp: '2024-02-06T20:35:21.380Z'
}
{
  message: '💻 Database connected successfully 💻',
  level: 'info',
  timestamp: '2024-02-06T20:37:56.844Z'
}
{
  message: '💻 Database connected successfully 💻',
  level: 'info',
  timestamp: '2024-02-06T20:38:38.802Z'
}
{
  message: '💻 Database connected successfully 💻',
  level: 'info',
  timestamp: '2024-02-06T20:38:51.762Z'
}
{
  message: '💻 Database connected successfully 💻',
  level: 'info',
  timestamp: '2024-02-06T20:48:57.081Z'
}
{
  message: '💻 Database connected successfully 💻',
  level: 'info',
  timestamp: '2024-02-06T20:57:30.069Z'
}
{
  message: '💻 Database connected successfully 💻',
  level: 'info',
  timestamp: '2024-02-06T20:58:19.739Z'
}
{
  message: '💻 Database connected successfully 💻',
  level: 'info',
  timestamp: '2024-02-06T20:58:44.509Z'
}
{
  message: '💻 Database connected successfully 💻',
  level: 'info',
  timestamp: '2024-02-06T20:59:18.185Z'
}
