{
  message: '💻 Database connected successfully 💻',
  level: 'info',
  timestamp: '2025-09-09T19:01:40.762Z'
}
{
  message: '💻 Database connected successfully 💻',
  level: 'info',
  timestamp: '2025-09-09T19:02:21.299Z'
}
{
  message: '💻 Database connected successfully 💻',
  level: 'info',
  timestamp: '2025-09-09T19:02:36.377Z'
}
{
  message: '💻 Database connected successfully 💻',
  level: 'info',
  timestamp: '2025-09-09T19:04:06.959Z'
}
{
  message: '💻 Database connected successfully 💻',
  level: 'info',
  timestamp: '2025-09-09T19:06:34.837Z'
}
{
  message: '💻 Database connected successfully 💻',
  level: 'info',
  timestamp: '2025-09-09T19:07:48.456Z'
}
