{
  message: '💻 Database connected successfully 💻',
  level: 'info',
  timestamp: '2025-08-13T15:02:09.401Z'
}
{
  message: '💻 Database connected successfully 💻',
  level: 'info',
  timestamp: '2025-08-13T15:03:43.595Z'
}
{
  message: '💻 Database connected successfully 💻',
  level: 'info',
  timestamp: '2025-08-13T15:04:55.551Z'
}
{
  message: '💻 Database connected successfully 💻',
  level: 'info',
  timestamp: '2025-08-13T15:07:08.096Z'
}
{
  message: '💻 Database connected successfully 💻',
  level: 'info',
  timestamp: '2025-08-13T15:07:57.238Z'
}
{
  message: '💻 Database connected successfully 💻',
  level: 'info',
  timestamp: '2025-08-13T15:08:12.656Z'
}
{
  message: '💻 Database connected successfully 💻',
  level: 'info',
  timestamp: '2025-08-13T15:09:36.378Z'
}
{
  message: '💻 Database connected successfully 💻',
  level: 'info',
  timestamp: '2025-08-13T15:11:16.752Z'
}
{
  message: '💻 Database connected successfully 💻',
  level: 'info',
  timestamp: '2025-08-13T15:11:53.781Z'
}
{
  message: '💻 Database connected successfully 💻',
  level: 'info',
  timestamp: '2025-08-13T15:12:06.443Z'
}
{
  message: '💻 Database connected successfully 💻',
  level: 'info',
  timestamp: '2025-08-13T15:12:15.305Z'
}
{
  message: '💻 Database connected successfully 💻',
  level: 'info',
  timestamp: '2025-08-13T15:12:41.505Z'
}
{
  message: '💻 Database connected successfully 💻',
  level: 'info',
  timestamp: '2025-08-13T15:15:04.978Z'
}
{
  message: '💻 Database connected successfully 💻',
  level: 'info',
  timestamp: '2025-08-13T15:15:57.314Z'
}
{
  message: '💻 Database connected successfully 💻',
  level: 'info',
  timestamp: '2025-08-13T15:17:24.388Z'
}
{
  message: '💻 Database connected successfully 💻',
  level: 'info',
  timestamp: '2025-08-13T15:17:49.937Z'
}
{
  message: 'Retry attempt 1 started',
  level: 'info',
  timestamp: '2025-08-13T15:18:15.744Z'
}
{
  message: 'Canceled subscription sub_1RvgRN2NDTqGR9XI1qJIp79V',
  level: 'info',
  timestamp: '2025-08-13T15:18:16.516Z'
}
{
  message: '💻 Database connected successfully 💻',
  level: 'info',
  timestamp: '2025-08-13T15:20:33.135Z'
}
{
  message: '💻 Database connected successfully 💻',
  level: 'info',
  timestamp: '2025-08-13T15:23:37.447Z'
}
{
  message: '💻 Database connected successfully 💻',
  level: 'info',
  timestamp: '2025-08-13T15:28:35.030Z'
}
{
  message: '💻 Database connected successfully 💻',
  level: 'info',
  timestamp: '2025-08-13T15:29:38.385Z'
}
{
  message: '💻 Database connected successfully 💻',
  level: 'info',
  timestamp: '2025-08-13T15:29:58.107Z'
}
{
  message: '💻 Database connected successfully 💻',
  level: 'info',
  timestamp: '2025-08-13T15:32:11.960Z'
}
{
  message: 'Retry attempt 1 started',
  level: 'info',
  timestamp: '2025-08-13T15:32:46.098Z'
}
{
  message: 'Canceled subscription sub_1RvgfP2NDTqGR9XIwN5eZeFv',
  level: 'info',
  timestamp: '2025-08-13T15:32:46.987Z'
}
{
  message: '💻 Database connected successfully 💻',
  level: 'info',
  timestamp: '2025-08-13T15:34:11.494Z'
}
{
  message: '💻 Database connected successfully 💻',
  level: 'info',
  timestamp: '2025-08-13T15:34:35.285Z'
}
{
  message: '💻 Database connected successfully 💻',
  level: 'info',
  timestamp: '2025-08-13T15:36:25.451Z'
}
{
  message: '💻 Database connected successfully 💻',
  level: 'info',
  timestamp: '2025-08-13T15:37:27.942Z'
}
{
  message: '💻 Database connected successfully 💻',
  level: 'info',
  timestamp: '2025-08-13T15:37:49.310Z'
}
{
  message: '💻 Database connected successfully 💻',
  level: 'info',
  timestamp: '2025-08-13T15:37:56.481Z'
}
{
  message: 'Retry attempt 1 started',
  level: 'info',
  timestamp: '2025-08-13T15:38:20.113Z'
}
{
  message: 'Canceled subscription sub_1Rvgkn2NDTqGR9XIkYIpDaRT',
  level: 'info',
  timestamp: '2025-08-13T15:38:20.838Z'
}
{
  message: '💻 Database connected successfully 💻',
  level: 'info',
  timestamp: '2025-08-13T15:40:32.901Z'
}
{
  message: '💻 Database connected successfully 💻',
  level: 'info',
  timestamp: '2025-08-13T15:40:53.904Z'
}
{
  message: '💻 Database connected successfully 💻',
  level: 'info',
  timestamp: '2025-08-13T15:46:42.166Z'
}
{
  message: '💻 Database connected successfully 💻',
  level: 'info',
  timestamp: '2025-08-13T15:47:47.692Z'
}
{
  message: '💻 Database connected successfully 💻',
  level: 'info',
  timestamp: '2025-08-13T15:51:00.194Z'
}
{
  message: '💻 Database connected successfully 💻',
  level: 'info',
  timestamp: '2025-08-13T15:52:39.608Z'
}
{
  message: '💻 Database connected successfully 💻',
  level: 'info',
  timestamp: '2025-08-13T15:55:52.547Z'
}
{
  message: '💻 Database connected successfully 💻',
  level: 'info',
  timestamp: '2025-08-13T15:56:00.344Z'
}
{
  message: 'Retry attempt 1 started',
  level: 'info',
  timestamp: '2025-08-13T15:57:59.112Z'
}
{
  message: 'Canceled subscription sub_1Rvh3o2NDTqGR9XIVVry7Cmk',
  level: 'info',
  timestamp: '2025-08-13T15:57:59.816Z'
}
