{
  message: '💻 Database connected successfully 💻',
  level: 'info',
  timestamp: '2025-06-19T16:07:43.450Z'
}
{
  message: '✅ Socket connected: ibhVyz9EKE920sNJAAAH, userId: 67d07916b75af0a0ba78c34d, role: super_admin',
  level: 'info',
  timestamp: '2025-06-19T16:07:58.105Z'
}
{
  message: '📤 Sent 14 unread notifications to 67d07916b75af0a0ba78c34d',
  level: 'info',
  timestamp: '2025-06-19T16:07:58.200Z'
}
{
  message: '📥 Notification 685420f9a49bbf62e00afbfd marked as read by 67d07916b75af0a0ba78c34d',
  level: 'info',
  timestamp: '2025-06-19T16:08:00.690Z'
}
{
  message: '❌ Socket disconnected: ibhVyz9EKE920sNJAAAH',
  level: 'warn',
  timestamp: '2025-06-19T16:08:15.267Z'
}
{
  message: '🗑 Removed userId=67d07916b75af0a0ba78c34d from connected users',
  level: 'info',
  timestamp: '2025-06-19T16:08:15.268Z'
}
{
  pagesVisited: [],
  actionsTaken: [],
  sessionDuration: 17160,
  lastInteraction: 2025-06-19T16:07:58.108Z,
  level: 'info',
  message: 'Session data saved for 67d07916b75af0a0ba78c34d session:',
  timestamp: '2025-06-19T16:08:15.269Z'
}
{
  message: '💻 Database connected successfully 💻',
  level: 'info',
  timestamp: '2025-06-19T16:35:51.759Z'
}
{
  message: '💻 Database connected successfully 💻',
  level: 'info',
  timestamp: '2025-06-19T16:37:18.958Z'
}
{
  message: '💻 Database connected successfully 💻',
  level: 'info',
  timestamp: '2025-06-19T16:37:52.600Z'
}
{
  message: '💻 Database connected successfully 💻',
  level: 'info',
  timestamp: '2025-06-19T16:37:54.408Z'
}
{
  message: '💻 Database connected successfully 💻',
  level: 'info',
  timestamp: '2025-06-19T16:38:15.942Z'
}
{
  message: '💻 Database connected successfully 💻',
  level: 'info',
  timestamp: '2025-06-19T16:39:07.462Z'
}
{
  message: '💻 Database connected successfully 💻',
  level: 'info',
  timestamp: '2025-06-19T16:39:39.277Z'
}
{
  message: '💻 Database connected successfully 💻',
  level: 'info',
  timestamp: '2025-06-19T16:39:47.818Z'
}
{
  message: '💻 Database connected successfully 💻',
  level: 'info',
  timestamp: '2025-06-19T16:40:31.014Z'
}
{
  message: '💻 Database connected successfully 💻',
  level: 'info',
  timestamp: '2025-06-19T16:41:40.287Z'
}
{
  message: '💻 Database connected successfully 💻',
  level: 'info',
  timestamp: '2025-06-19T16:41:56.322Z'
}
{
  message: '💻 Database connected successfully 💻',
  level: 'info',
  timestamp: '2025-06-19T16:42:04.697Z'
}
{
  message: '💻 Database connected successfully 💻',
  level: 'info',
  timestamp: '2025-06-19T16:42:47.358Z'
}
{
  message: '💻 Database connected successfully 💻',
  level: 'info',
  timestamp: '2025-06-19T16:42:54.414Z'
}
{
  message: '💻 Database connected successfully 💻',
  level: 'info',
  timestamp: '2025-06-19T16:43:01.145Z'
}
{
  message: '💻 Database connected successfully 💻',
  level: 'info',
  timestamp: '2025-06-19T16:43:07.665Z'
}
{
  message: '💻 Database connected successfully 💻',
  level: 'info',
  timestamp: '2025-06-19T16:43:17.875Z'
}
{
  message: '💻 Database connected successfully 💻',
  level: 'info',
  timestamp: '2025-06-19T16:43:34.923Z'
}
{
  message: '💻 Database connected successfully 💻',
  level: 'info',
  timestamp: '2025-06-19T16:44:12.407Z'
}
{
  message: '💻 Database connected successfully 💻',
  level: 'info',
  timestamp: '2025-06-19T16:44:15.406Z'
}
{
  message: '💻 Database connected successfully 💻',
  level: 'info',
  timestamp: '2025-06-19T16:44:21.949Z'
}
{
  message: '💻 Database connected successfully 💻',
  level: 'info',
  timestamp: '2025-06-19T16:44:24.627Z'
}
{
  message: '💻 Database connected successfully 💻',
  level: 'info',
  timestamp: '2025-06-19T16:46:22.041Z'
}
{
  message: '💻 Database connected successfully 💻',
  level: 'info',
  timestamp: '2025-06-19T16:47:07.521Z'
}
{
  message: '💻 Database connected successfully 💻',
  level: 'info',
  timestamp: '2025-06-19T16:47:45.116Z'
}
{
  message: '💻 Database connected successfully 💻',
  level: 'info',
  timestamp: '2025-06-19T16:48:24.425Z'
}
{
  message: '💻 Database connected successfully 💻',
  level: 'info',
  timestamp: '2025-06-19T16:55:25.069Z'
}
{
  message: '💻 Database connected successfully 💻',
  level: 'info',
  timestamp: '2025-06-19T16:58:58.793Z'
}
{
  message: '💻 Database connected successfully 💻',
  level: 'info',
  timestamp: '2025-06-19T16:59:38.463Z'
}
{
  message: '💻 Database connected successfully 💻',
  level: 'info',
  timestamp: '2025-06-19T16:59:41.877Z'
}
{
  message: '💻 Database connected successfully 💻',
  level: 'info',
  timestamp: '2025-06-19T16:59:47.073Z'
}
