{
  message: '💻 Database connected successfully 💻',
  level: 'info',
  timestamp: '2025-08-27T05:24:52.740Z'
}
{
  message: '💻 Database connected successfully 💻',
  level: 'info',
  timestamp: '2025-08-27T05:50:25.417Z'
}
{
  message: '💻 Database connected successfully 💻',
  level: 'info',
  timestamp: '2025-08-27T05:51:45.451Z'
}
{
  message: '💻 Database connected successfully 💻',
  level: 'info',
  timestamp: '2025-08-27T05:56:17.793Z'
}
{
  message: '💻 Database connected successfully 💻',
  level: 'info',
  timestamp: '2025-08-27T05:56:34.105Z'
}
