{
  message: '💻 Database connected successfully 💻',
  level: 'info',
  timestamp: '2025-09-01T23:16:46.845Z'
}
{
  message: '💻 Database connected successfully 💻',
  level: 'info',
  timestamp: '2025-09-01T23:17:27.912Z'
}
{
  message: '💻 Database connected successfully 💻',
  level: 'info',
  timestamp: '2025-09-01T23:41:56.541Z'
}
{
  message: '💻 Database connected successfully 💻',
  level: 'info',
  timestamp: '2025-09-01T23:46:06.673Z'
}
{
  message: '💻 Database connected successfully 💻',
  level: 'info',
  timestamp: '2025-09-01T23:46:51.371Z'
}
