{
  message: '💻 Database connected successfully 💻',
  level: 'info',
  timestamp: '2025-06-22T06:36:39.482Z'
}
{
  message: '✅ Socket connected: 7TPTasJkhMFbiJ6SAAAH, userId: 67d07916b75af0a0ba78c34d, role: super_admin',
  level: 'info',
  timestamp: '2025-06-22T06:54:09.344Z'
}
{
  message: '📤 Sent 3 unread notifications to 67d07916b75af0a0ba78c34d',
  level: 'info',
  timestamp: '2025-06-22T06:54:09.427Z'
}
{
  message: '❌ Socket disconnected: 7TPTasJkhMFbiJ6SAAAH',
  level: 'warn',
  timestamp: '2025-06-22T06:54:11.723Z'
}
{
  message: '🗑 Removed userId=67d07916b75af0a0ba78c34d from connected users',
  level: 'info',
  timestamp: '2025-06-22T06:54:11.724Z'
}
{
  pagesVisited: [],
  actionsTaken: [],
  sessionDuration: 2380,
  lastInteraction: 2025-06-22T06:54:09.345Z,
  level: 'info',
  message: 'Session data saved for 67d07916b75af0a0ba78c34d session:',
  timestamp: '2025-06-22T06:54:11.726Z'
}
{
  message: '✅ Socket connected: 2jFlivna6K1lueY4AAAK, userId: 67d07916b75af0a0ba78c34d, role: super_admin',
  level: 'info',
  timestamp: '2025-06-22T06:54:12.318Z'
}
{
  message: '📤 Sent 3 unread notifications to 67d07916b75af0a0ba78c34d',
  level: 'info',
  timestamp: '2025-06-22T06:54:12.386Z'
}
{
  message: '❌ Socket disconnected: 2jFlivna6K1lueY4AAAK',
  level: 'warn',
  timestamp: '2025-06-22T06:54:54.799Z'
}
{
  message: '🗑 Removed userId=67d07916b75af0a0ba78c34d from connected users',
  level: 'info',
  timestamp: '2025-06-22T06:54:54.803Z'
}
{
  pagesVisited: [],
  actionsTaken: [],
  sessionDuration: 42492,
  lastInteraction: 2025-06-22T06:54:12.319Z,
  level: 'info',
  message: 'Session data saved for 67d07916b75af0a0ba78c34d session:',
  timestamp: '2025-06-22T06:54:54.811Z'
}
{
  message: '✅ Socket connected: n4437LtFw0iqnPNLAAAN, userId: 67d07916b75af0a0ba78c34d, role: super_admin',
  level: 'info',
  timestamp: '2025-06-22T06:54:55.682Z'
}
{
  message: '📤 Sent 4 unread notifications to 67d07916b75af0a0ba78c34d',
  level: 'info',
  timestamp: '2025-06-22T06:54:55.760Z'
}
{
  message: '❌ Socket disconnected: n4437LtFw0iqnPNLAAAN',
  level: 'warn',
  timestamp: '2025-06-22T06:55:05.687Z'
}
{
  message: '🗑 Removed userId=67d07916b75af0a0ba78c34d from connected users',
  level: 'info',
  timestamp: '2025-06-22T06:55:05.689Z'
}
{
  pagesVisited: [],
  actionsTaken: [],
  sessionDuration: 10010,
  lastInteraction: 2025-06-22T06:54:55.682Z,
  level: 'info',
  message: 'Session data saved for 67d07916b75af0a0ba78c34d session:',
  timestamp: '2025-06-22T06:55:05.692Z'
}
{
  message: '✅ Socket connected: 9DrZo8JW7asG2eeOAAAQ, userId: 67d07916b75af0a0ba78c34d, role: super_admin',
  level: 'info',
  timestamp: '2025-06-22T06:55:06.404Z'
}
{
  message: '📤 Sent 3 unread notifications to 67d07916b75af0a0ba78c34d',
  level: 'info',
  timestamp: '2025-06-22T06:55:06.476Z'
}
{
  message: '❌ Socket disconnected: 9DrZo8JW7asG2eeOAAAQ',
  level: 'warn',
  timestamp: '2025-06-22T06:55:10.579Z'
}
{
  message: '🗑 Removed userId=67d07916b75af0a0ba78c34d from connected users',
  level: 'info',
  timestamp: '2025-06-22T06:55:10.581Z'
}
{
  pagesVisited: [],
  actionsTaken: [],
  sessionDuration: 4178,
  lastInteraction: 2025-06-22T06:55:06.405Z,
  level: 'info',
  message: 'Session data saved for 67d07916b75af0a0ba78c34d session:',
  timestamp: '2025-06-22T06:55:10.583Z'
}
{
  message: '✅ Socket connected: KZGtjnU5kuoadTG4AAAT, userId: 67d07916b75af0a0ba78c34d, role: super_admin',
  level: 'info',
  timestamp: '2025-06-22T06:56:08.411Z'
}
{
  message: '📤 Sent 4 unread notifications to 67d07916b75af0a0ba78c34d',
  level: 'info',
  timestamp: '2025-06-22T06:56:08.482Z'
}
{
  message: '❌ Socket disconnected: KZGtjnU5kuoadTG4AAAT',
  level: 'warn',
  timestamp: '2025-06-22T06:56:41.102Z'
}
{
  message: '🗑 Removed userId=67d07916b75af0a0ba78c34d from connected users',
  level: 'info',
  timestamp: '2025-06-22T06:56:41.105Z'
}
{
  pagesVisited: [],
  actionsTaken: [],
  sessionDuration: 32692,
  lastInteraction: 2025-06-22T06:56:08.414Z,
  level: 'info',
  message: 'Session data saved for 67d07916b75af0a0ba78c34d session:',
  timestamp: '2025-06-22T06:56:41.106Z'
}
{
  message: '✅ Socket connected: FuTcISvs7_iBlR6nAAAW, userId: 67d07916b75af0a0ba78c34d, role: super_admin',
  level: 'info',
  timestamp: '2025-06-22T06:56:42.506Z'
}
{
  message: '📤 Sent 4 unread notifications to 67d07916b75af0a0ba78c34d',
  level: 'info',
  timestamp: '2025-06-22T06:56:42.590Z'
}
{
  message: '❌ Socket disconnected: FuTcISvs7_iBlR6nAAAW',
  level: 'warn',
  timestamp: '2025-06-22T06:57:01.116Z'
}
{
  message: '🗑 Removed userId=67d07916b75af0a0ba78c34d from connected users',
  level: 'info',
  timestamp: '2025-06-22T06:57:01.119Z'
}
{
  pagesVisited: [],
  actionsTaken: [],
  sessionDuration: 18613,
  lastInteraction: 2025-06-22T06:56:42.507Z,
  level: 'info',
  message: 'Session data saved for 67d07916b75af0a0ba78c34d session:',
  timestamp: '2025-06-22T06:57:01.120Z'
}
{
  message: '✅ Socket connected: Tmf1vV2T1_oD3CQCAAAZ, userId: 67d07916b75af0a0ba78c34d, role: super_admin',
  level: 'info',
  timestamp: '2025-06-22T06:57:01.922Z'
}
{
  message: '📤 Sent 5 unread notifications to 67d07916b75af0a0ba78c34d',
  level: 'info',
  timestamp: '2025-06-22T06:57:02.004Z'
}
