{
  message: '💻 Database connected successfully 💻',
  level: 'info',
  timestamp: '2025-09-11T19:40:44.421Z'
}
{
  message: '💻 Database connected successfully 💻',
  level: 'info',
  timestamp: '2025-09-11T19:40:47.748Z'
}
{
  message: '💻 Database connected successfully 💻',
  level: 'info',
  timestamp: '2025-09-11T19:41:06.001Z'
}
{
  message: '💻 Database connected successfully 💻',
  level: 'info',
  timestamp: '2025-09-11T19:41:19.499Z'
}
{
  message: '💻 Database connected successfully 💻',
  level: 'info',
  timestamp: '2025-09-11T19:41:30.141Z'
}
{
  message: '💻 Database connected successfully 💻',
  level: 'info',
  timestamp: '2025-09-11T19:41:41.373Z'
}
{
  message: '💻 Database connected successfully 💻',
  level: 'info',
  timestamp: '2025-09-11T19:41:48.186Z'
}
{
  message: '💻 Database connected successfully 💻',
  level: 'info',
  timestamp: '2025-09-11T19:47:00.070Z'
}
{
  message: 'Retry attempt 1 started for operation ',
  level: 'info',
  timestamp: '2025-09-11T19:47:31.740Z'
}
{
  message: 'Retry attempt 1 started for operation ',
  level: 'info',
  timestamp: '2025-09-11T19:47:32.518Z'
}
{
  message: 'Retry attempt 1 started for operation ',
  level: 'info',
  timestamp: '2025-09-11T19:47:33.403Z'
}
{
  message: 'Retry attempt 1 started for operation ',
  level: 'info',
  timestamp: '2025-09-11T19:47:33.921Z'
}
{
  message: 'Retry attempt 1 started for operation ',
  level: 'info',
  timestamp: '2025-09-11T19:47:34.439Z'
}
{
  message: 'Retry attempt 1 started for operation ',
  level: 'info',
  timestamp: '2025-09-11T19:47:35.599Z'
}
{
  message: 'Retry attempt 1 started for operation ',
  level: 'info',
  timestamp: '2025-09-11T19:55:58.221Z'
}
{
  message: 'Retry attempt 1 started for operation ',
  level: 'info',
  timestamp: '2025-09-11T19:55:59.090Z'
}
{
  message: 'Retry attempt 1 started for operation ',
  level: 'info',
  timestamp: '2025-09-11T19:55:59.982Z'
}
{
  message: 'Retry attempt 1 started for operation ',
  level: 'info',
  timestamp: '2025-09-11T19:56:00.602Z'
}
{
  message: 'Retry attempt 1 started for operation ',
  level: 'info',
  timestamp: '2025-09-11T19:56:01.144Z'
}
{
  message: 'Retry attempt 1 started for operation ',
  level: 'info',
  timestamp: '2025-09-11T19:56:02.326Z'
}
