{
  message: 'Retry attempt 1 started',
  level: 'info',
  timestamp: '2025-08-12T21:01:24.739Z'
}
{
  message: 'Canceled subscription sub_1RvPJu2NDTqGR9XIuGVr5iEV',
  level: 'info',
  timestamp: '2025-08-12T21:01:25.468Z'
}
{
  message: 'Retry attempt 1 started',
  level: 'info',
  timestamp: '2025-08-12T21:01:25.469Z'
}
{
  message: 'Deleted customer cus_Sr7YX8YsCZKhJR',
  level: 'info',
  timestamp: '2025-08-12T21:01:26.171Z'
}
{
  message: '💻 Database connected successfully 💻',
  level: 'info',
  timestamp: '2025-08-12T21:11:19.094Z'
}
{
  message: 'Retry attempt 1 started',
  level: 'info',
  timestamp: '2025-08-12T21:11:28.207Z'
}
{
  message: 'Canceled subscription sub_1RvPTd2NDTqGR9XIt7hHbAjO',
  level: 'info',
  timestamp: '2025-08-12T21:11:28.921Z'
}
{
  message: 'Retry attempt 1 started',
  level: 'info',
  timestamp: '2025-08-12T21:11:28.922Z'
}
{
  message: 'Deleted customer cus_Sr7jm6GxdNpgb5',
  level: 'info',
  timestamp: '2025-08-12T21:11:29.390Z'
}
{
  message: '💻 Database connected successfully 💻',
  level: 'info',
  timestamp: '2025-08-12T21:12:42.265Z'
}
{
  message: '💻 Database connected successfully 💻',
  level: 'info',
  timestamp: '2025-08-12T21:13:09.408Z'
}
{
  message: 'Retry attempt 1 started',
  level: 'info',
  timestamp: '2025-08-12T21:13:24.831Z'
}
{
  message: 'Canceled subscription sub_1RvPVW2NDTqGR9XIMWooa5vU',
  level: 'info',
  timestamp: '2025-08-12T21:13:25.609Z'
}
{
  message: 'Retry attempt 1 started',
  level: 'info',
  timestamp: '2025-08-12T21:13:25.612Z'
}
{
  message: 'Deleted customer cus_Sr7kuwfI4cqN7c',
  level: 'info',
  timestamp: '2025-08-12T21:13:26.223Z'
}
{
  message: '💻 Database connected successfully 💻',
  level: 'info',
  timestamp: '2025-08-12T21:14:00.776Z'
}
