{
  message: '💻 Database connected successfully 💻',
  level: 'info',
  timestamp: '2025-09-08T20:03:49.634Z'
}
{
  message: '💻 Database connected successfully 💻',
  level: 'info',
  timestamp: '2025-09-08T20:06:12.416Z'
}
{
  message: '💻 Database connected successfully 💻',
  level: 'info',
  timestamp: '2025-09-08T20:08:56.268Z'
}
{
  message: '💻 Database connected successfully 💻',
  level: 'info',
  timestamp: '2025-09-08T20:09:03.670Z'
}
{
  message: 'Retry attempt 1 started for operation ',
  level: 'info',
  timestamp: '2025-09-08T20:09:14.788Z'
}
{
  message: 'Retry attempt 1 started for operation ',
  level: 'info',
  timestamp: '2025-09-08T20:09:15.644Z'
}
{
  message: 'Retry attempt 1 started for operation ',
  level: 'info',
  timestamp: '2025-09-08T20:09:16.443Z'
}
{
  message: 'Retry attempt 1 started for operation ',
  level: 'info',
  timestamp: '2025-09-08T20:09:17.252Z'
}
{
  message: 'Retry attempt 1 started for operation ',
  level: 'info',
  timestamp: '2025-09-08T20:09:18.067Z'
}
{
  message: 'Retry attempt 1 started for operation ',
  level: 'info',
  timestamp: '2025-09-08T20:09:19.093Z'
}
{
  message: 'Retry attempt 1 started for operation ',
  level: 'info',
  timestamp: '2025-09-08T20:09:23.769Z'
}
{
  message: 'Canceled subscription sub_1S5BNL2NDTqGR9XIt0vRIyBX',
  level: 'info',
  timestamp: '2025-09-08T20:09:24.730Z'
}
{
  message: 'Retry attempt 1 started for operation ',
  level: 'info',
  timestamp: '2025-09-08T20:09:24.730Z'
}
{
  message: 'Deleted customer cus_T1DokGwQ0w2MhE',
  level: 'info',
  timestamp: '2025-09-08T20:09:25.442Z'
}
{
  message: '💻 Database connected successfully 💻',
  level: 'info',
  timestamp: '2025-09-08T20:28:24.506Z'
}
{
  message: '💻 Database connected successfully 💻',
  level: 'info',
  timestamp: '2025-09-08T20:29:37.306Z'
}
{
  message: '💻 Database connected successfully 💻',
  level: 'info',
  timestamp: '2025-09-08T20:29:56.669Z'
}
{
  message: '💻 Database connected successfully 💻',
  level: 'info',
  timestamp: '2025-09-08T20:30:08.585Z'
}
{
  message: 'Retry attempt 1 started for operation ',
  level: 'info',
  timestamp: '2025-09-08T20:31:16.870Z'
}
{
  message: 'Retry attempt 1 started for operation ',
  level: 'info',
  timestamp: '2025-09-08T20:31:17.759Z'
}
{
  message: 'Retry attempt 1 started for operation ',
  level: 'info',
  timestamp: '2025-09-08T20:31:18.774Z'
}
{
  message: 'Retry attempt 1 started for operation ',
  level: 'info',
  timestamp: '2025-09-08T20:31:19.385Z'
}
{
  message: 'Retry attempt 1 started for operation ',
  level: 'info',
  timestamp: '2025-09-08T20:31:20.005Z'
}
{
  message: 'Retry attempt 1 started for operation ',
  level: 'info',
  timestamp: '2025-09-08T20:31:21.229Z'
}
{
  message: 'Retry attempt 1 started for operation ',
  level: 'info',
  timestamp: '2025-09-08T20:31:25.628Z'
}
{
  message: 'Canceled subscription sub_1S5Bif2NDTqGR9XIs3M9LcmD',
  level: 'info',
  timestamp: '2025-09-08T20:31:26.559Z'
}
{
  message: 'Retry attempt 1 started for operation ',
  level: 'info',
  timestamp: '2025-09-08T20:31:26.561Z'
}
{
  message: 'Deleted customer cus_T1EA65aqoaXZi2',
  level: 'info',
  timestamp: '2025-09-08T20:31:27.770Z'
}
{
  message: '💻 Database connected successfully 💻',
  level: 'info',
  timestamp: '2025-09-08T20:35:06.529Z'
}
{
  message: 'Retry attempt 1 started for operation ',
  level: 'info',
  timestamp: '2025-09-08T20:35:11.102Z'
}
{
  message: 'Retry attempt 1 started for operation ',
  level: 'info',
  timestamp: '2025-09-08T20:35:12.450Z'
}
{
  message: 'Retry attempt 1 started for operation ',
  level: 'info',
  timestamp: '2025-09-08T20:35:13.483Z'
}
{
  message: 'Retry attempt 1 started for operation ',
  level: 'info',
  timestamp: '2025-09-08T20:35:14.008Z'
}
{
  message: 'Retry attempt 1 started for operation ',
  level: 'info',
  timestamp: '2025-09-08T20:35:14.706Z'
}
{
  message: 'Retry attempt 1 started for operation ',
  level: 'info',
  timestamp: '2025-09-08T20:35:15.918Z'
}
{
  message: 'Retry attempt 1 started for operation ',
  level: 'info',
  timestamp: '2025-09-08T20:35:20.140Z'
}
{
  message: 'Canceled subscription sub_1S5BmS2NDTqGR9XIIzi6Kgzy',
  level: 'info',
  timestamp: '2025-09-08T20:35:21.052Z'
}
{
  message: 'Retry attempt 1 started for operation ',
  level: 'info',
  timestamp: '2025-09-08T20:35:21.054Z'
}
{
  message: 'Deleted customer cus_T1EEodkGFUwKQc',
  level: 'info',
  timestamp: '2025-09-08T20:35:22.076Z'
}
{
  message: '💻 Database connected successfully 💻',
  level: 'info',
  timestamp: '2025-09-08T20:48:58.210Z'
}
{
  message: '💻 Database connected successfully 💻',
  level: 'info',
  timestamp: '2025-09-08T20:53:04.103Z'
}
{
  message: '💻 Database connected successfully 💻',
  level: 'info',
  timestamp: '2025-09-08T20:55:33.300Z'
}
{
  message: '💻 Database connected successfully 💻',
  level: 'info',
  timestamp: '2025-09-08T20:56:28.267Z'
}
{
  message: '💻 Database connected successfully 💻',
  level: 'info',
  timestamp: '2025-09-08T20:57:01.013Z'
}
