{
  message: '💻 Database connected successfully 💻',
  level: 'info',
  timestamp: '2024-02-06T22:05:52.236Z'
}
{
  message: '💻 Database connected successfully 💻',
  level: 'info',
  timestamp: '2024-02-06T22:06:21.800Z'
}
{
  message: '💻 Database connected successfully 💻',
  level: 'info',
  timestamp: '2024-02-06T22:06:24.924Z'
}
{
  message: '💻 Database connected successfully 💻',
  level: 'info',
  timestamp: '2024-02-06T22:20:36.545Z'
}
{
  message: '💻 Database connected successfully 💻',
  level: 'info',
  timestamp: '2024-02-06T22:27:57.330Z'
}
{
  message: '💻 Database connected successfully 💻',
  level: 'info',
  timestamp: '2024-02-06T22:29:44.064Z'
}
{
  message: '💻 Database connected successfully 💻',
  level: 'info',
  timestamp: '2024-02-06T22:31:29.029Z'
}
