{
  message: 'Retry attempt 1 started',
  level: 'info',
  timestamp: '2025-08-12T12:50:00.300Z'
}
{
  type: 'StripeInvalidRequestError',
  raw: {
    message: 'The payment method you provided is not attached to a customer so detachment is impossible.',
    request_log_url: 'https://dashboard.stripe.com/test/logs/req_QbbKxqSYvrZGEZ?t=1755003000',
    type: 'invalid_request_error',
    headers: {
      server: 'nginx',
      date: 'Tue, 12 Aug 2025 12:50:00 GMT',
      'content-type': 'application/json',
      'content-length': '263',
      connection: 'keep-alive',
      'access-control-allow-credentials': 'true',
      'access-control-allow-methods': 'GET, HEAD, PUT, PATCH, POST, DELETE',
      'access-control-allow-origin': '*',
      'access-control-expose-headers': 'Request-Id, Stripe-Manage-Version, Stripe-Should-Retry, X-Stripe-External-Auth-Required, X-Stripe-Privileged-Session-Required',
      'access-control-max-age': '300',
      'cache-control': 'no-cache, no-store',
      'content-security-policy': "base-uri 'none'; default-src 'none'; form-action 'none'; frame-ancestors 'none'; img-src 'self'; script-src 'self' 'report-sample'; style-src 'self'; worker-src 'none'; upgrade-insecure-requests; report-uri https://q.stripe.com/csp-violation?q=X9uu5qHVohx0SMM7KSLQjsMa_ILOxunxl27rZLQuPCzRkK6BEjnahuptjvqgZ3bgCh7gnXRK6KZPlHco",
      'idempotency-key': 'stripe-node-retry-91256acc-c010-4d4b-abbd-faeea6387ddb',
      'original-request': 'req_QbbKxqSYvrZGEZ',
      'request-id': 'req_QbbKxqSYvrZGEZ',
      'stripe-version': '2025-06-30.basil',
      vary: 'Origin',
      'x-stripe-priority-routing-enabled': 'true',
      'x-stripe-routing-context-priority-tier': 'api-testmode',
      'x-wc': 'ABGHIJ',
      'strict-transport-security': 'max-age=63072000; includeSubDomains; preload'
    },
    statusCode: 400,
    requestId: 'req_QbbKxqSYvrZGEZ'
  },
  rawType: 'invalid_request_error',
  code: undefined,
  doc_url: undefined,
  param: undefined,
  detail: undefined,
  headers: {
    server: 'nginx',
    date: 'Tue, 12 Aug 2025 12:50:00 GMT',
    'content-type': 'application/json',
    'content-length': '263',
    connection: 'keep-alive',
    'access-control-allow-credentials': 'true',
    'access-control-allow-methods': 'GET, HEAD, PUT, PATCH, POST, DELETE',
    'access-control-allow-origin': '*',
    'access-control-expose-headers': 'Request-Id, Stripe-Manage-Version, Stripe-Should-Retry, X-Stripe-External-Auth-Required, X-Stripe-Privileged-Session-Required',
    'access-control-max-age': '300',
    'cache-control': 'no-cache, no-store',
    'content-security-policy': "base-uri 'none'; default-src 'none'; form-action 'none'; frame-ancestors 'none'; img-src 'self'; script-src 'self' 'report-sample'; style-src 'self'; worker-src 'none'; upgrade-insecure-requests; report-uri https://q.stripe.com/csp-violation?q=X9uu5qHVohx0SMM7KSLQjsMa_ILOxunxl27rZLQuPCzRkK6BEjnahuptjvqgZ3bgCh7gnXRK6KZPlHco",
    'idempotency-key': 'stripe-node-retry-91256acc-c010-4d4b-abbd-faeea6387ddb',
    'original-request': 'req_QbbKxqSYvrZGEZ',
    'request-id': 'req_QbbKxqSYvrZGEZ',
    'stripe-version': '2025-06-30.basil',
    vary: 'Origin',
    'x-stripe-priority-routing-enabled': 'true',
    'x-stripe-routing-context-priority-tier': 'api-testmode',
    'x-wc': 'ABGHIJ',
    'strict-transport-security': 'max-age=63072000; includeSubDomains; preload'
  },
  requestId: 'req_QbbKxqSYvrZGEZ',
  statusCode: 400,
  userMessage: undefined,
  charge: undefined,
  decline_code: undefined,
  payment_intent: undefined,
  payment_method: undefined,
  payment_method_type: undefined,
  setup_intent: undefined,
  source: undefined,
  level: 'error',
  message: 'Non-retryable error on attempt 1 The payment method you provided is not attached to a customer so detachment is impossible.',
  stack: 'Error: The payment method you provided is not attached to a customer so detachment is impossible.\n' +
    '    at generateV1Error (/home/imran/choiceidentity/choiceidentity-backend/node_modules/.pnpm/stripe@18.3.0_@types+node@24.1.0/node_modules/stripe/cjs/Error.js:11:20)\n' +
    '    at res.toJSON.then.Error_js_1.StripeAPIError.message (/home/imran/choiceidentity/choiceidentity-backend/node_modules/.pnpm/stripe@18.3.0_@types+node@24.1.0/node_modules/stripe/cjs/RequestSender.js:108:62)\n' +
    '    at processTicksAndRejections (node:internal/process/task_queues:105:5)',
  timestamp: '2025-08-12T12:50:01.551Z'
}
{
  type: 'StripeInvalidRequestError',
  raw: {
    message: 'The payment method you provided is not attached to a customer so detachment is impossible.',
    request_log_url: 'https://dashboard.stripe.com/test/logs/req_QbbKxqSYvrZGEZ?t=1755003000',
    type: 'invalid_request_error',
    headers: {
      server: 'nginx',
      date: 'Tue, 12 Aug 2025 12:50:00 GMT',
      'content-type': 'application/json',
      'content-length': '263',
      connection: 'keep-alive',
      'access-control-allow-credentials': 'true',
      'access-control-allow-methods': 'GET, HEAD, PUT, PATCH, POST, DELETE',
      'access-control-allow-origin': '*',
      'access-control-expose-headers': 'Request-Id, Stripe-Manage-Version, Stripe-Should-Retry, X-Stripe-External-Auth-Required, X-Stripe-Privileged-Session-Required',
      'access-control-max-age': '300',
      'cache-control': 'no-cache, no-store',
      'content-security-policy': "base-uri 'none'; default-src 'none'; form-action 'none'; frame-ancestors 'none'; img-src 'self'; script-src 'self' 'report-sample'; style-src 'self'; worker-src 'none'; upgrade-insecure-requests; report-uri https://q.stripe.com/csp-violation?q=X9uu5qHVohx0SMM7KSLQjsMa_ILOxunxl27rZLQuPCzRkK6BEjnahuptjvqgZ3bgCh7gnXRK6KZPlHco",
      'idempotency-key': 'stripe-node-retry-91256acc-c010-4d4b-abbd-faeea6387ddb',
      'original-request': 'req_QbbKxqSYvrZGEZ',
      'request-id': 'req_QbbKxqSYvrZGEZ',
      'stripe-version': '2025-06-30.basil',
      vary: 'Origin',
      'x-stripe-priority-routing-enabled': 'true',
      'x-stripe-routing-context-priority-tier': 'api-testmode',
      'x-wc': 'ABGHIJ',
      'strict-transport-security': 'max-age=63072000; includeSubDomains; preload'
    },
    statusCode: 400,
    requestId: 'req_QbbKxqSYvrZGEZ'
  },
  rawType: 'invalid_request_error',
  code: undefined,
  doc_url: undefined,
  param: undefined,
  detail: undefined,
  headers: {
    server: 'nginx',
    date: 'Tue, 12 Aug 2025 12:50:00 GMT',
    'content-type': 'application/json',
    'content-length': '263',
    connection: 'keep-alive',
    'access-control-allow-credentials': 'true',
    'access-control-allow-methods': 'GET, HEAD, PUT, PATCH, POST, DELETE',
    'access-control-allow-origin': '*',
    'access-control-expose-headers': 'Request-Id, Stripe-Manage-Version, Stripe-Should-Retry, X-Stripe-External-Auth-Required, X-Stripe-Privileged-Session-Required',
    'access-control-max-age': '300',
    'cache-control': 'no-cache, no-store',
    'content-security-policy': "base-uri 'none'; default-src 'none'; form-action 'none'; frame-ancestors 'none'; img-src 'self'; script-src 'self' 'report-sample'; style-src 'self'; worker-src 'none'; upgrade-insecure-requests; report-uri https://q.stripe.com/csp-violation?q=X9uu5qHVohx0SMM7KSLQjsMa_ILOxunxl27rZLQuPCzRkK6BEjnahuptjvqgZ3bgCh7gnXRK6KZPlHco",
    'idempotency-key': 'stripe-node-retry-91256acc-c010-4d4b-abbd-faeea6387ddb',
    'original-request': 'req_QbbKxqSYvrZGEZ',
    'request-id': 'req_QbbKxqSYvrZGEZ',
    'stripe-version': '2025-06-30.basil',
    vary: 'Origin',
    'x-stripe-priority-routing-enabled': 'true',
    'x-stripe-routing-context-priority-tier': 'api-testmode',
    'x-wc': 'ABGHIJ',
    'strict-transport-security': 'max-age=63072000; includeSubDomains; preload'
  },
  requestId: 'req_QbbKxqSYvrZGEZ',
  statusCode: 400,
  userMessage: undefined,
  charge: undefined,
  decline_code: undefined,
  payment_intent: undefined,
  payment_method: undefined,
  payment_method_type: undefined,
  setup_intent: undefined,
  source: undefined,
  level: 'error',
  message: 'Cleanup failed after retries The payment method you provided is not attached to a customer so detachment is impossible.',
  stack: 'Error: The payment method you provided is not attached to a customer so detachment is impossible.\n' +
    '    at generateV1Error (/home/imran/choiceidentity/choiceidentity-backend/node_modules/.pnpm/stripe@18.3.0_@types+node@24.1.0/node_modules/stripe/cjs/Error.js:11:20)\n' +
    '    at res.toJSON.then.Error_js_1.StripeAPIError.message (/home/imran/choiceidentity/choiceidentity-backend/node_modules/.pnpm/stripe@18.3.0_@types+node@24.1.0/node_modules/stripe/cjs/RequestSender.js:108:62)\n' +
    '    at processTicksAndRejections (node:internal/process/task_queues:105:5)',
  timestamp: '2025-08-12T12:50:01.557Z'
}
{
  index: 0,
  code: 11000,
  keyPattern: { key: 1 },
  keyValue: { key: '13a1d5af-4c90-4d0b-95e7-47a71159aca7' },
  level: 'error',
  message: 'Failed to store idempotency key: E11000 duplicate key error collection: choice-identity.idempotencykeys index: key_1 dup key: { key: "13a1d5af-4c90-4d0b-95e7-47a71159aca7" }',
  stack: 'MongoServerError: E11000 duplicate key error collection: choice-identity.idempotencykeys index: key_1 dup key: { key: "13a1d5af-4c90-4d0b-95e7-47a71159aca7" }\n' +
    '    at /home/imran/choiceidentity/choiceidentity-backend/node_modules/.pnpm/mongodb@5.9.2/node_modules/mongodb/src/operations/insert.ts:85:25\n' +
    '    at /home/imran/choiceidentity/choiceidentity-backend/node_modules/.pnpm/mongodb@5.9.2/node_modules/mongodb/src/operations/command.ts:173:14\n' +
    '    at processTicksAndRejections (node:internal/process/task_queues:105:5)',
  timestamp: '2025-08-12T12:50:01.690Z',
  [Symbol(errorLabels)]: Set(0) {}
}
