{
  message: '💻💻💻💻Database connected successfully | YAY',
  level: 'info',
  timestamp: '2024-02-06T18:02:42.782Z'
}
{
  message: '💻Database connected successfully 💻',
  level: 'info',
  timestamp: '2024-02-06T18:04:55.057Z'
}
{
  message: '💻 Database connected successfully 💻',
  level: 'info',
  timestamp: '2024-02-06T18:05:01.667Z'
}
{
  message: '💻 Database connected successfully 💻',
  level: 'info',
  timestamp: '2024-02-06T18:07:02.991Z'
}
{
  message: '💻 Database connected successfully 💻',
  level: 'info',
  timestamp: '2024-02-06T18:07:12.343Z'
}
{
  message: '💻💻💻💻Database connected successfully | YAY',
  level: 'info',
  timestamp: '2024-02-06T18:10:16.485Z'
}
{
  message: '💻 Database connected successfully 💻',
  level: 'info',
  timestamp: '2024-02-06T18:15:52.741Z'
}
{
  message: '💻 Database connected successfully 💻',
  level: 'info',
  timestamp: '2024-02-06T18:16:22.941Z'
}
{
  message: '💻 Database connected successfully 💻',
  level: 'info',
  timestamp: '2024-02-06T18:16:26.586Z'
}
{
  message: '💻 Database connected successfully 💻',
  level: 'info',
  timestamp: '2024-02-06T18:18:23.401Z'
}
{
  message: '💻 Database connected successfully 💻',
  level: 'info',
  timestamp: '2024-02-06T18:23:02.848Z'
}
{
  message: '💻 Database connected successfully 💻',
  level: 'info',
  timestamp: '2024-02-06T18:23:24.470Z'
}
{
  message: '💻 Database connected successfully 💻',
  level: 'info',
  timestamp: '2024-02-06T18:23:32.605Z'
}
{
  message: '💻 Database connected successfully 💻',
  level: 'info',
  timestamp: '2024-02-06T18:23:38.583Z'
}
{
  message: '💻 Database connected successfully 💻',
  level: 'info',
  timestamp: '2024-02-06T18:24:45.753Z'
}
{
  message: '💻 Database connected successfully 💻',
  level: 'info',
  timestamp: '2024-02-06T18:25:33.184Z'
}
{
  message: '💻 Database connected successfully 💻',
  level: 'info',
  timestamp: '2024-02-06T18:25:38.700Z'
}
{
  message: '💻 Database connected successfully 💻',
  level: 'info',
  timestamp: '2024-02-06T18:27:09.647Z'
}
{
  message: '💻 Database connected successfully 💻',
  level: 'info',
  timestamp: '2024-02-06T18:34:32.349Z'
}
{
  message: '💻 Database connected successfully 💻',
  level: 'info',
  timestamp: '2024-02-06T18:37:56.861Z'
}
{
  message: '💻 Database connected successfully 💻',
  level: 'info',
  timestamp: '2024-02-06T18:38:28.208Z'
}
{
  message: '💻 Database connected successfully 💻',
  level: 'info',
  timestamp: '2024-02-06T18:38:41.227Z'
}
{
  message: '💻 Database connected successfully 💻',
  level: 'info',
  timestamp: '2024-02-06T18:39:40.481Z'
}
{
  message: '💻 Database connected successfully 💻',
  level: 'info',
  timestamp: '2024-02-06T18:39:50.646Z'
}
{
  message: '💻 Database connected successfully 💻',
  level: 'info',
  timestamp: '2024-02-06T18:40:15.113Z'
}
{
  message: '💻 Database connected successfully 💻',
  level: 'info',
  timestamp: '2024-02-06T18:41:48.369Z'
}
{
  message: '💻 Database connected successfully 💻',
  level: 'info',
  timestamp: '2024-02-06T18:42:18.946Z'
}
{
  message: '💻 Database connected successfully 💻',
  level: 'info',
  timestamp: '2024-02-06T18:45:29.432Z'
}
{
  message: '💻 Database connected successfully 💻',
  level: 'info',
  timestamp: '2024-02-06T18:46:22.624Z'
}
{
  message: '💻 Database connected successfully 💻',
  level: 'info',
  timestamp: '2024-02-06T18:46:30.234Z'
}
{
  message: '💻 Database connected successfully 💻',
  level: 'info',
  timestamp: '2024-02-06T18:47:00.337Z'
}
{
  message: '💻 Database connected successfully 💻',
  level: 'info',
  timestamp: '2024-02-06T18:47:26.824Z'
}
{
  message: '💻 Database connected successfully 💻',
  level: 'info',
  timestamp: '2024-02-06T18:48:19.981Z'
}
