{
  message: '💻 Database connected successfully 💻',
  level: 'info',
  timestamp: '2024-02-06T21:00:03.781Z'
}
{
  message: '💻 Database connected successfully 💻',
  level: 'info',
  timestamp: '2024-02-06T21:00:30.116Z'
}
{
  message: '💻 Database connected successfully 💻',
  level: 'info',
  timestamp: '2024-02-06T21:01:35.567Z'
}
{
  message: '💻 Database connected successfully 💻',
  level: 'info',
  timestamp: '2024-02-06T21:02:34.415Z'
}
{
  message: '💻 Database connected successfully 💻',
  level: 'info',
  timestamp: '2024-02-06T21:03:35.147Z'
}
{
  message: '💻 Database connected successfully 💻',
  level: 'info',
  timestamp: '2024-02-06T21:05:10.532Z'
}
{
  message: '💻 Database connected successfully 💻',
  level: 'info',
  timestamp: '2024-02-06T21:12:39.912Z'
}
{
  message: '💻 Database connected successfully 💻',
  level: 'info',
  timestamp: '2024-02-06T21:12:59.695Z'
}
{
  message: '💻 Database connected successfully 💻',
  level: 'info',
  timestamp: '2024-02-06T21:13:32.102Z'
}
{
  message: '💻 Database connected successfully 💻',
  level: 'info',
  timestamp: '2024-02-06T21:15:19.611Z'
}
{
  message: '💻 Database connected successfully 💻',
  level: 'info',
  timestamp: '2024-02-06T21:15:32.667Z'
}
{
  message: '💻 Database connected successfully 💻',
  level: 'info',
  timestamp: '2024-02-06T21:15:46.715Z'
}
{
  message: '💻 Database connected successfully 💻',
  level: 'info',
  timestamp: '2024-02-06T21:16:03.690Z'
}
{
  message: '💻 Database connected successfully 💻',
  level: 'info',
  timestamp: '2024-02-06T21:18:23.298Z'
}
{
  message: '💻 Database connected successfully 💻',
  level: 'info',
  timestamp: '2024-02-06T21:18:35.852Z'
}
{
  message: '💻 Database connected successfully 💻',
  level: 'info',
  timestamp: '2024-02-06T21:18:46.206Z'
}
{
  message: '💻 Database connected successfully 💻',
  level: 'info',
  timestamp: '2024-02-06T21:24:32.171Z'
}
{
  message: '💻 Database connected successfully 💻',
  level: 'info',
  timestamp: '2024-02-06T21:29:38.182Z'
}
{
  message: '💻 Database connected successfully 💻',
  level: 'info',
  timestamp: '2024-02-06T21:41:06.629Z'
}
{
  message: '💻 Database connected successfully 💻',
  level: 'info',
  timestamp: '2024-02-06T21:41:26.792Z'
}
{
  message: '💻 Database connected successfully 💻',
  level: 'info',
  timestamp: '2024-02-06T21:43:59.329Z'
}
{
  message: '💻 Database connected successfully 💻',
  level: 'info',
  timestamp: '2024-02-06T21:46:37.627Z'
}
{
  message: '💻 Database connected successfully 💻',
  level: 'info',
  timestamp: '2024-02-06T21:48:51.051Z'
}
{
  message: '💻 Database connected successfully 💻',
  level: 'info',
  timestamp: '2024-02-06T21:49:20.230Z'
}
{
  message: '💻 Database connected successfully 💻',
  level: 'info',
  timestamp: '2024-02-06T21:50:37.125Z'
}
{
  message: '💻 Database connected successfully 💻',
  level: 'info',
  timestamp: '2024-02-06T21:50:48.268Z'
}
{
  message: '💻 Database connected successfully 💻',
  level: 'info',
  timestamp: '2024-02-06T21:52:00.087Z'
}
